-- The C compiler identification is AppleClang 13.1.6.13160021
-- The CXX compiler identification is AppleClang 13.1.6.13160021
-- Detecting C compiler ABI info
-- Detecting C compiler ABI info - done
-- Check for working C compiler: /Library/Developer/CommandLineTools/usr/bin/cc - skipped
-- Detecting C compile features
-- Detecting C compile features - done
-- Detecting CXX compiler ABI info
-- Detecting CXX compiler ABI info - done
-- Check for working CXX compiler: /Library/Developer/CommandLineTools/usr/bin/c++ - skipped
-- Detecting CXX compile features
-- Detecting CXX compile features - done
-- Using CATKIN_DEVEL_PREFIX: /Users/shyoon11/matlab/ros/ros_to_pc/custom_msgs/matlab_msg_gen_ros1/maci64/devel
-- Using CMAKE_PREFIX_PATH: /Applications/MATLAB_R2022b.app/sys/ros1/maci64/ros1;/Applications/MATLAB_R2022b.app/toolbox/ros/mlroscpp/custom_messages
-- This workspace overlays: /Applications/MATLAB_R2022b.app/sys/ros1/maci64/ros1;/Applications/MATLAB_R2022b.app/toolbox/ros/mlroscpp/custom_messages
-- Found PythonInterp: /Users/shyoon11/.matlab/R2022b/ros1/maci64/venv/bin/python3 (found suitable version "3.9.13", minimum required is "3") 
-- Using PYTHON_EXECUTABLE: /Users/shyoon11/.matlab/R2022b/ros1/maci64/venv/bin/python3
-- Using default Python package layout
-- Found PY_em: /Users/shyoon11/.matlab/R2022b/ros1/maci64/venv/lib/python3.9/site-packages/em.py  
-- Using empy: /Users/shyoon11/.matlab/R2022b/ros1/maci64/venv/lib/python3.9/site-packages/em.py
-- Using CATKIN_ENABLE_TESTING: off
-- catkin 0.8.10
-- BUILD_SHARED_LIBS is on
-- BUILD_SHARED_LIBS is on
-- ~~~~~~~~~~~~~~~~~~~~~~~~~~~~~~~~~~~~~~~~~~~~~~~~~
-- ~~  traversing 2 packages in topological order:
-- ~~  - decawave_uwb
-- ~~  - ublox_f9r
-- ~~~~~~~~~~~~~~~~~~~~~~~~~~~~~~~~~~~~~~~~~~~~~~~~~
-- +++ processing catkin package: 'decawave_uwb'
-- ==> add_subdirectory(decawave_uwb)
CMake Warning at /Applications/MATLAB_R2022b.app/sys/ros1/maci64/ros1/share/genmsg/cmake/genmsg-extras.cmake:49 (message):
  Unknown message generator specified in ROS_LANG_DISABLE: geneus
Call Stack (most recent call first):
  /Applications/MATLAB_R2022b.app/sys/ros1/maci64/ros1/share/genmsg/cmake/genmsgConfig.cmake:222 (include)
  /Applications/MATLAB_R2022b.app/sys/ros1/maci64/ros1/share/gencpp/cmake/gencppConfig.cmake:197 (find_package)
  /Applications/MATLAB_R2022b.app/sys/ros1/maci64/ros1/share/message_generation/cmake/message_generationConfig.cmake:197 (find_package)
  /Applications/MATLAB_R2022b.app/sys/ros1/maci64/ros1/share/catkin/cmake/catkinConfig.cmake:76 (find_package)
  decawave_uwb/CMakeLists.txt:20 (find_package)


CMake Warning at /Applications/MATLAB_R2022b.app/sys/ros1/maci64/ros1/share/genmsg/cmake/genmsg-extras.cmake:49 (message):
  Unknown message generator specified in ROS_LANG_DISABLE: genlisp
Call Stack (most recent call first):
  /Applications/MATLAB_R2022b.app/sys/ros1/maci64/ros1/share/genmsg/cmake/genmsgConfig.cmake:222 (include)
  /Applications/MATLAB_R2022b.app/sys/ros1/maci64/ros1/share/gencpp/cmake/gencppConfig.cmake:197 (find_package)
  /Applications/MATLAB_R2022b.app/sys/ros1/maci64/ros1/share/message_generation/cmake/message_generationConfig.cmake:197 (find_package)
  /Applications/MATLAB_R2022b.app/sys/ros1/maci64/ros1/share/catkin/cmake/catkinConfig.cmake:76 (find_package)
  decawave_uwb/CMakeLists.txt:20 (find_package)


CMake Warning at /Applications/MATLAB_R2022b.app/sys/ros1/maci64/ros1/share/genmsg/cmake/genmsg-extras.cmake:49 (message):
  Unknown message generator specified in ROS_LANG_DISABLE: gennodejs
Call Stack (most recent call first):
  /Applications/MATLAB_R2022b.app/sys/ros1/maci64/ros1/share/genmsg/cmake/genmsgConfig.cmake:222 (include)
  /Applications/MATLAB_R2022b.app/sys/ros1/maci64/ros1/share/gencpp/cmake/gencppConfig.cmake:197 (find_package)
  /Applications/MATLAB_R2022b.app/sys/ros1/maci64/ros1/share/message_generation/cmake/message_generationConfig.cmake:197 (find_package)
  /Applications/MATLAB_R2022b.app/sys/ros1/maci64/ros1/share/catkin/cmake/catkinConfig.cmake:76 (find_package)
  decawave_uwb/CMakeLists.txt:20 (find_package)


-- Using these message generators: gencpp;genpy
-- decawave_uwb: 1 messages, 0 services
-- +++ processing catkin package: 'ublox_f9r'
-- ==> add_subdirectory(ublox_f9r)
CMake Warning at /Applications/MATLAB_R2022b.app/sys/ros1/maci64/ros1/share/genmsg/cmake/genmsg-extras.cmake:49 (message):
  Unknown message generator specified in ROS_LANG_DISABLE: geneus
Call Stack (most recent call first):
  /Applications/MATLAB_R2022b.app/sys/ros1/maci64/ros1/share/genmsg/cmake/genmsgConfig.cmake:222 (include)
  /Applications/MATLAB_R2022b.app/sys/ros1/maci64/ros1/share/gencpp/cmake/gencppConfig.cmake:197 (find_package)
  /Applications/MATLAB_R2022b.app/sys/ros1/maci64/ros1/share/message_generation/cmake/message_generationConfig.cmake:197 (find_package)
  /Applications/MATLAB_R2022b.app/sys/ros1/maci64/ros1/share/catkin/cmake/catkinConfig.cmake:76 (find_package)
  ublox_f9r/CMakeLists.txt:20 (find_package)


CMake Warning at /Applications/MATLAB_R2022b.app/sys/ros1/maci64/ros1/share/genmsg/cmake/genmsg-extras.cmake:49 (message):
  Unknown message generator specified in ROS_LANG_DISABLE: genlisp
Call Stack (most recent call first):
  /Applications/MATLAB_R2022b.app/sys/ros1/maci64/ros1/share/genmsg/cmake/genmsgConfig.cmake:222 (include)
  /Applications/MATLAB_R2022b.app/sys/ros1/maci64/ros1/share/gencpp/cmake/gencppConfig.cmake:197 (find_package)
  /Applications/MATLAB_R2022b.app/sys/ros1/maci64/ros1/share/message_generation/cmake/message_generationConfig.cmake:197 (find_package)
  /Applications/MATLAB_R2022b.app/sys/ros1/maci64/ros1/share/catkin/cmake/catkinConfig.cmake:76 (find_package)
  ublox_f9r/CMakeLists.txt:20 (find_package)


CMake Warning at /Applications/MATLAB_R2022b.app/sys/ros1/maci64/ros1/share/genmsg/cmake/genmsg-extras.cmake:49 (message):
  Unknown message generator specified in ROS_LANG_DISABLE: gennodejs
Call Stack (most recent call first):
  /Applications/MATLAB_R2022b.app/sys/ros1/maci64/ros1/share/genmsg/cmake/genmsgConfig.cmake:222 (include)
  /Applications/MATLAB_R2022b.app/sys/ros1/maci64/ros1/share/gencpp/cmake/gencppConfig.cmake:197 (find_package)
  /Applications/MATLAB_R2022b.app/sys/ros1/maci64/ros1/share/message_generation/cmake/message_generationConfig.cmake:197 (find_package)
  /Applications/MATLAB_R2022b.app/sys/ros1/maci64/ros1/share/catkin/cmake/catkinConfig.cmake:76 (find_package)
  ublox_f9r/CMakeLists.txt:20 (find_package)


-- Using these message generators: gencpp;genpy
-- ublox_f9r: 1 messages, 0 services
-- Configuring done
-- Generating done
CMake Warning:
  Manually-specified variables were not used by the project:

    Boost_NAMESPACE


-- Build files have been written to: /Users/shyoon11/matlab/ros/ros_to_pc/custom_msgs/matlab_msg_gen_ros1/maci64/build
[1/13] cd /Users/shyoon11/matlab/ros/ros_to_pc/custom_msgs/matlab_msg_gen_ros1/maci64/build/decawave_uwb && /Users/shyoon11/matlab/ros/ros_to_pc/custom_msgs/matlab_msg_gen_ros1/maci64/build/catkin_generated/env_cached.sh /Users/shyoon11/.matlab/R2022b/ros1/maci64/venv/bin/python3 /Applications/MATLAB_R2022b.app/sys/ros1/maci64/ros1/share/genmsg/cmake/../../../lib/genmsg/genmsg_check_deps.py decawave_uwb /Users/shyoon11/matlab/ros/ros_to_pc/custom_msgs/matlab_msg_gen_ros1/maci64/src/decawave_uwb/msg/uwb_anchor.msg std_msgs/Header:geometry_msgs/Point:geometry_msgs/Quaternion:geometry_msgs/Pose
[2/13] cd /Users/shyoon11/matlab/ros/ros_to_pc/custom_msgs/matlab_msg_gen_ros1/maci64/build/ublox_f9r && /Users/shyoon11/matlab/ros/ros_to_pc/custom_msgs/matlab_msg_gen_ros1/maci64/build/catkin_generated/env_cached.sh /Users/shyoon11/.matlab/R2022b/ros1/maci64/venv/bin/python3 /Applications/MATLAB_R2022b.app/sys/ros1/maci64/ros1/share/genmsg/cmake/../../../lib/genmsg/genmsg_check_deps.py ublox_f9r /Users/shyoon11/matlab/ros/ros_to_pc/custom_msgs/matlab_msg_gen_ros1/maci64/src/ublox_f9r/msg/gnssPVT.msg std_msgs/Header
[3/13] Generating C++ code from decawave_uwb/uwb_anchor.msg
[4/13] Generating C++ code from ublox_f9r/gnssPVT.msg
[5/13] Generating Python from MSG decawave_uwb/uwb_anchor
[6/13] Generating Python from MSG ublox_f9r/gnssPVT
[7/13] Generating Python msg __init__.py for ublox_f9r
[8/13] Generating Python msg __init__.py for decawave_uwb
[9/13] Building CXX object ublox_f9r/CMakeFiles/ublox_f9r_matlab.dir/src/ublox_f9r_gnssPVT_message.cpp.o
[10/13] Building CXX object decawave_uwb/CMakeFiles/decawave_uwb_matlab.dir/src/decawave_uwb_uwb_anchor_message.cpp.o
[11/13] Linking CXX shared library /Users/shyoon11/matlab/ros/ros_to_pc/custom_msgs/matlab_msg_gen_ros1/maci64/devel/lib/libublox_f9r_matlab.dylib
[12/13] Linking CXX shared library /Users/shyoon11/matlab/ros/ros_to_pc/custom_msgs/matlab_msg_gen_ros1/maci64/devel/lib/libdecawave_uwb_matlab.dylib
[12/13] Install the project...
-- Install configuration: "Release"
-- Installing: /Users/shyoon11/matlab/ros/ros_to_pc/custom_msgs/matlab_msg_gen_ros1/maci64/install/_setup_util.py
-- Installing: /Users/shyoon11/matlab/ros/ros_to_pc/custom_msgs/matlab_msg_gen_ros1/maci64/install/env.sh
-- Installing: /Users/shyoon11/matlab/ros/ros_to_pc/custom_msgs/matlab_msg_gen_ros1/maci64/install/setup.bash
-- Installing: /Users/shyoon11/matlab/ros/ros_to_pc/custom_msgs/matlab_msg_gen_ros1/maci64/install/local_setup.bash
-- Installing: /Users/shyoon11/matlab/ros/ros_to_pc/custom_msgs/matlab_msg_gen_ros1/maci64/install/setup.sh
-- Installing: /Users/shyoon11/matlab/ros/ros_to_pc/custom_msgs/matlab_msg_gen_ros1/maci64/install/local_setup.sh
-- Installing: /Users/shyoon11/matlab/ros/ros_to_pc/custom_msgs/matlab_msg_gen_ros1/maci64/install/setup.zsh
-- Installing: /Users/shyoon11/matlab/ros/ros_to_pc/custom_msgs/matlab_msg_gen_ros1/maci64/install/local_setup.zsh
-- Installing: /Users/shyoon11/matlab/ros/ros_to_pc/custom_msgs/matlab_msg_gen_ros1/maci64/install/.rosinstall
-- Installing: /Users/shyoon11/matlab/ros/ros_to_pc/custom_msgs/matlab_msg_gen_ros1/maci64/install/share/decawave_uwb/msg/uwb_anchor.msg
-- Installing: /Users/shyoon11/matlab/ros/ros_to_pc/custom_msgs/matlab_msg_gen_ros1/maci64/install/share/decawave_uwb/cmake/decawave_uwb-msg-paths.cmake
-- Installing: /Users/shyoon11/matlab/ros/ros_to_pc/custom_msgs/matlab_msg_gen_ros1/maci64/install/include/decawave_uwb
-- Installing: /Users/shyoon11/matlab/ros/ros_to_pc/custom_msgs/matlab_msg_gen_ros1/maci64/install/include/decawave_uwb/uwb_anchor.h
Listing '/Users/shyoon11/matlab/ros/ros_to_pc/custom_msgs/matlab_msg_gen_ros1/maci64/devel/lib/python3.9/site-packages/decawave_uwb'...
Compiling '/Users/shyoon11/matlab/ros/ros_to_pc/custom_msgs/matlab_msg_gen_ros1/maci64/devel/lib/python3.9/site-packages/decawave_uwb/__init__.py'...
Listing '/Users/shyoon11/matlab/ros/ros_to_pc/custom_msgs/matlab_msg_gen_ros1/maci64/devel/lib/python3.9/site-packages/decawave_uwb/msg'...
Compiling '/Users/shyoon11/matlab/ros/ros_to_pc/custom_msgs/matlab_msg_gen_ros1/maci64/devel/lib/python3.9/site-packages/decawave_uwb/msg/__init__.py'...
Compiling '/Users/shyoon11/matlab/ros/ros_to_pc/custom_msgs/matlab_msg_gen_ros1/maci64/devel/lib/python3.9/site-packages/decawave_uwb/msg/_uwb_anchor.py'...
-- Installing: /Users/shyoon11/matlab/ros/ros_to_pc/custom_msgs/matlab_msg_gen_ros1/maci64/install/lib/python3.9/site-packages/decawave_uwb
-- Installing: /Users/shyoon11/matlab/ros/ros_to_pc/custom_msgs/matlab_msg_gen_ros1/maci64/install/lib/python3.9/site-packages/decawave_uwb/msg
-- Installing: /Users/shyoon11/matlab/ros/ros_to_pc/custom_msgs/matlab_msg_gen_ros1/maci64/install/lib/python3.9/site-packages/decawave_uwb/msg/_uwb_anchor.py
-- Installing: /Users/shyoon11/matlab/ros/ros_to_pc/custom_msgs/matlab_msg_gen_ros1/maci64/install/lib/python3.9/site-packages/decawave_uwb/msg/__init__.py
-- Installing: /Users/shyoon11/matlab/ros/ros_to_pc/custom_msgs/matlab_msg_gen_ros1/maci64/install/lib/python3.9/site-packages/decawave_uwb/msg/__pycache__
-- Installing: /Users/shyoon11/matlab/ros/ros_to_pc/custom_msgs/matlab_msg_gen_ros1/maci64/install/lib/python3.9/site-packages/decawave_uwb/msg/__pycache__/__init__.cpython-39.pyc
-- Installing: /Users/shyoon11/matlab/ros/ros_to_pc/custom_msgs/matlab_msg_gen_ros1/maci64/install/lib/python3.9/site-packages/decawave_uwb/msg/__pycache__/_uwb_anchor.cpython-39.pyc
-- Installing: /Users/shyoon11/matlab/ros/ros_to_pc/custom_msgs/matlab_msg_gen_ros1/maci64/install/lib/python3.9/site-packages/decawave_uwb/__init__.py
-- Installing: /Users/shyoon11/matlab/ros/ros_to_pc/custom_msgs/matlab_msg_gen_ros1/maci64/install/lib/python3.9/site-packages/decawave_uwb/__pycache__
-- Installing: /Users/shyoon11/matlab/ros/ros_to_pc/custom_msgs/matlab_msg_gen_ros1/maci64/install/lib/python3.9/site-packages/decawave_uwb/__pycache__/__init__.cpython-39.pyc
-- Installing: /Users/shyoon11/matlab/ros/ros_to_pc/custom_msgs/matlab_msg_gen_ros1/maci64/install/lib/pkgconfig/decawave_uwb.pc
-- Installing: /Users/shyoon11/matlab/ros/ros_to_pc/custom_msgs/matlab_msg_gen_ros1/maci64/install/share/decawave_uwb/cmake/decawave_uwb-msg-extras.cmake
-- Installing: /Users/shyoon11/matlab/ros/ros_to_pc/custom_msgs/matlab_msg_gen_ros1/maci64/install/share/decawave_uwb/cmake/decawave_uwbConfig.cmake
-- Installing: /Users/shyoon11/matlab/ros/ros_to_pc/custom_msgs/matlab_msg_gen_ros1/maci64/install/share/decawave_uwb/cmake/decawave_uwbConfig-version.cmake
-- Installing: /Users/shyoon11/matlab/ros/ros_to_pc/custom_msgs/matlab_msg_gen_ros1/maci64/install/share/decawave_uwb/package.xml
-- Up-to-date: /Users/shyoon11/matlab/ros/ros_to_pc/custom_msgs/matlab_msg_gen_ros1/maci64/install/include
-- Up-to-date: /Users/shyoon11/matlab/ros/ros_to_pc/custom_msgs/matlab_msg_gen_ros1/maci64/install/include/decawave_uwb
-- Installing: /Users/shyoon11/matlab/ros/ros_to_pc/custom_msgs/matlab_msg_gen_ros1/maci64/install/include/decawave_uwb/visibility_control.h
-- Installing: /Users/shyoon11/matlab/ros/ros_to_pc/custom_msgs/matlab_msg_gen_ros1/maci64/install/lib/libdecawave_uwb_matlab.dylib
-- Installing: /Users/shyoon11/matlab/ros/ros_to_pc/custom_msgs/matlab_msg_gen_ros1/maci64/install/m/
-- Installing: /Users/shyoon11/matlab/ros/ros_to_pc/custom_msgs/matlab_msg_gen_ros1/maci64/install/m//+ros
-- Installing: /Users/shyoon11/matlab/ros/ros_to_pc/custom_msgs/matlab_msg_gen_ros1/maci64/install/m//+ros/+internal
-- Installing: /Users/shyoon11/matlab/ros/ros_to_pc/custom_msgs/matlab_msg_gen_ros1/maci64/install/m//+ros/+internal/+ros
-- Installing: /Users/shyoon11/matlab/ros/ros_to_pc/custom_msgs/matlab_msg_gen_ros1/maci64/install/m//+ros/+internal/+ros/+custommessages
-- Installing: /Users/shyoon11/matlab/ros/ros_to_pc/custom_msgs/matlab_msg_gen_ros1/maci64/install/m//+ros/+internal/+ros/+custommessages/+decawave_uwb
-- Installing: /Users/shyoon11/matlab/ros/ros_to_pc/custom_msgs/matlab_msg_gen_ros1/maci64/install/m//+ros/+internal/+ros/+custommessages/+decawave_uwb/uwb_anchor.m
-- Installing: /Users/shyoon11/matlab/ros/ros_to_pc/custom_msgs/matlab_msg_gen_ros1/maci64/install/m//+ros/+msggen
-- Installing: /Users/shyoon11/matlab/ros/ros_to_pc/custom_msgs/matlab_msg_gen_ros1/maci64/install/m//+ros/+msggen/+decawave_uwb
-- Installing: /Users/shyoon11/matlab/ros/ros_to_pc/custom_msgs/matlab_msg_gen_ros1/maci64/install/m//+ros/+msggen/+decawave_uwb/uwb_anchor.m
-- Installing: /Users/shyoon11/matlab/ros/ros_to_pc/custom_msgs/matlab_msg_gen_ros1/maci64/install/share/ublox_f9r/msg/gnssPVT.msg
-- Installing: /Users/shyoon11/matlab/ros/ros_to_pc/custom_msgs/matlab_msg_gen_ros1/maci64/install/share/ublox_f9r/cmake/ublox_f9r-msg-paths.cmake
-- Installing: /Users/shyoon11/matlab/ros/ros_to_pc/custom_msgs/matlab_msg_gen_ros1/maci64/install/include/ublox_f9r
-- Installing: /Users/shyoon11/matlab/ros/ros_to_pc/custom_msgs/matlab_msg_gen_ros1/maci64/install/include/ublox_f9r/gnssPVT.h
Listing '/Users/shyoon11/matlab/ros/ros_to_pc/custom_msgs/matlab_msg_gen_ros1/maci64/devel/lib/python3.9/site-packages/ublox_f9r'...
Compiling '/Users/shyoon11/matlab/ros/ros_to_pc/custom_msgs/matlab_msg_gen_ros1/maci64/devel/lib/python3.9/site-packages/ublox_f9r/__init__.py'...
Listing '/Users/shyoon11/matlab/ros/ros_to_pc/custom_msgs/matlab_msg_gen_ros1/maci64/devel/lib/python3.9/site-packages/ublox_f9r/msg'...
Compiling '/Users/shyoon11/matlab/ros/ros_to_pc/custom_msgs/matlab_msg_gen_ros1/maci64/devel/lib/python3.9/site-packages/ublox_f9r/msg/__init__.py'...
Compiling '/Users/shyoon11/matlab/ros/ros_to_pc/custom_msgs/matlab_msg_gen_ros1/maci64/devel/lib/python3.9/site-packages/ublox_f9r/msg/_gnssPVT.py'...
-- Installing: /Users/shyoon11/matlab/ros/ros_to_pc/custom_msgs/matlab_msg_gen_ros1/maci64/install/lib/python3.9/site-packages/ublox_f9r
-- Installing: /Users/shyoon11/matlab/ros/ros_to_pc/custom_msgs/matlab_msg_gen_ros1/maci64/install/lib/python3.9/site-packages/ublox_f9r/msg
-- Installing: /Users/shyoon11/matlab/ros/ros_to_pc/custom_msgs/matlab_msg_gen_ros1/maci64/install/lib/python3.9/site-packages/ublox_f9r/msg/_gnssPVT.py
-- Installing: /Users/shyoon11/matlab/ros/ros_to_pc/custom_msgs/matlab_msg_gen_ros1/maci64/install/lib/python3.9/site-packages/ublox_f9r/msg/__init__.py
-- Installing: /Users/shyoon11/matlab/ros/ros_to_pc/custom_msgs/matlab_msg_gen_ros1/maci64/install/lib/python3.9/site-packages/ublox_f9r/msg/__pycache__
-- Installing: /Users/shyoon11/matlab/ros/ros_to_pc/custom_msgs/matlab_msg_gen_ros1/maci64/install/lib/python3.9/site-packages/ublox_f9r/msg/__pycache__/__init__.cpython-39.pyc
-- Installing: /Users/shyoon11/matlab/ros/ros_to_pc/custom_msgs/matlab_msg_gen_ros1/maci64/install/lib/python3.9/site-packages/ublox_f9r/msg/__pycache__/_gnssPVT.cpython-39.pyc
-- Installing: /Users/shyoon11/matlab/ros/ros_to_pc/custom_msgs/matlab_msg_gen_ros1/maci64/install/lib/python3.9/site-packages/ublox_f9r/__init__.py
-- Installing: /Users/shyoon11/matlab/ros/ros_to_pc/custom_msgs/matlab_msg_gen_ros1/maci64/install/lib/python3.9/site-packages/ublox_f9r/__pycache__
-- Installing: /Users/shyoon11/matlab/ros/ros_to_pc/custom_msgs/matlab_msg_gen_ros1/maci64/install/lib/python3.9/site-packages/ublox_f9r/__pycache__/__init__.cpython-39.pyc
-- Installing: /Users/shyoon11/matlab/ros/ros_to_pc/custom_msgs/matlab_msg_gen_ros1/maci64/install/lib/pkgconfig/ublox_f9r.pc
-- Installing: /Users/shyoon11/matlab/ros/ros_to_pc/custom_msgs/matlab_msg_gen_ros1/maci64/install/share/ublox_f9r/cmake/ublox_f9r-msg-extras.cmake
-- Installing: /Users/shyoon11/matlab/ros/ros_to_pc/custom_msgs/matlab_msg_gen_ros1/maci64/install/share/ublox_f9r/cmake/ublox_f9rConfig.cmake
-- Installing: /Users/shyoon11/matlab/ros/ros_to_pc/custom_msgs/matlab_msg_gen_ros1/maci64/install/share/ublox_f9r/cmake/ublox_f9rConfig-version.cmake
-- Installing: /Users/shyoon11/matlab/ros/ros_to_pc/custom_msgs/matlab_msg_gen_ros1/maci64/install/share/ublox_f9r/package.xml
-- Up-to-date: /Users/shyoon11/matlab/ros/ros_to_pc/custom_msgs/matlab_msg_gen_ros1/maci64/install/include
-- Up-to-date: /Users/shyoon11/matlab/ros/ros_to_pc/custom_msgs/matlab_msg_gen_ros1/maci64/install/include/ublox_f9r
-- Installing: /Users/shyoon11/matlab/ros/ros_to_pc/custom_msgs/matlab_msg_gen_ros1/maci64/install/include/ublox_f9r/visibility_control.h
-- Installing: /Users/shyoon11/matlab/ros/ros_to_pc/custom_msgs/matlab_msg_gen_ros1/maci64/install/lib/libublox_f9r_matlab.dylib
-- Up-to-date: /Users/shyoon11/matlab/ros/ros_to_pc/custom_msgs/matlab_msg_gen_ros1/maci64/install/m/
-- Up-to-date: /Users/shyoon11/matlab/ros/ros_to_pc/custom_msgs/matlab_msg_gen_ros1/maci64/install/m//+ros
-- Up-to-date: /Users/shyoon11/matlab/ros/ros_to_pc/custom_msgs/matlab_msg_gen_ros1/maci64/install/m//+ros/+internal
-- Up-to-date: /Users/shyoon11/matlab/ros/ros_to_pc/custom_msgs/matlab_msg_gen_ros1/maci64/install/m//+ros/+internal/+ros
-- Up-to-date: /Users/shyoon11/matlab/ros/ros_to_pc/custom_msgs/matlab_msg_gen_ros1/maci64/install/m//+ros/+internal/+ros/+custommessages
-- Installing: /Users/shyoon11/matlab/ros/ros_to_pc/custom_msgs/matlab_msg_gen_ros1/maci64/install/m//+ros/+internal/+ros/+custommessages/+ublox_f9r
-- Installing: /Users/shyoon11/matlab/ros/ros_to_pc/custom_msgs/matlab_msg_gen_ros1/maci64/install/m//+ros/+internal/+ros/+custommessages/+ublox_f9r/gnssPVT.m
-- Up-to-date: /Users/shyoon11/matlab/ros/ros_to_pc/custom_msgs/matlab_msg_gen_ros1/maci64/install/m//+ros/+msggen
-- Installing: /Users/shyoon11/matlab/ros/ros_to_pc/custom_msgs/matlab_msg_gen_ros1/maci64/install/m//+ros/+msggen/+ublox_f9r
-- Installing: /Users/shyoon11/matlab/ros/ros_to_pc/custom_msgs/matlab_msg_gen_ros1/maci64/install/m//+ros/+msggen/+ublox_f9r/gnssPVT.m
Base path: /Users/shyoon11/matlab/ros/ros_to_pc/custom_msgs/matlab_msg_gen_ros1/maci64
Source space: /Users/shyoon11/matlab/ros/ros_to_pc/custom_msgs/matlab_msg_gen_ros1/maci64/src
Build space: /Users/shyoon11/matlab/ros/ros_to_pc/custom_msgs/matlab_msg_gen_ros1/maci64/build
Devel space: /Users/shyoon11/matlab/ros/ros_to_pc/custom_msgs/matlab_msg_gen_ros1/maci64/devel
Install space: /Users/shyoon11/matlab/ros/ros_to_pc/custom_msgs/matlab_msg_gen_ros1/maci64/install
Creating symlink "/Users/shyoon11/matlab/ros/ros_to_pc/custom_msgs/matlab_msg_gen_ros1/maci64/src/CMakeLists.txt" pointing to "/Applications/MATLAB_R2022b.app/sys/ros1/maci64/ros1/share/catkin/cmake/toplevel.cmake"
####
#### Running command: "cmake /Users/shyoon11/matlab/ros/ros_to_pc/custom_msgs/matlab_msg_gen_ros1/maci64/src -DALIAS_ROS1_CLASS_LOADER=1 -DBoost_NAMESPACE=mwboost -DCATKIN_ENABLE_TESTING=off -DCMAKE_PREFIX_PATH=/Applications/MATLAB_R2022b.app/sys/ros1/maci64/ros1;/Applications/MATLAB_R2022b.app/toolbox/ros/mlroscpp/custom_messages -DCMAKE_BUILD_TYPE=Release -DCMAKE_CXX_FLAGS_RELEASE=-O0 -DCATKIN_DEVEL_PREFIX=/Users/shyoon11/matlab/ros/ros_to_pc/custom_msgs/matlab_msg_gen_ros1/maci64/devel -DCMAKE_INSTALL_PREFIX=/Users/shyoon11/matlab/ros/ros_to_pc/custom_msgs/matlab_msg_gen_ros1/maci64/install -G Ninja" in "/Users/shyoon11/matlab/ros/ros_to_pc/custom_msgs/matlab_msg_gen_ros1/maci64/build"
####
####
#### Running command: "ninja install install -j10 -l10" in "/Users/shyoon11/matlab/ros/ros_to_pc/custom_msgs/matlab_msg_gen_ros1/maci64/build"
####
