[01m[K/home/keti/catkin_ws/src/view/src/main.cpp:[m[K In function ‘[01m[Kvoid CPoseCallback(const ConstPtr&)[m[K’:
[01m[K/home/keti/catkin_ws/src/view/src/main.cpp:32:5:[m[K [01;31m[Kerror: [m[K‘[01m[Kset_cpose[m[K’ was not declared in this scope
   32 |     [01;31m[Kset_cpose[m[K(msg->pose.position.x, msg->pose.position.y, msg->pose.orientation.x, msg->pose.orientation.w);
      |     [01;31m[K^~~~~~~~~[m[K
[01m[K/home/keti/catkin_ws/src/view/src/main.cpp:[m[K In function ‘[01m[Kvoid* spinfor(void*)[m[K’:
[01m[K/home/keti/catkin_ws/src/view/src/main.cpp:60:9:[m[K [01;31m[Kerror: [m[K‘[01m[Kcpose_sub[m[K’ was not declared in this scope; did you mean ‘[01m[Kcpose_usb[m[K’?
   60 |         [01;31m[Kcpose_sub[m[K = nh.subscribe<geometry_msgs::PoseStamped>("/orb_slam3/camera_pose", 10, CPoseCallbabck);
      |         [01;31m[K^~~~~~~~~[m[K
      |         [32m[Kcpose_usb[m[K
[01m[K/home/keti/catkin_ws/src/view/src/main.cpp:60:92:[m[K [01;31m[Kerror: [m[K‘[01m[KCPoseCallbabck[m[K’ was not declared in this scope; did you mean ‘[01m[KCPoseCallback[m[K’?
   60 |         cpose_sub = nh.subscribe<geometry_msgs::PoseStamped>("/orb_slam3/camera_pose", 10, [01;31m[KCPoseCallbabck[m[K);
      |                                                                                            [01;31m[K^~~~~~~~~~~~~~[m[K
      |                                                                                            [32m[KCPoseCallback[m[K
[01m[K/home/keti/catkin_ws/src/view/src/main.cpp:76:1:[m[K [01;35m[Kwarning: [m[Kno return statement in function returning non-void [[01;35m[K-Wreturn-type[m[K]
   76 | [01;35m[K}[m[K
      | [01;35m[K^[m[K
[01m[K/home/keti/catkin_ws/src/view/src/main.cpp:[m[K In function ‘[01m[Kvoid* rx_cctv(void*)[m[K’:
[01m[K/home/keti/catkin_ws/src/view/src/main.cpp:127:1:[m[K [01;31m[Kerror: [m[Ka function-definition is not allowed here before ‘[01m[K{[m[K’ token
  127 | [01;31m[K{[m[K
      | [01;31m[K^[m[K
[01m[K/home/keti/catkin_ws/src/view/src/main.cpp:155:1:[m[K [01;31m[Kerror: [m[Ka function-definition is not allowed here before ‘[01m[K{[m[K’ token
  155 | [01;31m[K{[m[K
      | [01;31m[K^[m[K
[01m[K/home/keti/catkin_ws/src/view/src/main.cpp:185:1:[m[K [01;31m[Kerror: [m[Kexpected ‘[01m[K}[m[K’ at end of input
  185 | [01;31m[K}[m[K
      | [01;31m[K^[m[K
[01m[K/home/keti/catkin_ws/src/view/src/main.cpp:79:1:[m[K [01;36m[Knote: [m[Kto match this ‘[01m[K{[m[K’
   79 | [01;36m[K{[m[K
      | [01;36m[K^[m[K
[01m[K/home/keti/catkin_ws/src/view/src/main.cpp:185:1:[m[K [01;35m[Kwarning: [m[Kno return statement in function returning non-void [[01;35m[K-Wreturn-type[m[K]
  185 | [01;35m[K}[m[K
      | [01;35m[K^[m[K
make[2]: *** [CMakeFiles/view_node.dir/build.make:63: CMakeFiles/view_node.dir/src/main.cpp.o] Error 1
make[1]: *** [CMakeFiles/Makefile2:192: CMakeFiles/view_node.dir/all] Error 2
make: *** [Makefile:141: all] Error 2
