[01m[K/home/keti/catkin_ws/src/view/src/parking_map.c:[m[K In function ‘[01m[Ktrafficlight_init[m[K’:
[01m[K/home/keti/catkin_ws/src/view/src/parking_map.c:219:18:[m[K [01;35m[Kwarning: [m[Kassignment to ‘[01m[KGtkImage *[m[K’ {aka ‘[01m[Kstruct _GtkImage *[m[K’} from incompatible pointer type ‘[01m[KGtkWidget *[m[K’ {aka ‘[01m[Kstruct _GtkWidget *[m[K’} [[01;35m[K-Wincompatible-pointer-types[m[K]
  219 |     tlgImage_usd [01;35m[K=[m[K gtk_image_new_from_pixbuf(tlpixbuf_usd);
      |                  [01;35m[K^[m[K
[01m[K/home/keti/catkin_ws/src/view/src/parking_map.c:220:18:[m[K [01;35m[Kwarning: [m[Kassignment to ‘[01m[KGtkImage *[m[K’ {aka ‘[01m[Kstruct _GtkImage *[m[K’} from incompatible pointer type ‘[01m[KGtkWidget *[m[K’ {aka ‘[01m[Kstruct _GtkWidget *[m[K’} [[01;35m[K-Wincompatible-pointer-types[m[K]
  220 |     tlgImage_ccw [01;35m[K=[m[K gtk_image_new_from_pixbuf(tlpixbuf_ccw);
      |                  [01;35m[K^[m[K
[01m[K/home/keti/catkin_ws/src/view/src/parking_map.c:221:24:[m[K [01;35m[Kwarning: [m[Kassignment to ‘[01m[KGtkImage *[m[K’ {aka ‘[01m[Kstruct _GtkImage *[m[K’} from incompatible pointer type ‘[01m[KGtkWidget *[m[K’ {aka ‘[01m[Kstruct _GtkWidget *[m[K’} [[01;35m[K-Wincompatible-pointer-types[m[K]
  221 |     tlgImage_green_usd [01;35m[K=[m[K gtk_image_new_from_pixbuf(tlpixbuf_green_usd);
      |                        [01;35m[K^[m[K
[01m[K/home/keti/catkin_ws/src/view/src/parking_map.c:222:24:[m[K [01;35m[Kwarning: [m[Kassignment to ‘[01m[KGtkImage *[m[K’ {aka ‘[01m[Kstruct _GtkImage *[m[K’} from incompatible pointer type ‘[01m[KGtkWidget *[m[K’ {aka ‘[01m[Kstruct _GtkWidget *[m[K’} [[01;35m[K-Wincompatible-pointer-types[m[K]
  222 |     tlgImage_green_ccw [01;35m[K=[m[K gtk_image_new_from_pixbuf(tlpixbuf_green_ccw);
      |                        [01;35m[K^[m[K
[01m[K/home/keti/catkin_ws/src/view/src/parking_map.c:225:27:[m[K [01;35m[Kwarning: [m[Kpassing argument 2 of ‘[01m[Kgtk_fixed_put[m[K’ from incompatible pointer type [[01;35m[K-Wincompatible-pointer-types[m[K]
  225 |     gtk_fixed_put(gFixed, [01;35m[KtlgImage_usd[m[K, 1007, 604);
      |                           [01;35m[K^~~~~~~~~~~~[m[K
      |                           [01;35m[K|[m[K
      |                           [01;35m[KGtkImage * {aka struct _GtkImage *}[m[K
In file included from [01m[K/usr/include/gtk-3.0/gtk/gtk.h:101[m[K,
                 from [01m[K/home/keti/catkin_ws/src/view/src/parking_map.c:14[m[K:
[01m[K/usr/include/gtk-3.0/gtk/gtkfixed.h:83:57:[m[K [01;36m[Knote: [m[Kexpected ‘[01m[KGtkWidget *[m[K’ {aka ‘[01m[Kstruct _GtkWidget *[m[K’} but argument is of type ‘[01m[KGtkImage *[m[K’ {aka ‘[01m[Kstruct _GtkImage *[m[K’}
   83 |                                         [01;36m[KGtkWidget      *widget[m[K,
      |                                         [01;36m[K~~~~~~~~~~~~~~~~^~~~~~[m[K
[01m[K/home/keti/catkin_ws/src/view/src/parking_map.c:226:27:[m[K [01;35m[Kwarning: [m[Kpassing argument 2 of ‘[01m[Kgtk_fixed_put[m[K’ from incompatible pointer type [[01;35m[K-Wincompatible-pointer-types[m[K]
  226 |     gtk_fixed_put(gFixed, [01;35m[KtlgImage_green_usd[m[K, 1007, 604);
      |                           [01;35m[K^~~~~~~~~~~~~~~~~~[m[K
      |                           [01;35m[K|[m[K
      |                           [01;35m[KGtkImage * {aka struct _GtkImage *}[m[K
In file included from [01m[K/usr/include/gtk-3.0/gtk/gtk.h:101[m[K,
                 from [01m[K/home/keti/catkin_ws/src/view/src/parking_map.c:14[m[K:
[01m[K/usr/include/gtk-3.0/gtk/gtkfixed.h:83:57:[m[K [01;36m[Knote: [m[Kexpected ‘[01m[KGtkWidget *[m[K’ {aka ‘[01m[Kstruct _GtkWidget *[m[K’} but argument is of type ‘[01m[KGtkImage *[m[K’ {aka ‘[01m[Kstruct _GtkImage *[m[K’}
   83 |                                         [01;36m[KGtkWidget      *widget[m[K,
      |                                         [01;36m[K~~~~~~~~~~~~~~~~^~~~~~[m[K
[01m[K/home/keti/catkin_ws/src/view/src/parking_map.c:227:27:[m[K [01;35m[Kwarning: [m[Kpassing argument 2 of ‘[01m[Kgtk_fixed_put[m[K’ from incompatible pointer type [[01;35m[K-Wincompatible-pointer-types[m[K]
  227 |     gtk_fixed_put(gFixed, [01;35m[KtlgImage_ccw[m[K, 936, 510);
      |                           [01;35m[K^~~~~~~~~~~~[m[K
      |                           [01;35m[K|[m[K
      |                           [01;35m[KGtkImage * {aka struct _GtkImage *}[m[K
In file included from [01m[K/usr/include/gtk-3.0/gtk/gtk.h:101[m[K,
                 from [01m[K/home/keti/catkin_ws/src/view/src/parking_map.c:14[m[K:
[01m[K/usr/include/gtk-3.0/gtk/gtkfixed.h:83:57:[m[K [01;36m[Knote: [m[Kexpected ‘[01m[KGtkWidget *[m[K’ {aka ‘[01m[Kstruct _GtkWidget *[m[K’} but argument is of type ‘[01m[KGtkImage *[m[K’ {aka ‘[01m[Kstruct _GtkImage *[m[K’}
   83 |                                         [01;36m[KGtkWidget      *widget[m[K,
      |                                         [01;36m[K~~~~~~~~~~~~~~~~^~~~~~[m[K
[01m[K/home/keti/catkin_ws/src/view/src/parking_map.c:228:27:[m[K [01;35m[Kwarning: [m[Kpassing argument 2 of ‘[01m[Kgtk_fixed_put[m[K’ from incompatible pointer type [[01;35m[K-Wincompatible-pointer-types[m[K]
  228 |     gtk_fixed_put(gFixed, [01;35m[KtlgImage_green_ccw[m[K, 936, 510);
      |                           [01;35m[K^~~~~~~~~~~~~~~~~~[m[K
      |                           [01;35m[K|[m[K
      |                           [01;35m[KGtkImage * {aka struct _GtkImage *}[m[K
In file included from [01m[K/usr/include/gtk-3.0/gtk/gtk.h:101[m[K,
                 from [01m[K/home/keti/catkin_ws/src/view/src/parking_map.c:14[m[K:
[01m[K/usr/include/gtk-3.0/gtk/gtkfixed.h:83:57:[m[K [01;36m[Knote: [m[Kexpected ‘[01m[KGtkWidget *[m[K’ {aka ‘[01m[Kstruct _GtkWidget *[m[K’} but argument is of type ‘[01m[KGtkImage *[m[K’ {aka ‘[01m[Kstruct _GtkImage *[m[K’}
   83 |                                         [01;36m[KGtkWidget      *widget[m[K,
      |                                         [01;36m[K~~~~~~~~~~~~~~~~^~~~~~[m[K
[01m[K/home/keti/catkin_ws/src/view/src/parking_map.c:[m[K In function ‘[01m[Kcallback_timer[m[K’:
[01m[K/home/keti/catkin_ws/src/view/src/parking_map.c:239:5:[m[K [01;35m[Kwarning: [m[K‘[01m[Kgtk_widget_get_pointer[m[K’ is deprecated: Use 'gdk_window_get_device_position' instead [[01;35m[K-Wdeprecated-declarations[m[K]
  239 |     [01;35m[Kgtk_widget_get_pointer[m[K(gApp, &x, &y);
      |     [01;35m[K^~~~~~~~~~~~~~~~~~~~~~[m[K
In file included from [01m[K/usr/include/gtk-3.0/gtk/gtkapplication.h:27[m[K,
                 from [01m[K/usr/include/gtk-3.0/gtk/gtkwindow.h:33[m[K,
                 from [01m[K/usr/include/gtk-3.0/gtk/gtkdialog.h:32[m[K,
                 from [01m[K/usr/include/gtk-3.0/gtk/gtkaboutdialog.h:30[m[K,
                 from [01m[K/usr/include/gtk-3.0/gtk/gtk.h:31[m[K,
                 from [01m[K/home/keti/catkin_ws/src/view/src/parking_map.c:14[m[K:
[01m[K/usr/include/gtk-3.0/gtk/gtkwidget.h:1121:11:[m[K [01;36m[Knote: [m[Kdeclared here
 1121 | void      [01;36m[Kgtk_widget_get_pointer[m[K (GtkWidget *widget,
      |           [01;36m[K^~~~~~~~~~~~~~~~~~~~~~[m[K
[01m[K/home/keti/catkin_ws/src/view/src/parking_map.c:[m[K At top level:
[01m[K/home/keti/catkin_ws/src/view/src/parking_map.c:271:[m[K [01;35m[Kwarning: [m[K"CIRCLE_ENTRY_X" redefined
  271 | #define CIRCLE_ENTRY_X 1550
      | 
[01m[K/home/keti/catkin_ws/src/view/src/parking_map.c:31:[m[K [01;36m[Knote: [m[Kthis is the location of the previous definition
   31 | #define CIRCLE_ENTRY_X 1474
      | 
[01m[K/home/keti/catkin_ws/src/view/src/parking_map.c:272:[m[K [01;35m[Kwarning: [m[K"CIRCLE_TOP_Y" redefined
  272 | #define CIRCLE_TOP_Y 486.25
      | 
[01m[K/home/keti/catkin_ws/src/view/src/parking_map.c:32:[m[K [01;36m[Knote: [m[Kthis is the location of the previous definition
   32 | #define CIRCLE_TOP_Y 447
      | 
[01m[K/home/keti/catkin_ws/src/view/src/parking_map.c:282:1:[m[K [01;35m[Kwarning: [m[Kuseless storage class specifier in empty declaration
  282 | [01;35m[K}[m[K;
      | [01;35m[K^[m[K
[01m[K/home/keti/catkin_ws/src/view/src/parking_map.c:285:20:[m[K [01;31m[Kerror: [m[Kexpected ‘[01m[K=[m[K’, ‘[01m[K,[m[K’, ‘[01m[K;[m[K’, ‘[01m[Kasm[m[K’ or ‘[01m[K__attribute__[m[K’ before ‘[01m[Keuler_from_quaternion[m[K’
  285 | double euler_point [01;31m[Keuler_from_quaternion[m[K(double x, double y, double z, double w) {
      |                    [01;31m[K^~~~~~~~~~~~~~~~~~~~~[m[K
[01m[K/home/keti/catkin_ws/src/view/src/parking_map.c:[m[K In function ‘[01m[Kset_cpose[m[K’:
[01m[K/home/keti/catkin_ws/src/view/src/parking_map.c:317:10:[m[K [01;35m[Kwarning: [m[Kimplicit declaration of function ‘[01m[Keuler_from_quaternion[m[K’ [[01;35m[K-Wimplicit-function-declaration[m[K]
  317 |     ep = [01;35m[Keuler_from_quaternion[m[K(_x,_z,_y,-_w);
      |          [01;35m[K^~~~~~~~~~~~~~~~~~~~~[m[K
[01m[K/home/keti/catkin_ws/src/view/src/parking_map.c:317:10:[m[K [01;31m[Kerror: [m[Kincompatible types when assigning to type ‘[01m[Kstruct euler_point[m[K’ from type ‘[01m[Kint[m[K’
[01m[K/home/keti/catkin_ws/src/view/src/parking_map.c:322:18:[m[K [01;31m[Kerror: [m[K‘[01m[Kepp[m[K’ undeclared (first use in this function); did you mean ‘[01m[Kep[m[K’?
  322 |     printf("%f", [01;31m[Kepp[m[K.yaw);
      |                  [01;31m[K^~~[m[K
      |                  [32m[Kep[m[K
[01m[K/home/keti/catkin_ws/src/view/src/parking_map.c:322:18:[m[K [01;36m[Knote: [m[Keach undeclared identifier is reported only once for each function it appears in
make[2]: *** [CMakeFiles/view.dir/build.make:63: CMakeFiles/view.dir/src/parking_map.c.o] Error 1
make[1]: *** [CMakeFiles/Makefile2:243: CMakeFiles/view.dir/all] Error 2
make: *** [Makefile:141: all] Error 2
