[  0%] Built target std_msgs_generate_messages_eus
[  0%] Built target topic_tools_generate_messages_py
[  0%] Built target roscpp_generate_messages_cpp
[  0%] Built target rosgraph_msgs_generate_messages_eus
[  0%] Built target topic_tools_generate_messages_cpp
[  0%] Built target std_srvs_generate_messages_py
[  0%] Built target roscpp_generate_messages_nodejs
[  0%] Built target topic_tools_generate_messages_eus
[  0%] Built target roscpp_generate_messages_py
[  0%] Built target std_msgs_generate_messages_lisp
[  0%] Built target roscpp_generate_messages_eus
[  0%] Built target rosgraph_msgs_generate_messages_lisp
[  0%] Built target topic_tools_generate_messages_lisp
[  0%] Built target rosgraph_msgs_generate_messages_py
[  0%] Built target rosgraph_msgs_generate_messages_nodejs
[  0%] Built target std_srvs_generate_messages_cpp
[  0%] Built target roscpp_generate_messages_lisp
[  0%] Built target topic_tools_generate_messages_nodejs
[  0%] Built target std_msgs_generate_messages_cpp
[  0%] Built target std_msgs_generate_messages_py
[  0%] Built target rosgraph_msgs_generate_messages_cpp
[  0%] Built target std_srvs_generate_messages_eus
[  0%] Built target std_msgs_generate_messages_nodejs
[  0%] Built target std_srvs_generate_messages_lisp
[  0%] Built target std_srvs_generate_messages_nodejs
[ 37%] Built target view
[35m[1mScanning dependencies of target view_node[0m
[ 50%] [32mBuilding CXX object CMakeFiles/view_node.dir/src/main.cpp.o[0m
[01m[K/home/keti/catkin_ws/src/view/src/main.cpp:66:1:[m[K [01;35m[Kwarning: [m[K‘[01m[Ktypedef[m[K’ was ignored in this declaration
   66 | [01;35m[Ktypedef[m[K struct euler_point {
      | [01;35m[K^~~~~~~[m[K
[01m[K/home/keti/catkin_ws/src/view/src/main.cpp:[m[K In function ‘[01m[Kvoid* spinfor(void*)[m[K’:
[01m[K/home/keti/catkin_ws/src/view/src/main.cpp:177:1:[m[K [01;35m[Kwarning: [m[Kno return statement in function returning non-void [[01;35m[K]8;;https://gcc.gnu.org/onlinedocs/gcc/Warning-Options.html#index-Wreturn-type-Wreturn-type]8;;[m[K]
  177 | [01;35m[K}[m[K
      | [01;35m[K^[m[K
[01m[K/home/keti/catkin_ws/src/view/src/main.cpp:[m[K In function ‘[01m[Kvoid* rx_cctv(void*)[m[K’:
[01m[K/home/keti/catkin_ws/src/view/src/main.cpp:242:1:[m[K [01;35m[Kwarning: [m[Kno return statement in function returning non-void [[01;35m[K]8;;https://gcc.gnu.org/onlinedocs/gcc/Warning-Options.html#index-Wreturn-type-Wreturn-type]8;;[m[K]
  242 | [01;35m[K}[m[K
      | [01;35m[K^[m[K
[ 62%] [32m[1mLinking CXX executable /home/keti/catkin_ws/devel/.private/view/lib/view/view_node[0m
[100%] Built target view_node
