Symlinking /home/keti/catkin_ws/devel/share/gennodejs/ros/ipe/_index.js
Symlinking /home/keti/catkin_ws/devel/share/gennodejs/ros/ipe/msg/Anchor.js
Symlinking /home/keti/catkin_ws/devel/share/gennodejs/ros/ipe/msg/_index.js
Symlinking /home/keti/catkin_ws/devel/share/common-lisp/ros/ipe/msg/Anchor.lisp
Symlinking /home/keti/catkin_ws/devel/share/common-lisp/ros/ipe/msg/_package.lisp
Symlinking /home/keti/catkin_ws/devel/share/common-lisp/ros/ipe/msg/ipe-msg.asd
Symlinking /home/keti/catkin_ws/devel/share/common-lisp/ros/ipe/msg/_package_Anchor.lisp
Symlinking /home/keti/catkin_ws/devel/share/roseus/ros/ipe/manifest.l
Symlinking /home/keti/catkin_ws/devel/share/roseus/ros/ipe/msg/Anchor.l
Symlinking /home/keti/catkin_ws/devel/share/ipe/cmake/ipe-msg-extras.cmake
Symlinking /home/keti/catkin_ws/devel/share/ipe/cmake/ipeConfig-version.cmake
Symlinking /home/keti/catkin_ws/devel/share/ipe/cmake/ipe-msg-paths.cmake
Symlinking /home/keti/catkin_ws/devel/share/ipe/cmake/ipeConfig.cmake
Symlinking /home/keti/catkin_ws/devel/lib/libipe.so
Symlinking /home/keti/catkin_ws/devel/lib/pkgconfig/ipe.pc
Symlinking /home/keti/catkin_ws/devel/lib/python3/dist-packages/ipe/__init__.py
Symlinking /home/keti/catkin_ws/devel/lib/python3/dist-packages/ipe/msg/_Anchor.py
Symlinking /home/keti/catkin_ws/devel/lib/python3/dist-packages/ipe/msg/__init__.py
Symlinking /home/keti/catkin_ws/devel/lib/ipe/ipe_node
Symlinking /home/keti/catkin_ws/devel/include/ipe/Anchor.h
