[  0%] Built target rosgraph_msgs_generate_messages_eus
[  0%] Built target std_srvs_generate_messages_py
[  0%] Built target std_msgs_generate_messages_eus
[  0%] Built target std_msgs_generate_messages_lisp
[  0%] Built target std_msgs_generate_messages_cpp
[  0%] Built target topic_tools_generate_messages_eus
[  0%] Built target std_msgs_generate_messages_py
[  0%] Built target roscpp_generate_messages_cpp
[  0%] Built target topic_tools_generate_messages_cpp
[  0%] Built target topic_tools_generate_messages_py
[  0%] Built target std_msgs_generate_messages_nodejs
[  0%] Built target roscpp_generate_messages_py
[  0%] Built target roscpp_generate_messages_nodejs
[  0%] Built target rosgraph_msgs_generate_messages_py
[  0%] Built target _ipe_generate_messages_check_deps_Anchor
[  0%] Built target rosgraph_msgs_generate_messages_lisp
[  0%] Built target roscpp_generate_messages_lisp
[  0%] Built target topic_tools_generate_messages_lisp
[  0%] Built target rosgraph_msgs_generate_messages_nodejs
[  0%] Built target topic_tools_generate_messages_nodejs
[  0%] Built target roscpp_generate_messages_eus
[  0%] Built target std_srvs_generate_messages_eus
[  0%] Built target std_srvs_generate_messages_cpp
[  0%] Built target std_srvs_generate_messages_nodejs
[  0%] Built target std_srvs_generate_messages_lisp
[  4%] Built target ipe_generate_messages_py
[  4%] Built target rosgraph_msgs_generate_messages_cpp
[ 10%] Built target ipe_generate_messages_eus
[ 10%] Built target ipe_generate_messages_lisp
[ 12%] Built target ipe_generate_messages_cpp
[ 14%] Built target ipe_generate_messages_nodejs
[35m[1mScanning dependencies of target ipe[0m
[ 14%] Built target ipe_generate_messages
[ 17%] [32mBuilding CXX object CMakeFiles/ipe.dir/src/imusubscriber.cpp.o[0m
[ 19%] [32m[1mLinking CXX shared library /home/keti/catkin_ws/devel/.private/ipe/lib/libipe.so[0m
[ 95%] Built target ipe
[ 97%] [32m[1mLinking CXX executable /home/keti/catkin_ws/devel/.private/ipe/lib/ipe/ipe_node[0m
[100%] Built target ipe_node
