In file included from [01m[K/home/keti/catkin_ws/src/ipe/include/ipecallback.h:39[m[K,
                 from [01m[K/home/keti/catkin_ws/src/ipe/include/slamsubscriber.h:9[m[K,
                 from [01m[K/home/keti/catkin_ws/src/ipe/src/slamsubscriber.cpp:2[m[K:
[01m[K/home/keti/catkin_ws/src/ipe/include/ipedatapacket.h:[m[K In member function ‘[01m[Kbool IPEDataPacket::empty(std::string) const[m[K’:
[01m[K/home/keti/catkin_ws/src/ipe/include/ipedatapacket.h:162:17:[m[K [01;31m[Kerror: [m[K‘[01m[Kslam[m[K’ was not declared in this scope; did you mean ‘[01m[Kslam_x[m[K’?
  162 |                 [01;31m[Kslam[m[K.empty() ||
      |                 [01;31m[K^~~~[m[K
      |                 [32m[Kslam_x[m[K
In file included from [01m[K/home/keti/catkin_ws/src/ipe/include/ipecallback.h:39[m[K,
                 from [01m[K/home/keti/catkin_ws/src/ipe/src/ipecallback.cpp:34[m[K:
[01m[K/home/keti/catkin_ws/src/ipe/include/ipedatapacket.h:[m[K In member function ‘[01m[Kbool IPEDataPacket::empty(std::string) const[m[K’:
[01m[K/home/keti/catkin_ws/src/ipe/include/ipedatapacket.h:162:17:[m[K [01;31m[Kerror: [m[K‘[01m[Kslam[m[K’ was not declared in this scope; did you mean ‘[01m[Kslam_x[m[K’?
  162 |                 [01;31m[Kslam[m[K.empty() ||
      |                 [01;31m[K^~~~[m[K
      |                 [32m[Kslam_x[m[K
In file included from [01m[K/home/keti/catkin_ws/src/ipe/include/ipecallback.h:39[m[K,
                 from [01m[K/home/keti/catkin_ws/src/ipe/include/imusubscriber.h:43[m[K,
                 from [01m[K/home/keti/catkin_ws/src/ipe/src/imusubscriber.cpp:34[m[K:
[01m[K/home/keti/catkin_ws/src/ipe/include/ipedatapacket.h:[m[K In member function ‘[01m[Kbool IPEDataPacket::empty(std::string) const[m[K’:
[01m[K/home/keti/catkin_ws/src/ipe/include/ipedatapacket.h:162:17:[m[K [01;31m[Kerror: [m[K‘[01m[Kslam[m[K’ was not declared in this scope; did you mean ‘[01m[Kslam_x[m[K’?
  162 |                 [01;31m[Kslam[m[K.empty() ||
      |                 [01;31m[K^~~~[m[K
      |                 [32m[Kslam_x[m[K
In file included from [01m[K/home/keti/catkin_ws/src/ipe/include/ipecallback.h:39[m[K,
                 from [01m[K/home/keti/catkin_ws/src/ipe/include/uwbsubscriber.h:47[m[K,
                 from [01m[K/home/keti/catkin_ws/src/ipe/src/uwbsubscriber.cpp:33[m[K:
[01m[K/home/keti/catkin_ws/src/ipe/include/ipedatapacket.h:[m[K In member function ‘[01m[Kbool IPEDataPacket::empty(std::string) const[m[K’:
[01m[K/home/keti/catkin_ws/src/ipe/include/ipedatapacket.h:162:17:[m[K [01;31m[Kerror: [m[K‘[01m[Kslam[m[K’ was not declared in this scope; did you mean ‘[01m[Kslam_x[m[K’?
  162 |                 [01;31m[Kslam[m[K.empty() ||
      |                 [01;31m[K^~~~[m[K
      |                 [32m[Kslam_x[m[K
In file included from [01m[K/home/keti/catkin_ws/src/ipe/include/ipecallback.h:39[m[K,
                 from [01m[K/home/keti/catkin_ws/src/ipe/include/ipeinterface.h:50[m[K,
                 from [01m[K/home/keti/catkin_ws/src/ipe/src/ipeinterface.cpp:34[m[K:
[01m[K/home/keti/catkin_ws/src/ipe/include/ipedatapacket.h:[m[K In member function ‘[01m[Kbool IPEDataPacket::empty(std::string) const[m[K’:
[01m[K/home/keti/catkin_ws/src/ipe/include/ipedatapacket.h:162:17:[m[K [01;31m[Kerror: [m[K‘[01m[Kslam[m[K’ was not declared in this scope; did you mean ‘[01m[Kslam_x[m[K’?
  162 |                 [01;31m[Kslam[m[K.empty() ||
      |                 [01;31m[K^~~~[m[K
      |                 [32m[Kslam_x[m[K
In file included from [01m[K/home/keti/catkin_ws/src/ipe/include/ipecallback.h:39[m[K,
                 from [01m[K/home/keti/catkin_ws/src/ipe/include/ipeinterface.h:50[m[K,
                 from [01m[K/home/keti/catkin_ws/src/ipe/src/main.cpp:35[m[K:
[01m[K/home/keti/catkin_ws/src/ipe/include/ipedatapacket.h:[m[K In member function ‘[01m[Kbool IPEDataPacket::empty(std::string) const[m[K’:
[01m[K/home/keti/catkin_ws/src/ipe/include/ipedatapacket.h:162:17:[m[K [01;31m[Kerror: [m[K‘[01m[Kslam[m[K’ was not declared in this scope; did you mean ‘[01m[Kslam_x[m[K’?
  162 |                 [01;31m[Kslam[m[K.empty() ||
      |                 [01;31m[K^~~~[m[K
      |                 [32m[Kslam_x[m[K
make[2]: *** [CMakeFiles/ipe.dir/build.make:141: CMakeFiles/ipe.dir/src/slamsubscriber.cpp.o] Error 1
make[2]: *** Waiting for unfinished jobs....
make[2]: *** [CMakeFiles/ipe.dir/build.make:89: CMakeFiles/ipe.dir/src/ipecallback.cpp.o] Error 1
make[2]: *** [CMakeFiles/ipe.dir/build.make:128: CMakeFiles/ipe.dir/src/uwbsubscriber.cpp.o] Error 1
make[2]: *** [CMakeFiles/ipe.dir/build.make:76: CMakeFiles/ipe.dir/src/imusubscriber.cpp.o] Error 1
make[2]: *** [CMakeFiles/ipe.dir/build.make:102: CMakeFiles/ipe.dir/src/main.cpp.o] Error 1
make[2]: *** [CMakeFiles/ipe.dir/build.make:63: CMakeFiles/ipe.dir/src/ipeinterface.cpp.o] Error 1
make[1]: *** [CMakeFiles/Makefile2:1166: CMakeFiles/ipe.dir/all] Error 2
make: *** [Makefile:141: all] Error 2
