Linked: (/home/keti/catkin_ws/devel/.private/ipe/share/gennodejs/ros/ipe/_index.js, /home/keti/catkin_ws/devel/share/gennodejs/ros/ipe/_index.js)
Linked: (/home/keti/catkin_ws/devel/.private/ipe/share/gennodejs/ros/ipe/msg/Anchor.js, /home/keti/catkin_ws/devel/share/gennodejs/ros/ipe/msg/Anchor.js)
Linked: (/home/keti/catkin_ws/devel/.private/ipe/share/gennodejs/ros/ipe/msg/_index.js, /home/keti/catkin_ws/devel/share/gennodejs/ros/ipe/msg/_index.js)
Linked: (/home/keti/catkin_ws/devel/.private/ipe/share/common-lisp/ros/ipe/msg/Anchor.lisp, /home/keti/catkin_ws/devel/share/common-lisp/ros/ipe/msg/Anchor.lisp)
Linked: (/home/keti/catkin_ws/devel/.private/ipe/share/common-lisp/ros/ipe/msg/_package.lisp, /home/keti/catkin_ws/devel/share/common-lisp/ros/ipe/msg/_package.lisp)
Linked: (/home/keti/catkin_ws/devel/.private/ipe/share/common-lisp/ros/ipe/msg/ipe-msg.asd, /home/keti/catkin_ws/devel/share/common-lisp/ros/ipe/msg/ipe-msg.asd)
Linked: (/home/keti/catkin_ws/devel/.private/ipe/share/common-lisp/ros/ipe/msg/_package_Anchor.lisp, /home/keti/catkin_ws/devel/share/common-lisp/ros/ipe/msg/_package_Anchor.lisp)
Linked: (/home/keti/catkin_ws/devel/.private/ipe/share/roseus/ros/ipe/manifest.l, /home/keti/catkin_ws/devel/share/roseus/ros/ipe/manifest.l)
Linked: (/home/keti/catkin_ws/devel/.private/ipe/share/roseus/ros/ipe/msg/Anchor.l, /home/keti/catkin_ws/devel/share/roseus/ros/ipe/msg/Anchor.l)
Linked: (/home/keti/catkin_ws/devel/.private/ipe/share/ipe/cmake/ipe-msg-extras.cmake, /home/keti/catkin_ws/devel/share/ipe/cmake/ipe-msg-extras.cmake)
Linked: (/home/keti/catkin_ws/devel/.private/ipe/share/ipe/cmake/ipeConfig-version.cmake, /home/keti/catkin_ws/devel/share/ipe/cmake/ipeConfig-version.cmake)
Linked: (/home/keti/catkin_ws/devel/.private/ipe/share/ipe/cmake/ipe-msg-paths.cmake, /home/keti/catkin_ws/devel/share/ipe/cmake/ipe-msg-paths.cmake)
Linked: (/home/keti/catkin_ws/devel/.private/ipe/share/ipe/cmake/ipeConfig.cmake, /home/keti/catkin_ws/devel/share/ipe/cmake/ipeConfig.cmake)
Linked: (/home/keti/catkin_ws/devel/.private/ipe/lib/libipe.so, /home/keti/catkin_ws/devel/lib/libipe.so)
Linked: (/home/keti/catkin_ws/devel/.private/ipe/lib/pkgconfig/ipe.pc, /home/keti/catkin_ws/devel/lib/pkgconfig/ipe.pc)
Linked: (/home/keti/catkin_ws/devel/.private/ipe/lib/python3/dist-packages/ipe/__init__.py, /home/keti/catkin_ws/devel/lib/python3/dist-packages/ipe/__init__.py)
Linked: (/home/keti/catkin_ws/devel/.private/ipe/lib/python3/dist-packages/ipe/msg/_Anchor.py, /home/keti/catkin_ws/devel/lib/python3/dist-packages/ipe/msg/_Anchor.py)
Linked: (/home/keti/catkin_ws/devel/.private/ipe/lib/python3/dist-packages/ipe/msg/__init__.py, /home/keti/catkin_ws/devel/lib/python3/dist-packages/ipe/msg/__init__.py)
Linked: (/home/keti/catkin_ws/devel/.private/ipe/lib/ipe/ipe_node, /home/keti/catkin_ws/devel/lib/ipe/ipe_node)
Linked: (/home/keti/catkin_ws/devel/.private/ipe/include/ipe/Anchor.h, /home/keti/catkin_ws/devel/include/ipe/Anchor.h)
