Determining if the pthread_create exist failed with the following output:
Change Dir: /home/keti/0802/-K-AutoDrivingLocalization/src/positioning/keti_ws/build/CMakeFiles/CMakeTmp

Run Build Command:"/usr/bin/make" "cmTC_6a4cd/fast"
/usr/bin/make -f CMakeFiles/cmTC_6a4cd.dir/build.make CMakeFiles/cmTC_6a4cd.dir/build
make[1]: Entering directory '/home/keti/0802/-K-AutoDrivingLocalization/src/positioning/keti_ws/build/CMakeFiles/CMakeTmp'
Building C object CMakeFiles/cmTC_6a4cd.dir/CheckSymbolExists.c.o
/usr/bin/cc    -o CMakeFiles/cmTC_6a4cd.dir/CheckSymbolExists.c.o   -c /home/keti/0802/-K-AutoDrivingLocalization/src/positioning/keti_ws/build/CMakeFiles/CMakeTmp/CheckSymbolExists.c
Linking C executable cmTC_6a4cd
/usr/bin/cmake -E cmake_link_script CMakeFiles/cmTC_6a4cd.dir/link.txt --verbose=1
/usr/bin/cc      -rdynamic CMakeFiles/cmTC_6a4cd.dir/CheckSymbolExists.c.o  -o cmTC_6a4cd 
CMakeFiles/cmTC_6a4cd.dir/CheckSymbolExists.c.o: In function `main':
CheckSymbolExists.c:(.text+0x14): undefined reference to `pthread_create'
CheckSymbolExists.c:(.text+0x18): undefined reference to `pthread_create'
collect2: error: ld returned 1 exit status
CMakeFiles/cmTC_6a4cd.dir/build.make:97: recipe for target 'cmTC_6a4cd' failed
make[1]: *** [cmTC_6a4cd] Error 1
make[1]: Leaving directory '/home/keti/0802/-K-AutoDrivingLocalization/src/positioning/keti_ws/build/CMakeFiles/CMakeTmp'
Makefile:126: recipe for target 'cmTC_6a4cd/fast' failed
make: *** [cmTC_6a4cd/fast] Error 2

File /home/keti/0802/-K-AutoDrivingLocalization/src/positioning/keti_ws/build/CMakeFiles/CMakeTmp/CheckSymbolExists.c:
/* */
#include <pthread.h>

int main(int argc, char** argv)
{
  (void)argv;
#ifndef pthread_create
  return ((int*)(&pthread_create))[argc];
#else
  (void)argc;
  return 0;
#endif
}

Determining if the function pthread_create exists in the pthreads failed with the following output:
Change Dir: /home/keti/0802/-K-AutoDrivingLocalization/src/positioning/keti_ws/build/CMakeFiles/CMakeTmp

Run Build Command:"/usr/bin/make" "cmTC_6d1b2/fast"
/usr/bin/make -f CMakeFiles/cmTC_6d1b2.dir/build.make CMakeFiles/cmTC_6d1b2.dir/build
make[1]: Entering directory '/home/keti/0802/-K-AutoDrivingLocalization/src/positioning/keti_ws/build/CMakeFiles/CMakeTmp'
Building C object CMakeFiles/cmTC_6d1b2.dir/CheckFunctionExists.c.o
/usr/bin/cc   -DCHECK_FUNCTION_EXISTS=pthread_create   -o CMakeFiles/cmTC_6d1b2.dir/CheckFunctionExists.c.o   -c /usr/share/cmake-3.10/Modules/CheckFunctionExists.c
Linking C executable cmTC_6d1b2
/usr/bin/cmake -E cmake_link_script CMakeFiles/cmTC_6d1b2.dir/link.txt --verbose=1
/usr/bin/cc  -DCHECK_FUNCTION_EXISTS=pthread_create    -rdynamic CMakeFiles/cmTC_6d1b2.dir/CheckFunctionExists.c.o  -o cmTC_6d1b2 -lpthreads 
/usr/bin/ld: cannot find -lpthreads
collect2: error: ld returned 1 exit status
CMakeFiles/cmTC_6d1b2.dir/build.make:97: recipe for target 'cmTC_6d1b2' failed
make[1]: *** [cmTC_6d1b2] Error 1
make[1]: Leaving directory '/home/keti/0802/-K-AutoDrivingLocalization/src/positioning/keti_ws/build/CMakeFiles/CMakeTmp'
Makefile:126: recipe for target 'cmTC_6d1b2/fast' failed
make: *** [cmTC_6d1b2/fast] Error 2


