[01m[K/home/keti/catkin_ws/src/viewer_slam/src/main.cpp:21:1:[m[K [01;35m[Kwarning: [m[K‘[01m[Ktypedef[m[K’ was ignored in this declaration
   21 | [01;35m[Ktypedef[m[K struct euler_point {
      | [01;35m[K^~~~~~~[m[K
[01m[K/home/keti/catkin_ws/src/viewer_slam/src/main.cpp:[m[K In function ‘[01m[Kvoid* spinfor(void*)[m[K’:
[01m[K/home/keti/catkin_ws/src/viewer_slam/src/main.cpp:98:56:[m[K [01;31m[Kerror: [m[Kexpected ‘[01m[K;[m[K’ before ‘[01m[Kviewer_pub[m[K’
   98 |         viewer_pose.pose.orientation.x = kanavi_heading
      |                                                        [01;31m[K^[m[K
      |                                                        [32m[K;[m[K
   99 | 
  100 |         [32m[Kviewer_pub[m[K.publish(viewer_pose);
      |         [32m[K~~~~~~~~~~[m[K                                      
[01m[K/home/keti/catkin_ws/src/viewer_slam/src/main.cpp:127:1:[m[K [01;35m[Kwarning: [m[Kno return statement in function returning non-void [[01;35m[K-Wreturn-type[m[K]
  127 | [01;35m[K}[m[K
      | [01;35m[K^[m[K
[01m[K/home/keti/catkin_ws/src/viewer_slam/src/main.cpp:[m[K In function ‘[01m[Kvoid* rx_cctv(void*)[m[K’:
[01m[K/home/keti/catkin_ws/src/viewer_slam/src/main.cpp:197:1:[m[K [01;35m[Kwarning: [m[Kno return statement in function returning non-void [[01;35m[K-Wreturn-type[m[K]
  197 | [01;35m[K}[m[K
      | [01;35m[K^[m[K
make[2]: *** [CMakeFiles/viewer_slam_node.dir/build.make:63: CMakeFiles/viewer_slam_node.dir/src/main.cpp.o] Error 1
make[1]: *** [CMakeFiles/Makefile2:192: CMakeFiles/viewer_slam_node.dir/all] Error 2
make: *** [Makefile:141: all] Error 2
