[01m[K/home/keti/catkin_ws/src/viewer_slam/src/parking_map.c:[m[K In function ‘[01m[Ktrafficlight_init[m[K’:
[01m[K/home/keti/catkin_ws/src/viewer_slam/src/parking_map.c:237:18:[m[K [01;35m[Kwarning: [m[Kassignment to ‘[01m[KGtkImage *[m[K’ {aka ‘[01m[Kstruct _GtkImage *[m[K’} from incompatible pointer type ‘[01m[KGtkWidget *[m[K’ {aka ‘[01m[Kstruct _GtkWidget *[m[K’} [[01;35m[K-Wincompatible-pointer-types[m[K]
  237 |     tlgImage_usd [01;35m[K=[m[K gtk_image_new_from_pixbuf(tlpixbuf_usd);
      |                  [01;35m[K^[m[K
[01m[K/home/keti/catkin_ws/src/viewer_slam/src/parking_map.c:238:18:[m[K [01;35m[Kwarning: [m[Kassignment to ‘[01m[KGtkImage *[m[K’ {aka ‘[01m[Kstruct _GtkImage *[m[K’} from incompatible pointer type ‘[01m[KGtkWidget *[m[K’ {aka ‘[01m[Kstruct _GtkWidget *[m[K’} [[01;35m[K-Wincompatible-pointer-types[m[K]
  238 |     tlgImage_ccw [01;35m[K=[m[K gtk_image_new_from_pixbuf(tlpixbuf_ccw);
      |                  [01;35m[K^[m[K
[01m[K/home/keti/catkin_ws/src/viewer_slam/src/parking_map.c:239:24:[m[K [01;35m[Kwarning: [m[Kassignment to ‘[01m[KGtkImage *[m[K’ {aka ‘[01m[Kstruct _GtkImage *[m[K’} from incompatible pointer type ‘[01m[KGtkWidget *[m[K’ {aka ‘[01m[Kstruct _GtkWidget *[m[K’} [[01;35m[K-Wincompatible-pointer-types[m[K]
  239 |     tlgImage_green_usd [01;35m[K=[m[K gtk_image_new_from_pixbuf(tlpixbuf_green_usd);
      |                        [01;35m[K^[m[K
[01m[K/home/keti/catkin_ws/src/viewer_slam/src/parking_map.c:240:24:[m[K [01;35m[Kwarning: [m[Kassignment to ‘[01m[KGtkImage *[m[K’ {aka ‘[01m[Kstruct _GtkImage *[m[K’} from incompatible pointer type ‘[01m[KGtkWidget *[m[K’ {aka ‘[01m[Kstruct _GtkWidget *[m[K’} [[01;35m[K-Wincompatible-pointer-types[m[K]
  240 |     tlgImage_green_ccw [01;35m[K=[m[K gtk_image_new_from_pixbuf(tlpixbuf_green_ccw);
      |                        [01;35m[K^[m[K
[01m[K/home/keti/catkin_ws/src/viewer_slam/src/parking_map.c:247:27:[m[K [01;35m[Kwarning: [m[Kpassing argument 2 of ‘[01m[Kgtk_fixed_put[m[K’ from incompatible pointer type [[01;35m[K-Wincompatible-pointer-types[m[K]
  247 |     gtk_fixed_put(gFixed, [01;35m[KtlgImage_usd[m[K, 1248, 585);
      |                           [01;35m[K^~~~~~~~~~~~[m[K
      |                           [01;35m[K|[m[K
      |                           [01;35m[KGtkImage * {aka struct _GtkImage *}[m[K
In file included from [01m[K/usr/include/gtk-3.0/gtk/gtk.h:101[m[K,
                 from [01m[K/home/keti/catkin_ws/src/viewer_slam/src/parking_map.c:14[m[K:
[01m[K/usr/include/gtk-3.0/gtk/gtkfixed.h:83:57:[m[K [01;36m[Knote: [m[Kexpected ‘[01m[KGtkWidget *[m[K’ {aka ‘[01m[Kstruct _GtkWidget *[m[K’} but argument is of type ‘[01m[KGtkImage *[m[K’ {aka ‘[01m[Kstruct _GtkImage *[m[K’}
   83 |                                         [01;36m[KGtkWidget      *widget[m[K,
      |                                         [01;36m[K~~~~~~~~~~~~~~~~^~~~~~[m[K
[01m[K/home/keti/catkin_ws/src/viewer_slam/src/parking_map.c:248:27:[m[K [01;35m[Kwarning: [m[Kpassing argument 2 of ‘[01m[Kgtk_fixed_put[m[K’ from incompatible pointer type [[01;35m[K-Wincompatible-pointer-types[m[K]
  248 |     gtk_fixed_put(gFixed, [01;35m[KtlgImage_green_usd[m[K, 1248, 585);
      |                           [01;35m[K^~~~~~~~~~~~~~~~~~[m[K
      |                           [01;35m[K|[m[K
      |                           [01;35m[KGtkImage * {aka struct _GtkImage *}[m[K
In file included from [01m[K/usr/include/gtk-3.0/gtk/gtk.h:101[m[K,
                 from [01m[K/home/keti/catkin_ws/src/viewer_slam/src/parking_map.c:14[m[K:
[01m[K/usr/include/gtk-3.0/gtk/gtkfixed.h:83:57:[m[K [01;36m[Knote: [m[Kexpected ‘[01m[KGtkWidget *[m[K’ {aka ‘[01m[Kstruct _GtkWidget *[m[K’} but argument is of type ‘[01m[KGtkImage *[m[K’ {aka ‘[01m[Kstruct _GtkImage *[m[K’}
   83 |                                         [01;36m[KGtkWidget      *widget[m[K,
      |                                         [01;36m[K~~~~~~~~~~~~~~~~^~~~~~[m[K
[01m[K/home/keti/catkin_ws/src/viewer_slam/src/parking_map.c:249:27:[m[K [01;35m[Kwarning: [m[Kpassing argument 2 of ‘[01m[Kgtk_fixed_put[m[K’ from incompatible pointer type [[01;35m[K-Wincompatible-pointer-types[m[K]
  249 |     gtk_fixed_put(gFixed, [01;35m[KtlgImage_ccw[m[K, 1153, 450);
      |                           [01;35m[K^~~~~~~~~~~~[m[K
      |                           [01;35m[K|[m[K
      |                           [01;35m[KGtkImage * {aka struct _GtkImage *}[m[K
In file included from [01m[K/usr/include/gtk-3.0/gtk/gtk.h:101[m[K,
                 from [01m[K/home/keti/catkin_ws/src/viewer_slam/src/parking_map.c:14[m[K:
[01m[K/usr/include/gtk-3.0/gtk/gtkfixed.h:83:57:[m[K [01;36m[Knote: [m[Kexpected ‘[01m[KGtkWidget *[m[K’ {aka ‘[01m[Kstruct _GtkWidget *[m[K’} but argument is of type ‘[01m[KGtkImage *[m[K’ {aka ‘[01m[Kstruct _GtkImage *[m[K’}
   83 |                                         [01;36m[KGtkWidget      *widget[m[K,
      |                                         [01;36m[K~~~~~~~~~~~~~~~~^~~~~~[m[K
[01m[K/home/keti/catkin_ws/src/viewer_slam/src/parking_map.c:250:27:[m[K [01;35m[Kwarning: [m[Kpassing argument 2 of ‘[01m[Kgtk_fixed_put[m[K’ from incompatible pointer type [[01;35m[K-Wincompatible-pointer-types[m[K]
  250 |     gtk_fixed_put(gFixed, [01;35m[KtlgImage_green_ccw[m[K, 1153, 450);
      |                           [01;35m[K^~~~~~~~~~~~~~~~~~[m[K
      |                           [01;35m[K|[m[K
      |                           [01;35m[KGtkImage * {aka struct _GtkImage *}[m[K
In file included from [01m[K/usr/include/gtk-3.0/gtk/gtk.h:101[m[K,
                 from [01m[K/home/keti/catkin_ws/src/viewer_slam/src/parking_map.c:14[m[K:
[01m[K/usr/include/gtk-3.0/gtk/gtkfixed.h:83:57:[m[K [01;36m[Knote: [m[Kexpected ‘[01m[KGtkWidget *[m[K’ {aka ‘[01m[Kstruct _GtkWidget *[m[K’} but argument is of type ‘[01m[KGtkImage *[m[K’ {aka ‘[01m[Kstruct _GtkImage *[m[K’}
   83 |                                         [01;36m[KGtkWidget      *widget[m[K,
      |                                         [01;36m[K~~~~~~~~~~~~~~~~^~~~~~[m[K
[01m[K/home/keti/catkin_ws/src/viewer_slam/src/parking_map.c:[m[K In function ‘[01m[Kcallback_timer[m[K’:
[01m[K/home/keti/catkin_ws/src/viewer_slam/src/parking_map.c:261:5:[m[K [01;35m[Kwarning: [m[K‘[01m[Kgtk_widget_get_pointer[m[K’ is deprecated: Use 'gdk_window_get_device_position' instead [[01;35m[K-Wdeprecated-declarations[m[K]
  261 |     [01;35m[Kgtk_widget_get_pointer[m[K(gApp, &x, &y);
      |     [01;35m[K^~~~~~~~~~~~~~~~~~~~~~[m[K
In file included from [01m[K/usr/include/gtk-3.0/gtk/gtkapplication.h:27[m[K,
                 from [01m[K/usr/include/gtk-3.0/gtk/gtkwindow.h:33[m[K,
                 from [01m[K/usr/include/gtk-3.0/gtk/gtkdialog.h:32[m[K,
                 from [01m[K/usr/include/gtk-3.0/gtk/gtkaboutdialog.h:30[m[K,
                 from [01m[K/usr/include/gtk-3.0/gtk/gtk.h:31[m[K,
                 from [01m[K/home/keti/catkin_ws/src/viewer_slam/src/parking_map.c:14[m[K:
[01m[K/usr/include/gtk-3.0/gtk/gtkwidget.h:1121:11:[m[K [01;36m[Knote: [m[Kdeclared here
 1121 | void      [01;36m[Kgtk_widget_get_pointer[m[K (GtkWidget *widget,
      |           [01;36m[K^~~~~~~~~~~~~~~~~~~~~~[m[K
[01m[K/home/keti/catkin_ws/src/viewer_slam/src/parking_map.c:[m[K At top level:
[01m[K/home/keti/catkin_ws/src/viewer_slam/src/parking_map.c:279:[m[K [01;35m[Kwarning: [m[K"CIRCLE_ENTRY_X" redefined
  279 | #define CIRCLE_ENTRY_X 1550
      | 
[01m[K/home/keti/catkin_ws/src/viewer_slam/src/parking_map.c:24:[m[K [01;36m[Knote: [m[Kthis is the location of the previous definition
   24 | #define CIRCLE_ENTRY_X 1474
      | 
[01m[K/home/keti/catkin_ws/src/viewer_slam/src/parking_map.c:280:[m[K [01;35m[Kwarning: [m[K"CIRCLE_TOP_Y" redefined
  280 | #define CIRCLE_TOP_Y 486.25
      | 
[01m[K/home/keti/catkin_ws/src/viewer_slam/src/parking_map.c:25:[m[K [01;36m[Knote: [m[Kthis is the location of the previous definition
   25 | #define CIRCLE_TOP_Y 447
      | 
[01m[K/home/keti/catkin_ws/src/viewer_slam/src/parking_map.c:290:1:[m[K [01;35m[Kwarning: [m[Kuseless storage class specifier in empty declaration
  290 | [01;35m[K}[m[K ;
      | [01;35m[K^[m[K
[01m[K/home/keti/catkin_ws/src/viewer_slam/src/parking_map.c:[m[K In function ‘[01m[Kset_slam_position[m[K’:
[01m[K/home/keti/catkin_ws/src/viewer_slam/src/parking_map.c:337:5:[m[K [01;35m[Kwarning: [m[Kimplicit declaration of function ‘[01m[Kposition_offset_slam[m[K’; did you mean ‘[01m[Kposition_offset_cctv[m[K’? [[01;35m[K-Wimplicit-function-declaration[m[K]
  337 |     [01;35m[Kposition_offset_slam[m[K(&uwb_x, &uwb_y);
      |     [01;35m[K^~~~~~~~~~~~~~~~~~~~[m[K
      |     [32m[Kposition_offset_cctv[m[K
[01m[K/home/keti/catkin_ws/src/viewer_slam/src/parking_map.c:[m[K At top level:
[01m[K/home/keti/catkin_ws/src/viewer_slam/src/parking_map.c:493:6:[m[K [01;35m[Kwarning: [m[Kconflicting types for ‘[01m[Kposition_offset_slam[m[K’
  493 | void [01;35m[Kposition_offset_slam[m[K(double *x, double *y){
      |      [01;35m[K^~~~~~~~~~~~~~~~~~~~[m[K
[01m[K/home/keti/catkin_ws/src/viewer_slam/src/parking_map.c:337:5:[m[K [01;36m[Knote: [m[Kprevious implicit declaration of ‘[01m[Kposition_offset_slam[m[K’ was here
  337 |     [01;36m[Kposition_offset_slam[m[K(&uwb_x, &uwb_y);
      |     [01;36m[K^~~~~~~~~~~~~~~~~~~~[m[K
[01m[K/home/keti/catkin_ws/src/viewer_slam/src/parking_map.c:[m[K In function ‘[01m[Kmap_init[m[K’:
[01m[K/home/keti/catkin_ws/src/viewer_slam/src/parking_map.c:763:5:[m[K [01;35m[Kwarning: [m[Kimplicit declaration of function ‘[01m[Kset_nego[m[K’ [[01;35m[K-Wimplicit-function-declaration[m[K]
  763 |     [01;35m[Kset_nego[m[K();
      |     [01;35m[K^~~~~~~~[m[K
[01m[K/home/keti/catkin_ws/src/viewer_slam/src/parking_map.c:[m[K At top level:
[01m[K/home/keti/catkin_ws/src/viewer_slam/src/parking_map.c:843:6:[m[K [01;35m[Kwarning: [m[Kconflicting types for ‘[01m[Kset_nego[m[K’
  843 | void [01;35m[Kset_nego[m[K()
      |      [01;35m[K^~~~~~~~[m[K
[01m[K/home/keti/catkin_ws/src/viewer_slam/src/parking_map.c:763:5:[m[K [01;36m[Knote: [m[Kprevious implicit declaration of ‘[01m[Kset_nego[m[K’ was here
  763 |     [01;36m[Kset_nego[m[K();
      |     [01;36m[K^~~~~~~~[m[K
[01m[K/home/keti/catkin_ws/src/viewer_slam/src/parking_map.c:[m[K In function ‘[01m[Kset_nego_label[m[K’:
[01m[K/home/keti/catkin_ws/src/viewer_slam/src/parking_map.c:913:24:[m[K [01;35m[Kwarning: [m[Kpassing argument 1 of ‘[01m[Kgtk_label_set_text[m[K’ from incompatible pointer type [[01;35m[K-Wincompatible-pointer-types[m[K]
  913 |     gtk_label_set_text([01;35m[KgNegoLabel[m[K, text);
      |                        [01;35m[K^~~~~~~~~~[m[K
      |                        [01;35m[K|[m[K
      |                        [01;35m[KGtkWidget * {aka struct _GtkWidget *}[m[K
In file included from [01m[K/usr/include/gtk-3.0/gtk/gtkaccellabel.h:35[m[K,
                 from [01m[K/usr/include/gtk-3.0/gtk/gtk.h:33[m[K,
                 from [01m[K/home/keti/catkin_ws/src/viewer_slam/src/parking_map.c:14[m[K:
[01m[K/usr/include/gtk-3.0/gtk/gtklabel.h:95:67:[m[K [01;36m[Knote: [m[Kexpected ‘[01m[KGtkLabel *[m[K’ {aka ‘[01m[Kstruct _GtkLabel *[m[K’} but argument is of type ‘[01m[KGtkWidget *[m[K’ {aka ‘[01m[Kstruct _GtkWidget *[m[K’}
   95 | void                  gtk_label_set_text          ([01;36m[KGtkLabel      *label[m[K,
      |                                                    [01;36m[K~~~~~~~~~~~~~~~^~~~~[m[K
[01m[K/home/keti/catkin_ws/src/viewer_slam/src/parking_map.c:[m[K In function ‘[01m[Kset_nego_label2[m[K’:
[01m[K/home/keti/catkin_ws/src/viewer_slam/src/parking_map.c:921:28:[m[K [01;35m[Kwarning: [m[Kpassing argument 1 of ‘[01m[Kgtk_label_set_text[m[K’ from incompatible pointer type [[01;35m[K-Wincompatible-pointer-types[m[K]
  921 |         gtk_label_set_text([01;35m[KgNegoLabel2[m[K, text);
      |                            [01;35m[K^~~~~~~~~~~[m[K
      |                            [01;35m[K|[m[K
      |                            [01;35m[KGtkWidget * {aka struct _GtkWidget *}[m[K
In file included from [01m[K/usr/include/gtk-3.0/gtk/gtkaccellabel.h:35[m[K,
                 from [01m[K/usr/include/gtk-3.0/gtk/gtk.h:33[m[K,
                 from [01m[K/home/keti/catkin_ws/src/viewer_slam/src/parking_map.c:14[m[K:
[01m[K/usr/include/gtk-3.0/gtk/gtklabel.h:95:67:[m[K [01;36m[Knote: [m[Kexpected ‘[01m[KGtkLabel *[m[K’ {aka ‘[01m[Kstruct _GtkLabel *[m[K’} but argument is of type ‘[01m[KGtkWidget *[m[K’ {aka ‘[01m[Kstruct _GtkWidget *[m[K’}
   95 | void                  gtk_label_set_text          ([01;36m[KGtkLabel      *label[m[K,
      |                                                    [01;36m[K~~~~~~~~~~~~~~~^~~~~[m[K
[01m[K/home/keti/catkin_ws/src/viewer_slam/src/parking_map.c:[m[K In function ‘[01m[Ktrafficlight_init[m[K’:
[01m[K/home/keti/catkin_ws/src/viewer_slam/src/parking_map.c:237:18:[m[K [01;35m[Kwarning: [m[Kassignment to ‘[01m[KGtkImage *[m[K’ {aka ‘[01m[Kstruct _GtkImage *[m[K’} from incompatible pointer type ‘[01m[KGtkWidget *[m[K’ {aka ‘[01m[Kstruct _GtkWidget *[m[K’} [[01;35m[K-Wincompatible-pointer-types[m[K]
  237 |     tlgImage_usd [01;35m[K=[m[K gtk_image_new_from_pixbuf(tlpixbuf_usd);
      |                  [01;35m[K^[m[K
[01m[K/home/keti/catkin_ws/src/viewer_slam/src/parking_map.c:238:18:[m[K [01;35m[Kwarning: [m[Kassignment to ‘[01m[KGtkImage *[m[K’ {aka ‘[01m[Kstruct _GtkImage *[m[K’} from incompatible pointer type ‘[01m[KGtkWidget *[m[K’ {aka ‘[01m[Kstruct _GtkWidget *[m[K’} [[01;35m[K-Wincompatible-pointer-types[m[K]
  238 |     tlgImage_ccw [01;35m[K=[m[K gtk_image_new_from_pixbuf(tlpixbuf_ccw);
      |                  [01;35m[K^[m[K
[01m[K/home/keti/catkin_ws/src/viewer_slam/src/parking_map.c:239:24:[m[K [01;35m[Kwarning: [m[Kassignment to ‘[01m[KGtkImage *[m[K’ {aka ‘[01m[Kstruct _GtkImage *[m[K’} from incompatible pointer type ‘[01m[KGtkWidget *[m[K’ {aka ‘[01m[Kstruct _GtkWidget *[m[K’} [[01;35m[K-Wincompatible-pointer-types[m[K]
  239 |     tlgImage_green_usd [01;35m[K=[m[K gtk_image_new_from_pixbuf(tlpixbuf_green_usd);
      |                        [01;35m[K^[m[K
[01m[K/home/keti/catkin_ws/src/viewer_slam/src/parking_map.c:240:24:[m[K [01;35m[Kwarning: [m[Kassignment to ‘[01m[KGtkImage *[m[K’ {aka ‘[01m[Kstruct _GtkImage *[m[K’} from incompatible pointer type ‘[01m[KGtkWidget *[m[K’ {aka ‘[01m[Kstruct _GtkWidget *[m[K’} [[01;35m[K-Wincompatible-pointer-types[m[K]
  240 |     tlgImage_green_ccw [01;35m[K=[m[K gtk_image_new_from_pixbuf(tlpixbuf_green_ccw);
      |                        [01;35m[K^[m[K
[01m[K/home/keti/catkin_ws/src/viewer_slam/src/parking_map.c:247:27:[m[K [01;35m[Kwarning: [m[Kpassing argument 2 of ‘[01m[Kgtk_fixed_put[m[K’ from incompatible pointer type [[01;35m[K-Wincompatible-pointer-types[m[K]
  247 |     gtk_fixed_put(gFixed, [01;35m[KtlgImage_usd[m[K, 1248, 585);
      |                           [01;35m[K^~~~~~~~~~~~[m[K
      |                           [01;35m[K|[m[K
      |                           [01;35m[KGtkImage * {aka struct _GtkImage *}[m[K
In file included from [01m[K/usr/include/gtk-3.0/gtk/gtk.h:101[m[K,
                 from [01m[K/home/keti/catkin_ws/src/viewer_slam/src/parking_map.c:14[m[K:
[01m[K/usr/include/gtk-3.0/gtk/gtkfixed.h:83:57:[m[K [01;36m[Knote: [m[Kexpected ‘[01m[KGtkWidget *[m[K’ {aka ‘[01m[Kstruct _GtkWidget *[m[K’} but argument is of type ‘[01m[KGtkImage *[m[K’ {aka ‘[01m[Kstruct _GtkImage *[m[K’}
   83 |                                         [01;36m[KGtkWidget      *widget[m[K,
      |                                         [01;36m[K~~~~~~~~~~~~~~~~^~~~~~[m[K
[01m[K/home/keti/catkin_ws/src/viewer_slam/src/parking_map.c:248:27:[m[K [01;35m[Kwarning: [m[Kpassing argument 2 of ‘[01m[Kgtk_fixed_put[m[K’ from incompatible pointer type [[01;35m[K-Wincompatible-pointer-types[m[K]
  248 |     gtk_fixed_put(gFixed, [01;35m[KtlgImage_green_usd[m[K, 1248, 585);
      |                           [01;35m[K^~~~~~~~~~~~~~~~~~[m[K
      |                           [01;35m[K|[m[K
      |                           [01;35m[KGtkImage * {aka struct _GtkImage *}[m[K
In file included from [01m[K/usr/include/gtk-3.0/gtk/gtk.h:101[m[K,
                 from [01m[K/home/keti/catkin_ws/src/viewer_slam/src/parking_map.c:14[m[K:
[01m[K/usr/include/gtk-3.0/gtk/gtkfixed.h:83:57:[m[K [01;36m[Knote: [m[Kexpected ‘[01m[KGtkWidget *[m[K’ {aka ‘[01m[Kstruct _GtkWidget *[m[K’} but argument is of type ‘[01m[KGtkImage *[m[K’ {aka ‘[01m[Kstruct _GtkImage *[m[K’}
   83 |                                         [01;36m[KGtkWidget      *widget[m[K,
      |                                         [01;36m[K~~~~~~~~~~~~~~~~^~~~~~[m[K
[01m[K/home/keti/catkin_ws/src/viewer_slam/src/parking_map.c:249:27:[m[K [01;35m[Kwarning: [m[Kpassing argument 2 of ‘[01m[Kgtk_fixed_put[m[K’ from incompatible pointer type [[01;35m[K-Wincompatible-pointer-types[m[K]
  249 |     gtk_fixed_put(gFixed, [01;35m[KtlgImage_ccw[m[K, 1153, 450);
      |                           [01;35m[K^~~~~~~~~~~~[m[K
      |                           [01;35m[K|[m[K
      |                           [01;35m[KGtkImage * {aka struct _GtkImage *}[m[K
In file included from [01m[K/usr/include/gtk-3.0/gtk/gtk.h:101[m[K,
                 from [01m[K/home/keti/catkin_ws/src/viewer_slam/src/parking_map.c:14[m[K:
[01m[K/usr/include/gtk-3.0/gtk/gtkfixed.h:83:57:[m[K [01;36m[Knote: [m[Kexpected ‘[01m[KGtkWidget *[m[K’ {aka ‘[01m[Kstruct _GtkWidget *[m[K’} but argument is of type ‘[01m[KGtkImage *[m[K’ {aka ‘[01m[Kstruct _GtkImage *[m[K’}
   83 |                                         [01;36m[KGtkWidget      *widget[m[K,
      |                                         [01;36m[K~~~~~~~~~~~~~~~~^~~~~~[m[K
[01m[K/home/keti/catkin_ws/src/viewer_slam/src/parking_map.c:250:27:[m[K [01;35m[Kwarning: [m[Kpassing argument 2 of ‘[01m[Kgtk_fixed_put[m[K’ from incompatible pointer type [[01;35m[K-Wincompatible-pointer-types[m[K]
  250 |     gtk_fixed_put(gFixed, [01;35m[KtlgImage_green_ccw[m[K, 1153, 450);
      |                           [01;35m[K^~~~~~~~~~~~~~~~~~[m[K
      |                           [01;35m[K|[m[K
      |                           [01;35m[KGtkImage * {aka struct _GtkImage *}[m[K
In file included from [01m[K/usr/include/gtk-3.0/gtk/gtk.h:101[m[K,
                 from [01m[K/home/keti/catkin_ws/src/viewer_slam/src/parking_map.c:14[m[K:
[01m[K/usr/include/gtk-3.0/gtk/gtkfixed.h:83:57:[m[K [01;36m[Knote: [m[Kexpected ‘[01m[KGtkWidget *[m[K’ {aka ‘[01m[Kstruct _GtkWidget *[m[K’} but argument is of type ‘[01m[KGtkImage *[m[K’ {aka ‘[01m[Kstruct _GtkImage *[m[K’}
   83 |                                         [01;36m[KGtkWidget      *widget[m[K,
      |                                         [01;36m[K~~~~~~~~~~~~~~~~^~~~~~[m[K
[01m[K/home/keti/catkin_ws/src/viewer_slam/src/parking_map.c:[m[K In function ‘[01m[Kcallback_timer[m[K’:
[01m[K/home/keti/catkin_ws/src/viewer_slam/src/parking_map.c:261:5:[m[K [01;35m[Kwarning: [m[K‘[01m[Kgtk_widget_get_pointer[m[K’ is deprecated: Use 'gdk_window_get_device_position' instead [[01;35m[K-Wdeprecated-declarations[m[K]
  261 |     [01;35m[Kgtk_widget_get_pointer[m[K(gApp, &x, &y);
      |     [01;35m[K^~~~~~~~~~~~~~~~~~~~~~[m[K
In file included from [01m[K/usr/include/gtk-3.0/gtk/gtkapplication.h:27[m[K,
                 from [01m[K/usr/include/gtk-3.0/gtk/gtkwindow.h:33[m[K,
                 from [01m[K/usr/include/gtk-3.0/gtk/gtkdialog.h:32[m[K,
                 from [01m[K/usr/include/gtk-3.0/gtk/gtkaboutdialog.h:30[m[K,
                 from [01m[K/usr/include/gtk-3.0/gtk/gtk.h:31[m[K,
                 from [01m[K/home/keti/catkin_ws/src/viewer_slam/src/parking_map.c:14[m[K:
[01m[K/usr/include/gtk-3.0/gtk/gtkwidget.h:1121:11:[m[K [01;36m[Knote: [m[Kdeclared here
 1121 | void      [01;36m[Kgtk_widget_get_pointer[m[K (GtkWidget *widget,
      |           [01;36m[K^~~~~~~~~~~~~~~~~~~~~~[m[K
[01m[K/home/keti/catkin_ws/src/viewer_slam/src/parking_map.c:[m[K At top level:
[01m[K/home/keti/catkin_ws/src/viewer_slam/src/parking_map.c:279:[m[K [01;35m[Kwarning: [m[K"CIRCLE_ENTRY_X" redefined
  279 | #define CIRCLE_ENTRY_X 1550
      | 
[01m[K/home/keti/catkin_ws/src/viewer_slam/src/parking_map.c:24:[m[K [01;36m[Knote: [m[Kthis is the location of the previous definition
   24 | #define CIRCLE_ENTRY_X 1474
      | 
[01m[K/home/keti/catkin_ws/src/viewer_slam/src/parking_map.c:280:[m[K [01;35m[Kwarning: [m[K"CIRCLE_TOP_Y" redefined
  280 | #define CIRCLE_TOP_Y 486.25
      | 
[01m[K/home/keti/catkin_ws/src/viewer_slam/src/parking_map.c:25:[m[K [01;36m[Knote: [m[Kthis is the location of the previous definition
   25 | #define CIRCLE_TOP_Y 447
      | 
[01m[K/home/keti/catkin_ws/src/viewer_slam/src/parking_map.c:290:1:[m[K [01;35m[Kwarning: [m[Kuseless storage class specifier in empty declaration
  290 | [01;35m[K}[m[K ;
      | [01;35m[K^[m[K
[01m[K/home/keti/catkin_ws/src/viewer_slam/src/parking_map.c:[m[K In function ‘[01m[Kset_slam_position[m[K’:
[01m[K/home/keti/catkin_ws/src/viewer_slam/src/parking_map.c:337:5:[m[K [01;35m[Kwarning: [m[Kimplicit declaration of function ‘[01m[Kposition_offset_slam[m[K’; did you mean ‘[01m[Kposition_offset_cctv[m[K’? [[01;35m[K-Wimplicit-function-declaration[m[K]
  337 |     [01;35m[Kposition_offset_slam[m[K(&uwb_x, &uwb_y);
      |     [01;35m[K^~~~~~~~~~~~~~~~~~~~[m[K
      |     [32m[Kposition_offset_cctv[m[K
[01m[K/home/keti/catkin_ws/src/viewer_slam/src/parking_map.c:[m[K At top level:
[01m[K/home/keti/catkin_ws/src/viewer_slam/src/parking_map.c:493:6:[m[K [01;35m[Kwarning: [m[Kconflicting types for ‘[01m[Kposition_offset_slam[m[K’
  493 | void [01;35m[Kposition_offset_slam[m[K(double *x, double *y){
      |      [01;35m[K^~~~~~~~~~~~~~~~~~~~[m[K
[01m[K/home/keti/catkin_ws/src/viewer_slam/src/parking_map.c:337:5:[m[K [01;36m[Knote: [m[Kprevious implicit declaration of ‘[01m[Kposition_offset_slam[m[K’ was here
  337 |     [01;36m[Kposition_offset_slam[m[K(&uwb_x, &uwb_y);
      |     [01;36m[K^~~~~~~~~~~~~~~~~~~~[m[K
[01m[K/home/keti/catkin_ws/src/viewer_slam/src/parking_map.c:[m[K In function ‘[01m[Kmap_init[m[K’:
[01m[K/home/keti/catkin_ws/src/viewer_slam/src/parking_map.c:763:5:[m[K [01;35m[Kwarning: [m[Kimplicit declaration of function ‘[01m[Kset_nego[m[K’ [[01;35m[K-Wimplicit-function-declaration[m[K]
  763 |     [01;35m[Kset_nego[m[K();
      |     [01;35m[K^~~~~~~~[m[K
[01m[K/home/keti/catkin_ws/src/viewer_slam/src/parking_map.c:[m[K At top level:
[01m[K/home/keti/catkin_ws/src/viewer_slam/src/parking_map.c:843:6:[m[K [01;35m[Kwarning: [m[Kconflicting types for ‘[01m[Kset_nego[m[K’
  843 | void [01;35m[Kset_nego[m[K()
      |      [01;35m[K^~~~~~~~[m[K
[01m[K/home/keti/catkin_ws/src/viewer_slam/src/parking_map.c:763:5:[m[K [01;36m[Knote: [m[Kprevious implicit declaration of ‘[01m[Kset_nego[m[K’ was here
  763 |     [01;36m[Kset_nego[m[K();
      |     [01;36m[K^~~~~~~~[m[K
[01m[K/home/keti/catkin_ws/src/viewer_slam/src/parking_map.c:[m[K In function ‘[01m[Kset_nego_label[m[K’:
[01m[K/home/keti/catkin_ws/src/viewer_slam/src/parking_map.c:913:24:[m[K [01;35m[Kwarning: [m[Kpassing argument 1 of ‘[01m[Kgtk_label_set_text[m[K’ from incompatible pointer type [[01;35m[K-Wincompatible-pointer-types[m[K]
  913 |     gtk_label_set_text([01;35m[KgNegoLabel[m[K, text);
      |                        [01;35m[K^~~~~~~~~~[m[K
      |                        [01;35m[K|[m[K
      |                        [01;35m[KGtkWidget * {aka struct _GtkWidget *}[m[K
In file included from [01m[K/usr/include/gtk-3.0/gtk/gtkaccellabel.h:35[m[K,
                 from [01m[K/usr/include/gtk-3.0/gtk/gtk.h:33[m[K,
                 from [01m[K/home/keti/catkin_ws/src/viewer_slam/src/parking_map.c:14[m[K:
[01m[K/usr/include/gtk-3.0/gtk/gtklabel.h:95:67:[m[K [01;36m[Knote: [m[Kexpected ‘[01m[KGtkLabel *[m[K’ {aka ‘[01m[Kstruct _GtkLabel *[m[K’} but argument is of type ‘[01m[KGtkWidget *[m[K’ {aka ‘[01m[Kstruct _GtkWidget *[m[K’}
   95 | void                  gtk_label_set_text          ([01;36m[KGtkLabel      *label[m[K,
      |                                                    [01;36m[K~~~~~~~~~~~~~~~^~~~~[m[K
[01m[K/home/keti/catkin_ws/src/viewer_slam/src/parking_map.c:[m[K In function ‘[01m[Kset_nego_label2[m[K’:
[01m[K/home/keti/catkin_ws/src/viewer_slam/src/parking_map.c:921:28:[m[K [01;35m[Kwarning: [m[Kpassing argument 1 of ‘[01m[Kgtk_label_set_text[m[K’ from incompatible pointer type [[01;35m[K-Wincompatible-pointer-types[m[K]
  921 |         gtk_label_set_text([01;35m[KgNegoLabel2[m[K, text);
      |                            [01;35m[K^~~~~~~~~~~[m[K
      |                            [01;35m[K|[m[K
      |                            [01;35m[KGtkWidget * {aka struct _GtkWidget *}[m[K
In file included from [01m[K/usr/include/gtk-3.0/gtk/gtkaccellabel.h:35[m[K,
                 from [01m[K/usr/include/gtk-3.0/gtk/gtk.h:33[m[K,
                 from [01m[K/home/keti/catkin_ws/src/viewer_slam/src/parking_map.c:14[m[K:
[01m[K/usr/include/gtk-3.0/gtk/gtklabel.h:95:67:[m[K [01;36m[Knote: [m[Kexpected ‘[01m[KGtkLabel *[m[K’ {aka ‘[01m[Kstruct _GtkLabel *[m[K’} but argument is of type ‘[01m[KGtkWidget *[m[K’ {aka ‘[01m[Kstruct _GtkWidget *[m[K’}
   95 | void                  gtk_label_set_text          ([01;36m[KGtkLabel      *label[m[K,
      |                                                    [01;36m[K~~~~~~~~~~~~~~~^~~~~[m[K
[01m[K/home/keti/catkin_ws/src/viewer_slam/src/main.cpp:26:1:[m[K [01;35m[Kwarning: [m[K‘[01m[Ktypedef[m[K’ was ignored in this declaration
   26 | [01;35m[Ktypedef[m[K struct euler_point {
      | [01;35m[K^~~~~~~[m[K
[01m[K/home/keti/catkin_ws/src/viewer_slam/src/main.cpp:[m[K In function ‘[01m[Kvoid* spinfor(void*)[m[K’:
[01m[K/home/keti/catkin_ws/src/viewer_slam/src/main.cpp:168:1:[m[K [01;35m[Kwarning: [m[Kno return statement in function returning non-void [[01;35m[K-Wreturn-type[m[K]
  168 | [01;35m[K}[m[K
      | [01;35m[K^[m[K
[01m[K/home/keti/catkin_ws/src/viewer_slam/src/main.cpp:[m[K In function ‘[01m[Kvoid* rx_cctv(void*)[m[K’:
[01m[K/home/keti/catkin_ws/src/viewer_slam/src/main.cpp:279:1:[m[K [01;35m[Kwarning: [m[Kno return statement in function returning non-void [[01;35m[K-Wreturn-type[m[K]
  279 | [01;35m[K}[m[K
      | [01;35m[K^[m[K
