Linked: (/home/keti/catkin_ws/devel/.private/localizer_zed_f9r/include/localizer_zed_f9r/Gyro.h, /home/keti/catkin_ws/devel/include/localizer_zed_f9r/Gyro.h)
Linked: (/home/keti/catkin_ws/devel/.private/localizer_zed_f9r/include/localizer_zed_f9r/GyroRequest.h, /home/keti/catkin_ws/devel/include/localizer_zed_f9r/GyroRequest.h)
Linked: (/home/keti/catkin_ws/devel/.private/localizer_zed_f9r/include/localizer_zed_f9r/AccResponse.h, /home/keti/catkin_ws/devel/include/localizer_zed_f9r/AccResponse.h)
Linked: (/home/keti/catkin_ws/devel/.private/localizer_zed_f9r/include/localizer_zed_f9r/ZED-F9R_Tune_SerialConfig.h, /home/keti/catkin_ws/devel/include/localizer_zed_f9r/ZED-F9R_Tune_SerialConfig.h)
Linked: (/home/keti/catkin_ws/devel/.private/localizer_zed_f9r/include/localizer_zed_f9r/Acc.h, /home/keti/catkin_ws/devel/include/localizer_zed_f9r/Acc.h)
Linked: (/home/keti/catkin_ws/devel/.private/localizer_zed_f9r/include/localizer_zed_f9r/AccRequest.h, /home/keti/catkin_ws/devel/include/localizer_zed_f9r/AccRequest.h)
Linked: (/home/keti/catkin_ws/devel/.private/localizer_zed_f9r/include/localizer_zed_f9r/GyroResponse.h, /home/keti/catkin_ws/devel/include/localizer_zed_f9r/GyroResponse.h)
Linked: (/home/keti/catkin_ws/devel/.private/localizer_zed_f9r/include/localizer_zed_f9r/GNSS.h, /home/keti/catkin_ws/devel/include/localizer_zed_f9r/GNSS.h)
Linked: (/home/keti/catkin_ws/devel/.private/localizer_zed_f9r/lib/pkgconfig/localizer_zed_f9r.pc, /home/keti/catkin_ws/devel/lib/pkgconfig/localizer_zed_f9r.pc)
Linked: (/home/keti/catkin_ws/devel/.private/localizer_zed_f9r/lib/python3/dist-packages/localizer_zed_f9r/__init__.py, /home/keti/catkin_ws/devel/lib/python3/dist-packages/localizer_zed_f9r/__init__.py)
Linked: (/home/keti/catkin_ws/devel/.private/localizer_zed_f9r/lib/python3/dist-packages/localizer_zed_f9r/msg/__init__.py, /home/keti/catkin_ws/devel/lib/python3/dist-packages/localizer_zed_f9r/msg/__init__.py)
Linked: (/home/keti/catkin_ws/devel/.private/localizer_zed_f9r/lib/python3/dist-packages/localizer_zed_f9r/msg/_GNSS.py, /home/keti/catkin_ws/devel/lib/python3/dist-packages/localizer_zed_f9r/msg/_GNSS.py)
Linked: (/home/keti/catkin_ws/devel/.private/localizer_zed_f9r/lib/python3/dist-packages/localizer_zed_f9r/srv/__init__.py, /home/keti/catkin_ws/devel/lib/python3/dist-packages/localizer_zed_f9r/srv/__init__.py)
Linked: (/home/keti/catkin_ws/devel/.private/localizer_zed_f9r/lib/python3/dist-packages/localizer_zed_f9r/srv/_Gyro.py, /home/keti/catkin_ws/devel/lib/python3/dist-packages/localizer_zed_f9r/srv/_Gyro.py)
Linked: (/home/keti/catkin_ws/devel/.private/localizer_zed_f9r/lib/python3/dist-packages/localizer_zed_f9r/srv/_Acc.py, /home/keti/catkin_ws/devel/lib/python3/dist-packages/localizer_zed_f9r/srv/_Acc.py)
Linked: (/home/keti/catkin_ws/devel/.private/localizer_zed_f9r/lib/python3/dist-packages/localizer_zed_f9r/cfg/__init__.py, /home/keti/catkin_ws/devel/lib/python3/dist-packages/localizer_zed_f9r/cfg/__init__.py)
Linked: (/home/keti/catkin_ws/devel/.private/localizer_zed_f9r/lib/python3/dist-packages/localizer_zed_f9r/cfg/ZED-F9R_Tune_SerialConfig.py, /home/keti/catkin_ws/devel/lib/python3/dist-packages/localizer_zed_f9r/cfg/ZED-F9R_Tune_SerialConfig.py)
Linked: (/home/keti/catkin_ws/devel/.private/localizer_zed_f9r/share/roseus/ros/localizer_zed_f9r/manifest.l, /home/keti/catkin_ws/devel/share/roseus/ros/localizer_zed_f9r/manifest.l)
Linked: (/home/keti/catkin_ws/devel/.private/localizer_zed_f9r/share/roseus/ros/localizer_zed_f9r/msg/GNSS.l, /home/keti/catkin_ws/devel/share/roseus/ros/localizer_zed_f9r/msg/GNSS.l)
Linked: (/home/keti/catkin_ws/devel/.private/localizer_zed_f9r/share/roseus/ros/localizer_zed_f9r/srv/Gyro.l, /home/keti/catkin_ws/devel/share/roseus/ros/localizer_zed_f9r/srv/Gyro.l)
Linked: (/home/keti/catkin_ws/devel/.private/localizer_zed_f9r/share/roseus/ros/localizer_zed_f9r/srv/Acc.l, /home/keti/catkin_ws/devel/share/roseus/ros/localizer_zed_f9r/srv/Acc.l)
Linked: (/home/keti/catkin_ws/devel/.private/localizer_zed_f9r/share/localizer_zed_f9r/cmake/localizer_zed_f9rConfig-version.cmake, /home/keti/catkin_ws/devel/share/localizer_zed_f9r/cmake/localizer_zed_f9rConfig-version.cmake)
Linked: (/home/keti/catkin_ws/devel/.private/localizer_zed_f9r/share/localizer_zed_f9r/cmake/localizer_zed_f9r-msg-extras.cmake, /home/keti/catkin_ws/devel/share/localizer_zed_f9r/cmake/localizer_zed_f9r-msg-extras.cmake)
Linked: (/home/keti/catkin_ws/devel/.private/localizer_zed_f9r/share/localizer_zed_f9r/cmake/localizer_zed_f9rConfig.cmake, /home/keti/catkin_ws/devel/share/localizer_zed_f9r/cmake/localizer_zed_f9rConfig.cmake)
Linked: (/home/keti/catkin_ws/devel/.private/localizer_zed_f9r/share/localizer_zed_f9r/cmake/localizer_zed_f9r-msg-paths.cmake, /home/keti/catkin_ws/devel/share/localizer_zed_f9r/cmake/localizer_zed_f9r-msg-paths.cmake)
Linked: (/home/keti/catkin_ws/devel/.private/localizer_zed_f9r/share/localizer_zed_f9r/docs/ZED-F9R_Tune_SerialConfig-usage.dox, /home/keti/catkin_ws/devel/share/localizer_zed_f9r/docs/ZED-F9R_Tune_SerialConfig-usage.dox)
Linked: (/home/keti/catkin_ws/devel/.private/localizer_zed_f9r/share/localizer_zed_f9r/docs/ZED-F9R_Tune_SerialConfig.wikidoc, /home/keti/catkin_ws/devel/share/localizer_zed_f9r/docs/ZED-F9R_Tune_SerialConfig.wikidoc)
Linked: (/home/keti/catkin_ws/devel/.private/localizer_zed_f9r/share/localizer_zed_f9r/docs/ZED-F9R_Tune_SerialConfig.dox, /home/keti/catkin_ws/devel/share/localizer_zed_f9r/docs/ZED-F9R_Tune_SerialConfig.dox)
Linked: (/home/keti/catkin_ws/devel/.private/localizer_zed_f9r/share/common-lisp/ros/localizer_zed_f9r/msg/GNSS.lisp, /home/keti/catkin_ws/devel/share/common-lisp/ros/localizer_zed_f9r/msg/GNSS.lisp)
Linked: (/home/keti/catkin_ws/devel/.private/localizer_zed_f9r/share/common-lisp/ros/localizer_zed_f9r/msg/localizer_zed_f9r-msg.asd, /home/keti/catkin_ws/devel/share/common-lisp/ros/localizer_zed_f9r/msg/localizer_zed_f9r-msg.asd)
Linked: (/home/keti/catkin_ws/devel/.private/localizer_zed_f9r/share/common-lisp/ros/localizer_zed_f9r/msg/_package_GNSS.lisp, /home/keti/catkin_ws/devel/share/common-lisp/ros/localizer_zed_f9r/msg/_package_GNSS.lisp)
Linked: (/home/keti/catkin_ws/devel/.private/localizer_zed_f9r/share/common-lisp/ros/localizer_zed_f9r/msg/_package.lisp, /home/keti/catkin_ws/devel/share/common-lisp/ros/localizer_zed_f9r/msg/_package.lisp)
Linked: (/home/keti/catkin_ws/devel/.private/localizer_zed_f9r/share/common-lisp/ros/localizer_zed_f9r/srv/Gyro.lisp, /home/keti/catkin_ws/devel/share/common-lisp/ros/localizer_zed_f9r/srv/Gyro.lisp)
Linked: (/home/keti/catkin_ws/devel/.private/localizer_zed_f9r/share/common-lisp/ros/localizer_zed_f9r/srv/localizer_zed_f9r-srv.asd, /home/keti/catkin_ws/devel/share/common-lisp/ros/localizer_zed_f9r/srv/localizer_zed_f9r-srv.asd)
Linked: (/home/keti/catkin_ws/devel/.private/localizer_zed_f9r/share/common-lisp/ros/localizer_zed_f9r/srv/_package_Gyro.lisp, /home/keti/catkin_ws/devel/share/common-lisp/ros/localizer_zed_f9r/srv/_package_Gyro.lisp)
Linked: (/home/keti/catkin_ws/devel/.private/localizer_zed_f9r/share/common-lisp/ros/localizer_zed_f9r/srv/Acc.lisp, /home/keti/catkin_ws/devel/share/common-lisp/ros/localizer_zed_f9r/srv/Acc.lisp)
Linked: (/home/keti/catkin_ws/devel/.private/localizer_zed_f9r/share/common-lisp/ros/localizer_zed_f9r/srv/_package_Acc.lisp, /home/keti/catkin_ws/devel/share/common-lisp/ros/localizer_zed_f9r/srv/_package_Acc.lisp)
Linked: (/home/keti/catkin_ws/devel/.private/localizer_zed_f9r/share/common-lisp/ros/localizer_zed_f9r/srv/_package.lisp, /home/keti/catkin_ws/devel/share/common-lisp/ros/localizer_zed_f9r/srv/_package.lisp)
Linked: (/home/keti/catkin_ws/devel/.private/localizer_zed_f9r/share/gennodejs/ros/localizer_zed_f9r/_index.js, /home/keti/catkin_ws/devel/share/gennodejs/ros/localizer_zed_f9r/_index.js)
Linked: (/home/keti/catkin_ws/devel/.private/localizer_zed_f9r/share/gennodejs/ros/localizer_zed_f9r/msg/GNSS.js, /home/keti/catkin_ws/devel/share/gennodejs/ros/localizer_zed_f9r/msg/GNSS.js)
Linked: (/home/keti/catkin_ws/devel/.private/localizer_zed_f9r/share/gennodejs/ros/localizer_zed_f9r/msg/_index.js, /home/keti/catkin_ws/devel/share/gennodejs/ros/localizer_zed_f9r/msg/_index.js)
Linked: (/home/keti/catkin_ws/devel/.private/localizer_zed_f9r/share/gennodejs/ros/localizer_zed_f9r/srv/Gyro.js, /home/keti/catkin_ws/devel/share/gennodejs/ros/localizer_zed_f9r/srv/Gyro.js)
Linked: (/home/keti/catkin_ws/devel/.private/localizer_zed_f9r/share/gennodejs/ros/localizer_zed_f9r/srv/Acc.js, /home/keti/catkin_ws/devel/share/gennodejs/ros/localizer_zed_f9r/srv/Acc.js)
Linked: (/home/keti/catkin_ws/devel/.private/localizer_zed_f9r/share/gennodejs/ros/localizer_zed_f9r/srv/_index.js, /home/keti/catkin_ws/devel/share/gennodejs/ros/localizer_zed_f9r/srv/_index.js)
