In file included from [01m[K/home/keti/catkin_ws/src/ipe_v4_2/src/map_param_chungra.cpp:1[m[K:
[01m[K/home/keti/catkin_ws/src/ipe_v4_2/include/map_param_chungra.h:25:8:[m[K [01;31m[Kerror: [m[K‘[01m[Kstruct0_T[m[K’ does not name a type; did you mean ‘[01m[Kstruct[m[K’?
   25 | extern [01;31m[Kstruct0_T[m[K Param;
      |        [01;31m[K^~~~~~~~~[m[K
      |        [32m[Kstruct[m[K
[01m[K/home/keti/catkin_ws/src/ipe_v4_2/include/map_param_chungra.h:26:14:[m[K [01;31m[Kerror: [m[K‘[01m[Kstruct0_T[m[K’ does not name a type; did you mean ‘[01m[Kstruct[m[K’?
   26 | extern const [01;31m[Kstruct0_T[m[K* MapParam ;
      |              [01;31m[K^~~~~~~~~[m[K
      |              [32m[Kstruct[m[K
[01m[K/home/keti/catkin_ws/src/ipe_v4_2/src/map_param_chungra.cpp:62:1:[m[K [01;31m[Kerror: [m[K‘[01m[Kstruct0_T[m[K’ does not name a type; did you mean ‘[01m[Kstruct[m[K’?
   62 | [01;31m[Kstruct0_T[m[K Param = {s, {-0.1791, -4.7018, 0.1343, 4.6391, -0.0002, -0.1005,  0.0216 , 0.0277, 0.9994 }, roll, pitch, yaw, {2.7476, 77.4887, 0.0}};
      | [01;31m[K^~~~~~~~~[m[K
      | [32m[Kstruct[m[K
[01m[K/home/keti/catkin_ws/src/ipe_v4_2/src/map_param_chungra.cpp:64:7:[m[K [01;31m[Kerror: [m[K‘[01m[Kstruct0_T[m[K’ does not name a type; did you mean ‘[01m[Kstruct[m[K’?
   64 | const [01;31m[Kstruct0_T[m[K* MapParam = &Param;
      |       [01;31m[K^~~~~~~~~[m[K
      |       [32m[Kstruct[m[K
[01m[Kcc1:[m[K [01;35m[Kwarning: [m[Kcommand-line option ‘[01m[K-std=c++11[m[K’ is valid for C++/ObjC++ but not for C
[01m[Kcc1:[m[K [01;35m[Kwarning: [m[Kcommand-line option ‘[01m[K-std=c++11[m[K’ is valid for C++/ObjC++ but not for C
make[2]: *** [CMakeFiles/ipe_v4_2.dir/build.make:141: CMakeFiles/ipe_v4_2.dir/src/map_param_chungra.cpp.o] Error 1
make[2]: *** Waiting for unfinished jobs....
[01m[K/home/keti/catkin_ws/src/ipe_v4_2/src/slamsubscriber_ipe_v4_2.cpp:[m[K In member function ‘[01m[Kvoid SlamSubscriber::processPacketData(IPEDataPacket&, double, SensorData*)[m[K’:
[01m[K/home/keti/catkin_ws/src/ipe_v4_2/src/slamsubscriber_ipe_v4_2.cpp:155:18:[m[K [01;31m[Kerror: [m[K‘[01m[KMapParam[m[K’ was not declared in this scope
  155 |     std::cout << [01;31m[KMapParam[m[K->sA[0] << std::endl;
      |                  [01;31m[K^~~~~~~~[m[K
[01m[K/home/keti/catkin_ws/src/ipe_v4_2/src/slamsubscriber_ipe_v4_2.cpp:178:28:[m[K [01;31m[Kerror: [m[Kcannot convert ‘[01m[Kstd::vector<double>[m[K’ to ‘[01m[Kconst double*[m[K’
  178 |     PositioningSystem_V5_1([01;31m[KPositionVector_data[m[K, PositionVector_size, PositionOut); //  Changed 2024.06.17 (joo.hy)
      |                            [01;31m[K^~~~~~~~~~~~~~~~~~~[m[K
      |                            [01;31m[K|[m[K
      |                            [01;31m[Kstd::vector<double>[m[K
In file included from [01m[K/home/keti/catkin_ws/src/ipe_v4_2/include/uwbsubscriber.h:65[m[K,
                 from [01m[K/home/keti/catkin_ws/src/ipe_v4_2/include/slamsubscriber_ipe_v4_2.h:11[m[K,
                 from [01m[K/home/keti/catkin_ws/src/ipe_v4_2/src/slamsubscriber_ipe_v4_2.cpp:2[m[K:
[01m[K/home/keti/catkin_ws/src/ipe_v4_2/lib/PositioningSystem_V5_1_pkg_17/PositioningSystem_V5_1.h:21:49:[m[K [01;36m[Knote: [m[K  initializing argument 1 of ‘[01m[Kvoid PositioningSystem_V5_1(const double*, const int*, double*)[m[K’
   21 | extern void PositioningSystem_V5_1([01;36m[Kconst double PositionVector_data[][m[K,
      |                                    [01;36m[K~~~~~~~~~~~~~^~~~~~~~~~~~~~~~~~~~~[m[K
make[2]: *** [CMakeFiles/ipe_v4_2.dir/build.make:128: CMakeFiles/ipe_v4_2.dir/src/slamsubscriber_ipe_v4_2.cpp.o] Error 1
make[1]: *** [CMakeFiles/Makefile2:209: CMakeFiles/ipe_v4_2.dir/all] Error 2
make: *** [Makefile:141: all] Error 2
