Symlinking /home/keti/catkin_ws/devel/share/gennodejs/ros/ipe_v4_2/_index.js
Symlinking /home/keti/catkin_ws/devel/share/gennodejs/ros/ipe_v4_2/msg/Anchor.js
Symlinking /home/keti/catkin_ws/devel/share/gennodejs/ros/ipe_v4_2/msg/_index.js
Symlinking /home/keti/catkin_ws/devel/share/common-lisp/ros/ipe_v4_2/msg/Anchor.lisp
Symlinking /home/keti/catkin_ws/devel/share/common-lisp/ros/ipe_v4_2/msg/ipe_v4_2-msg.asd
Symlinking /home/keti/catkin_ws/devel/share/common-lisp/ros/ipe_v4_2/msg/_package.lisp
Symlinking /home/keti/catkin_ws/devel/share/common-lisp/ros/ipe_v4_2/msg/_package_Anchor.lisp
Symlinking /home/keti/catkin_ws/devel/share/roseus/ros/ipe_v4_2/manifest.l
Symlinking /home/keti/catkin_ws/devel/share/roseus/ros/ipe_v4_2/msg/Anchor.l
Symlinking /home/keti/catkin_ws/devel/share/ipe_v4_2/cmake/ipe_v4_2Config.cmake
Symlinking /home/keti/catkin_ws/devel/share/ipe_v4_2/cmake/ipe_v4_2-msg-paths.cmake
Symlinking /home/keti/catkin_ws/devel/share/ipe_v4_2/cmake/ipe_v4_2Config-version.cmake
Symlinking /home/keti/catkin_ws/devel/share/ipe_v4_2/cmake/ipe_v4_2-msg-extras.cmake
Symlinking /home/keti/catkin_ws/devel/lib/libipe_v4_2.so
Symlinking /home/keti/catkin_ws/devel/lib/pkgconfig/ipe_v4_2.pc
Symlinking /home/keti/catkin_ws/devel/lib/python3/dist-packages/ipe_v4_2/__init__.py
Symlinking /home/keti/catkin_ws/devel/lib/python3/dist-packages/ipe_v4_2/msg/_Anchor.py
Symlinking /home/keti/catkin_ws/devel/lib/python3/dist-packages/ipe_v4_2/msg/__init__.py
Symlinking /home/keti/catkin_ws/devel/lib/ipe_v4_2/ipe_v4_2_node
Symlinking /home/keti/catkin_ws/devel/include/ipe_v4_2/Anchor.h
