[01m[K/home/keti/catkin_ws/src/ipe_v4_2/src/map_param_chungra.cpp:61:11:[m[K [01;31m[Kerror: [m[Kredefinition of ‘[01m[Kstruct0_T Param[m[K’
   61 | struct0_T [01;31m[KParam[m[K = {_s, *_sA, _roll, _pitch, _yaw, *_SLAMposInit};
      |           [01;31m[K^~~~~[m[K
In file included from [01m[K/home/keti/catkin_ws/src/ipe_v4_2/src/map_param_chungra.cpp:1[m[K:
[01m[K/home/keti/catkin_ws/src/ipe_v4_2/include/map_param_chungra.h:25:11:[m[K [01;36m[Knote: [m[K‘[01m[Kstruct0_T Param[m[K’ previously declared here
   25 | struct0_T [01;36m[KParam[m[K;
      |           [01;36m[K^~~~~[m[K
make[2]: *** [CMakeFiles/ipe_v4_2.dir/build.make:141: CMakeFiles/ipe_v4_2.dir/src/map_param_chungra.cpp.o] Error 1
make[2]: *** Waiting for unfinished jobs....
In file included from [01m[K/home/keti/catkin_ws/src/ipe_v4_2/include/slamsubscriber_ipe_v4_2.h:29[m[K,
                 from [01m[K/home/keti/catkin_ws/src/ipe_v4_2/src/slamsubscriber_ipe_v4_2.cpp:2[m[K:
[01m[K/home/keti/catkin_ws/src/ipe_v4_2/include/map_param_chungra.h:25:11:[m[K [01;31m[Kerror: [m[Kredefinition of ‘[01m[Kstruct0_T Param[m[K’
   25 | struct0_T [01;31m[KParam[m[K;
      |           [01;31m[K^~~~~[m[K
In file included from [01m[K/home/keti/catkin_ws/src/ipe_v4_2/include/uwbsubscriber.h:70[m[K,
                 from [01m[K/home/keti/catkin_ws/src/ipe_v4_2/include/slamsubscriber_ipe_v4_2.h:11[m[K,
                 from [01m[K/home/keti/catkin_ws/src/ipe_v4_2/src/slamsubscriber_ipe_v4_2.cpp:2[m[K:
[01m[K/home/keti/catkin_ws/src/ipe_v4_2/include/map_param_chungra.h:25:11:[m[K [01;36m[Knote: [m[K‘[01m[Kstruct0_T Param[m[K’ previously declared here
   25 | struct0_T [01;36m[KParam[m[K;
      |           [01;36m[K^~~~~[m[K
make[2]: *** [CMakeFiles/ipe_v4_2.dir/build.make:128: CMakeFiles/ipe_v4_2.dir/src/slamsubscriber_ipe_v4_2.cpp.o] Error 1
In file included from [01m[K/home/keti/catkin_ws/src/ipe_v4_2/include/slamsubscriber_ipe_v4_2.h:29[m[K,
                 from [01m[K/home/keti/catkin_ws/src/ipe_v4_2/include/ipeinterface.h:62[m[K,
                 from [01m[K/home/keti/catkin_ws/src/ipe_v4_2/src/ipeinterface.cpp:34[m[K:
[01m[K/home/keti/catkin_ws/src/ipe_v4_2/include/map_param_chungra.h:25:11:[m[K [01;31m[Kerror: [m[Kredefinition of ‘[01m[Kstruct0_T Param[m[K’
   25 | struct0_T [01;31m[KParam[m[K;
      |           [01;31m[K^~~~~[m[K
In file included from [01m[K/home/keti/catkin_ws/src/ipe_v4_2/include/uwbsubscriber.h:70[m[K,
                 from [01m[K/home/keti/catkin_ws/src/ipe_v4_2/include/ipeinterface.h:56[m[K,
                 from [01m[K/home/keti/catkin_ws/src/ipe_v4_2/src/ipeinterface.cpp:34[m[K:
[01m[K/home/keti/catkin_ws/src/ipe_v4_2/include/map_param_chungra.h:25:11:[m[K [01;36m[Knote: [m[K‘[01m[Kstruct0_T Param[m[K’ previously declared here
   25 | struct0_T [01;36m[KParam[m[K;
      |           [01;36m[K^~~~~[m[K
In file included from [01m[K/home/keti/catkin_ws/src/ipe_v4_2/include/slamsubscriber_ipe_v4_2.h:29[m[K,
                 from [01m[K/home/keti/catkin_ws/src/ipe_v4_2/include/ipeinterface.h:62[m[K,
                 from [01m[K/home/keti/catkin_ws/src/ipe_v4_2/src/main.cpp:35[m[K:
[01m[K/home/keti/catkin_ws/src/ipe_v4_2/include/map_param_chungra.h:25:11:[m[K [01;31m[Kerror: [m[Kredefinition of ‘[01m[Kstruct0_T Param[m[K’
   25 | struct0_T [01;31m[KParam[m[K;
      |           [01;31m[K^~~~~[m[K
In file included from [01m[K/home/keti/catkin_ws/src/ipe_v4_2/include/uwbsubscriber.h:70[m[K,
                 from [01m[K/home/keti/catkin_ws/src/ipe_v4_2/include/ipeinterface.h:56[m[K,
                 from [01m[K/home/keti/catkin_ws/src/ipe_v4_2/src/main.cpp:35[m[K:
[01m[K/home/keti/catkin_ws/src/ipe_v4_2/include/map_param_chungra.h:25:11:[m[K [01;36m[Knote: [m[K‘[01m[Kstruct0_T Param[m[K’ previously declared here
   25 | struct0_T [01;36m[KParam[m[K;
      |           [01;36m[K^~~~~[m[K
make[2]: *** [CMakeFiles/ipe_v4_2.dir/build.make:89: CMakeFiles/ipe_v4_2.dir/src/main.cpp.o] Error 1
make[2]: *** [CMakeFiles/ipe_v4_2.dir/build.make:63: CMakeFiles/ipe_v4_2.dir/src/ipeinterface.cpp.o] Error 1
make[1]: *** [CMakeFiles/Makefile2:209: CMakeFiles/ipe_v4_2.dir/all] Error 2
make: *** [Makefile:141: all] Error 2
