[01m[Kcc1:[m[K [01;35m[Kwarning: [m[Kcommand-line option ‘[01m[K-std=c++11[m[K’ is valid for C++/ObjC++ but not for C
[01m[Kcc1:[m[K [01;35m[Kwarning: [m[Kcommand-line option ‘[01m[K-std=c++11[m[K’ is valid for C++/ObjC++ but not for C
[01m[Kcc1:[m[K [01;35m[Kwarning: [m[Kcommand-line option ‘[01m[K-std=c++11[m[K’ is valid for C++/ObjC++ but not for C
[01m[Kcc1:[m[K [01;35m[Kwarning: [m[Kcommand-line option ‘[01m[K-std=c++11[m[K’ is valid for C++/ObjC++ but not for C
[01m[Kcc1:[m[K [01;35m[Kwarning: [m[Kcommand-line option ‘[01m[K-std=c++11[m[K’ is valid for C++/ObjC++ but not for C
[01m[Kcc1:[m[K [01;35m[Kwarning: [m[Kcommand-line option ‘[01m[K-std=c++11[m[K’ is valid for C++/ObjC++ but not for C
[01m[Kcc1:[m[K [01;35m[Kwarning: [m[Kcommand-line option ‘[01m[K-std=c++11[m[K’ is valid for C++/ObjC++ but not for C
[01m[Kcc1:[m[K [01;35m[Kwarning: [m[Kcommand-line option ‘[01m[K-std=c++11[m[K’ is valid for C++/ObjC++ but not for C
[01m[Kcc1:[m[K [01;35m[Kwarning: [m[Kcommand-line option ‘[01m[K-std=c++11[m[K’ is valid for C++/ObjC++ but not for C
[01m[Kcc1:[m[K [01;35m[Kwarning: [m[Kcommand-line option ‘[01m[K-std=c++11[m[K’ is valid for C++/ObjC++ but not for C
[01m[Kcc1:[m[K [01;35m[Kwarning: [m[Kcommand-line option ‘[01m[K-std=c++11[m[K’ is valid for C++/ObjC++ but not for C
[01m[Kcc1:[m[K [01;35m[Kwarning: [m[Kcommand-line option ‘[01m[K-std=c++11[m[K’ is valid for C++/ObjC++ but not for C
[01m[Kcc1:[m[K [01;35m[Kwarning: [m[Kcommand-line option ‘[01m[K-std=c++11[m[K’ is valid for C++/ObjC++ but not for C
[01m[Kcc1:[m[K [01;35m[Kwarning: [m[Kcommand-line option ‘[01m[K-std=c++11[m[K’ is valid for C++/ObjC++ but not for C
[01m[Kcc1:[m[K [01;35m[Kwarning: [m[Kcommand-line option ‘[01m[K-std=c++11[m[K’ is valid for C++/ObjC++ but not for C
[01m[Kcc1:[m[K [01;35m[Kwarning: [m[Kcommand-line option ‘[01m[K-std=c++11[m[K’ is valid for C++/ObjC++ but not for C
[01m[Kcc1:[m[K [01;35m[Kwarning: [m[Kcommand-line option ‘[01m[K-std=c++11[m[K’ is valid for C++/ObjC++ but not for C
[01m[Kcc1:[m[K [01;35m[Kwarning: [m[Kcommand-line option ‘[01m[K-std=c++11[m[K’ is valid for C++/ObjC++ but not for C
[01m[Kcc1:[m[K [01;35m[Kwarning: [m[Kcommand-line option ‘[01m[K-std=c++11[m[K’ is valid for C++/ObjC++ but not for C
[01m[Kcc1:[m[K [01;35m[Kwarning: [m[Kcommand-line option ‘[01m[K-std=c++11[m[K’ is valid for C++/ObjC++ but not for C
[01m[Kcc1:[m[K [01;35m[Kwarning: [m[Kcommand-line option ‘[01m[K-std=c++11[m[K’ is valid for C++/ObjC++ but not for C
[01m[Kcc1:[m[K [01;35m[Kwarning: [m[Kcommand-line option ‘[01m[K-std=c++11[m[K’ is valid for C++/ObjC++ but not for C
[01m[Kcc1:[m[K [01;35m[Kwarning: [m[Kcommand-line option ‘[01m[K-std=c++11[m[K’ is valid for C++/ObjC++ but not for C
[01m[Kcc1:[m[K [01;35m[Kwarning: [m[Kcommand-line option ‘[01m[K-std=c++11[m[K’ is valid for C++/ObjC++ but not for C
[01m[Kcc1:[m[K [01;35m[Kwarning: [m[Kcommand-line option ‘[01m[K-std=c++11[m[K’ is valid for C++/ObjC++ but not for C
[01m[Kcc1:[m[K [01;35m[Kwarning: [m[Kcommand-line option ‘[01m[K-std=c++11[m[K’ is valid for C++/ObjC++ but not for C
[01m[Kcc1:[m[K [01;35m[Kwarning: [m[Kcommand-line option ‘[01m[K-std=c++11[m[K’ is valid for C++/ObjC++ but not for C
[01m[K/home/keti/catkin_ws/src/ipe_v4_2/src/uwbsubscriber.cpp:[m[K In member function ‘[01m[Kvoid UwbSubscriber::processPacketData(IPEDataPacket&, double, SensorData*)[m[K’:
[01m[K/home/keti/catkin_ws/src/ipe_v4_2/src/uwbsubscriber.cpp:285:56:[m[K [01;31m[Kerror: [m[Krequest for member ‘[01m[Kdata[m[K’ in ‘[01m[KPositionVector_data[m[K’, which is of non-class type ‘[01m[Kdouble [150][m[K’
  285 |             PositioningSystem_V5_1(PositionVector_data.[01;31m[Kdata[m[K(), PositionVector_size, MapParam, PositionOut);  // changed by joo(24.08.21, pkg_5.1.16 ~)
      |                                                        [01;31m[K^~~~[m[K
make[2]: *** [CMakeFiles/ipe_v4_2.dir/build.make:115: CMakeFiles/ipe_v4_2.dir/src/uwbsubscriber.cpp.o] Error 1
make[2]: *** Waiting for unfinished jobs....
make[1]: *** [CMakeFiles/Makefile2:209: CMakeFiles/ipe_v4_2.dir/all] Error 2
make: *** [Makefile:141: all] Error 2
