[01m[K/home/keti/catkin_ws/src/ipe_v4_2/src/ipeinterface.cpp:[m[K In member function ‘[01m[Kvoid IPEInterface::testPositioning()[m[K’:
[01m[K/home/keti/catkin_ws/src/ipe_v4_2/src/ipeinterface.cpp:250:48:[m[K [01;31m[Kerror: [m[K‘[01m[Kipe[m[K’ was not declared in this scope; did you mean ‘[01m[Kpipe[m[K’?
  250 |             publishers[topic] = r_nh.advertise<[01;31m[Kipe[m[K::Anchor>(topic, 10);
      |                                                [01;31m[K^~~[m[K
      |                                                [32m[Kpipe[m[K
[01m[K/home/keti/catkin_ws/src/ipe_v4_2/src/ipeinterface.cpp:250:38:[m[K [01;31m[Kerror: [m[Kparse error in template argument list
  250 |             publishers[topic] = r_nh.[01;31m[Kadvertise<ipe::Anchor>[m[K(topic, 10);
      |                                      [01;31m[K^~~~~~~~~~~~~~~~~~~~~~[m[K
[01m[K/home/keti/catkin_ws/src/ipe_v4_2/src/ipeinterface.cpp:250:60:[m[K [01;31m[Kerror: [m[Kno matching function for call to ‘[01m[Kros::NodeHandle::advertise<<expression error> >(const std::__cxx11::basic_string<char>&, int)[m[K’
  250 |             publishers[topic] = [01;31m[Kr_nh.advertise<ipe::Anchor>(topic, 10)[m[K;
      |                                 [01;31m[K~~~~~~~~~~~~~~~~~~~~~~~~~~~^~~~~~~~~~~[m[K
In file included from [01m[K/opt/ros/noetic/include/ros/ros.h:45[m[K,
                 from [01m[K/home/keti/catkin_ws/src/ipe_v4_2/include/ipeinterface.h:37[m[K,
                 from [01m[K/home/keti/catkin_ws/src/ipe_v4_2/src/ipeinterface.cpp:34[m[K:
[01m[K/opt/ros/noetic/include/ros/node_handle.h:249:15:[m[K [01;36m[Knote: [m[Kcandidate: ‘[01m[Ktemplate<class M> ros::Publisher ros::NodeHandle::advertise(const string&, uint32_t, bool)[m[K’
  249 |     Publisher [01;36m[Kadvertise[m[K(const std::string& topic, uint32_t queue_size, bool latch = false)
      |               [01;36m[K^~~~~~~~~[m[K
[01m[K/opt/ros/noetic/include/ros/node_handle.h:249:15:[m[K [01;36m[Knote: [m[K  template argument deduction/substitution failed:
[01m[K/home/keti/catkin_ws/src/ipe_v4_2/src/ipeinterface.cpp:250:60:[m[K [01;31m[Kerror: [m[Ktemplate argument 1 is invalid
  250 |             publishers[topic] = [01;31m[Kr_nh.advertise<ipe::Anchor>(topic, 10)[m[K;
      |                                 [01;31m[K~~~~~~~~~~~~~~~~~~~~~~~~~~~^~~~~~~~~~~[m[K
In file included from [01m[K/opt/ros/noetic/include/ros/ros.h:45[m[K,
                 from [01m[K/home/keti/catkin_ws/src/ipe_v4_2/include/ipeinterface.h:37[m[K,
                 from [01m[K/home/keti/catkin_ws/src/ipe_v4_2/src/ipeinterface.cpp:34[m[K:
[01m[K/opt/ros/noetic/include/ros/node_handle.h:315:13:[m[K [01;36m[Knote: [m[Kcandidate: ‘[01m[Ktemplate<class M> ros::Publisher ros::NodeHandle::advertise(const string&, uint32_t, const SubscriberStatusCallback&, const SubscriberStatusCallback&, const VoidConstPtr&, bool)[m[K’
  315 |   Publisher [01;36m[Kadvertise[m[K(const std::string& topic, uint32_t queue_size,
      |             [01;36m[K^~~~~~~~~[m[K
[01m[K/opt/ros/noetic/include/ros/node_handle.h:315:13:[m[K [01;36m[Knote: [m[K  template argument deduction/substitution failed:
[01m[K/home/keti/catkin_ws/src/ipe_v4_2/src/ipeinterface.cpp:250:60:[m[K [01;31m[Kerror: [m[Ktemplate argument 1 is invalid
  250 |             publishers[topic] = [01;31m[Kr_nh.advertise<ipe::Anchor>(topic, 10)[m[K;
      |                                 [01;31m[K~~~~~~~~~~~~~~~~~~~~~~~~~~~^~~~~~~~~~~[m[K
[01m[K/home/keti/catkin_ws/src/ipe_v4_2/src/ipeinterface.cpp:267:17:[m[K [01;31m[Kerror: [m[K‘[01m[Kipe[m[K’ has not been declared
  267 |                 [01;31m[Kipe[m[K::Anchor::ConstPtr uwb_data = message.instantiate<ipe::Anchor>();
      |                 [01;31m[K^~~[m[K
[01m[K/home/keti/catkin_ws/src/ipe_v4_2/src/ipeinterface.cpp:268:21:[m[K [01;31m[Kerror: [m[K‘[01m[Kuwb_data[m[K’ was not declared in this scope; did you mean ‘[01m[Kuwbdata[m[K’?
  268 |                 if ([01;31m[Kuwb_data[m[K != NULL) {
      |                     [01;31m[K^~~~~~~~[m[K
      |                     [32m[Kuwbdata[m[K
make[2]: *** [CMakeFiles/ipe_v4_2.dir/build.make:63: CMakeFiles/ipe_v4_2.dir/src/ipeinterface.cpp.o] Error 1
make[2]: *** Waiting for unfinished jobs....
make[1]: *** [CMakeFiles/Makefile2:209: CMakeFiles/ipe_v4_2.dir/all] Error 2
make: *** [Makefile:141: all] Error 2
