[  0%] Built target std_msgs_generate_messages_py
[  0%] Built target std_srvs_generate_messages_py
[  0%] Built target std_msgs_generate_messages_eus
[  0%] Built target rosgraph_msgs_generate_messages_eus
[  0%] Built target topic_tools_generate_messages_eus
[  0%] Built target topic_tools_generate_messages_cpp
[  0%] Built target std_msgs_generate_messages_lisp
[  0%] Built target roscpp_generate_messages_cpp
[  0%] Built target roscpp_generate_messages_nodejs
[  0%] Built target _ipe_v4_2_generate_messages_check_deps_Anchor
[  0%] Built target topic_tools_generate_messages_py
[  0%] Built target roscpp_generate_messages_py
[  0%] Built target std_msgs_generate_messages_nodejs
[  0%] Built target rosgraph_msgs_generate_messages_py
[  0%] Built target roscpp_generate_messages_lisp
[  0%] Built target topic_tools_generate_messages_lisp
[  0%] Built target roscpp_generate_messages_eus
[  0%] Built target rosgraph_msgs_generate_messages_nodejs
[  0%] Built target rosgraph_msgs_generate_messages_lisp
[  0%] Built target topic_tools_generate_messages_nodejs
[  0%] Built target std_srvs_generate_messages_cpp
[  0%] Built target std_msgs_generate_messages_cpp
[  0%] Built target std_srvs_generate_messages_eus
[  0%] Built target std_srvs_generate_messages_lisp
[  0%] Built target rosgraph_msgs_generate_messages_cpp
[  4%] Built target ipe_v4_2_generate_messages_py
[  6%] Built target ipe_v4_2_generate_messages_lisp
[  6%] Built target std_srvs_generate_messages_nodejs
[  8%] Built target ipe_v4_2_generate_messages_nodejs
[ 13%] Built target ipe_v4_2_generate_messages_eus
[ 15%] Built target ipe_v4_2_generate_messages_cpp
[35m[1mScanning dependencies of target ipe_v4_2[0m
[ 15%] Built target ipe_v4_2_generate_messages
[ 19%] [32mBuilding CXX object CMakeFiles/ipe_v4_2.dir/src/socketmanager.cpp.o[0m
[ 19%] [32mBuilding CXX object CMakeFiles/ipe_v4_2.dir/src/main.cpp.o[0m
[ 21%] [32mBuilding CXX object CMakeFiles/ipe_v4_2.dir/src/ipecallback.cpp.o[0m
[ 23%] [32mBuilding CXX object CMakeFiles/ipe_v4_2.dir/src/ipeinterface.cpp.o[0m
[ 26%] [32mBuilding CXX object CMakeFiles/ipe_v4_2.dir/src/slamsubscriber_ipe_v4_2.cpp.o[0m
[ 28%] [32mBuilding C object CMakeFiles/ipe_v4_2.dir/lib/PositioningSystem_V5_1_pkg_19/EKF_UWB_SLAM_4.c.o[0m
[ 30%] [32mBuilding C object CMakeFiles/ipe_v4_2.dir/lib/PositioningSystem_V5_1_pkg_19/EKF_UWB_SLAM_IMU_1.c.o[0m
[ 32%] [32mBuilding CXX object CMakeFiles/ipe_v4_2.dir/src/uwbsubscriber.cpp.o[0m
[ 34%] [32mBuilding C object CMakeFiles/ipe_v4_2.dir/lib/PositioningSystem_V5_1_pkg_19/PositioningSystem_V5_1.c.o[0m
[ 39%] [32mBuilding C object CMakeFiles/ipe_v4_2.dir/lib/PositioningSystem_V5_1_pkg_19/PositioningSystem_V5_1_data.c.o[0m
[ 39%] [32mBuilding C object CMakeFiles/ipe_v4_2.dir/lib/PositioningSystem_V5_1_pkg_19/PositioningSystem_V5_1_initialize.c.o[0m
[ 41%] [32mBuilding C object CMakeFiles/ipe_v4_2.dir/lib/PositioningSystem_V5_1_pkg_19/PositioningSystem_V5_1_emxutil.c.o[0m
[01m[Kcc1:[m[K [01;35m[Kwarning: [m[Kcommand-line option ‘[01m[K-std=c++11[m[K’ is valid for C++/ObjC++ but not for C
[01m[Kcc1:[m[K [01;35m[Kwarning: [m[Kcommand-line option ‘[01m[K-std=c++11[m[K’ is valid for C++/ObjC++ but not for C
[01m[Kcc1:[m[K [01;35m[Kwarning: [m[Kcommand-line option ‘[01m[K-std=c++11[m[K’ is valid for C++/ObjC++ but not for C
[01m[Kcc1:[m[K [01;35m[Kwarning: [m[Kcommand-line option ‘[01m[K-std=c++11[m[K’ is valid for C++/ObjC++ but not for C
[01m[Kcc1:[m[K [01;35m[Kwarning: [m[Kcommand-line option ‘[01m[K-std=c++11[m[K’ is valid for C++/ObjC++ but not for C
[01m[Kcc1:[m[K [01;35m[Kwarning: [m[Kcommand-line option ‘[01m[K-std=c++11[m[K’ is valid for C++/ObjC++ but not for C
[ 43%] [32mBuilding C object CMakeFiles/ipe_v4_2.dir/lib/PositioningSystem_V5_1_pkg_19/PositioningSystem_V5_1_rtwutil.c.o[0m
[01m[Kcc1:[m[K [01;35m[Kwarning: [m[Kcommand-line option ‘[01m[K-std=c++11[m[K’ is valid for C++/ObjC++ but not for C
[ 45%] [32mBuilding C object CMakeFiles/ipe_v4_2.dir/lib/PositioningSystem_V5_1_pkg_19/PositioningSystem_V5_1_terminate.c.o[0m
[ 47%] [32mBuilding C object CMakeFiles/ipe_v4_2.dir/lib/PositioningSystem_V5_1_pkg_19/UWBMultiTagPos_V3_1.c.o[0m
[01m[Kcc1:[m[K [01;35m[Kwarning: [m[Kcommand-line option ‘[01m[K-std=c++11[m[K’ is valid for C++/ObjC++ but not for C
[01m[Kcc1:[m[K [01;35m[Kwarning: [m[Kcommand-line option ‘[01m[K-std=c++11[m[K’ is valid for C++/ObjC++ but not for C
[ 50%] [32mBuilding C object CMakeFiles/ipe_v4_2.dir/lib/PositioningSystem_V5_1_pkg_19/UWBPosition_V4_1.c.o[0m
[ 52%] [32mBuilding C object CMakeFiles/ipe_v4_2.dir/lib/PositioningSystem_V5_1_pkg_19/UWBpos_V2_3.c.o[0m
[ 56%] [32mBuilding C object CMakeFiles/ipe_v4_2.dir/lib/PositioningSystem_V5_1_pkg_19/div.c.o[0m
[ 56%] [32mBuilding C object CMakeFiles/ipe_v4_2.dir/lib/PositioningSystem_V5_1_pkg_19/abs.c.o[0m
[01m[Kcc1:[m[K [01;35m[Kwarning: [m[Kcommand-line option ‘[01m[K-std=c++11[m[K’ is valid for C++/ObjC++ but not for C
[01m[Kcc1:[m[K [01;35m[Kwarning: [m[Kcommand-line option ‘[01m[K-std=c++11[m[K’ is valid for C++/ObjC++ but not for C
[01m[Kcc1:[m[K [01;35m[Kwarning: [m[Kcommand-line option ‘[01m[K-std=c++11[m[K’ is valid for C++/ObjC++ but not for C
[ 58%] [32mBuilding C object CMakeFiles/ipe_v4_2.dir/lib/PositioningSystem_V5_1_pkg_19/equPlane.c.o[0m
[01m[Kcc1:[m[K [01;35m[Kwarning: [m[Kcommand-line option ‘[01m[K-std=c++11[m[K’ is valid for C++/ObjC++ but not for C
[01m[Kcc1:[m[K [01;35m[Kwarning: [m[Kcommand-line option ‘[01m[K-std=c++11[m[K’ is valid for C++/ObjC++ but not for C
[ 60%] [32mBuilding C object CMakeFiles/ipe_v4_2.dir/lib/PositioningSystem_V5_1_pkg_19/exp.c.o[0m
[ 63%] [32mBuilding C object CMakeFiles/ipe_v4_2.dir/lib/PositioningSystem_V5_1_pkg_19/interp1.c.o[0m
[ 65%] [32mBuilding C object CMakeFiles/ipe_v4_2.dir/lib/PositioningSystem_V5_1_pkg_19/find.c.o[0m
[01m[Kcc1:[m[K [01;35m[Kwarning: [m[Kcommand-line option ‘[01m[K-std=c++11[m[K’ is valid for C++/ObjC++ but not for C
[ 67%] [32mBuilding C object CMakeFiles/ipe_v4_2.dir/lib/PositioningSystem_V5_1_pkg_19/inv.c.o[0m
[01m[Kcc1:[m[K [01;35m[Kwarning: [m[Kcommand-line option ‘[01m[K-std=c++11[m[K’ is valid for C++/ObjC++ but not for C
[01m[Kcc1:[m[K [01;35m[Kwarning: [m[Kcommand-line option ‘[01m[K-std=c++11[m[K’ is valid for C++/ObjC++ but not for C
[01m[Kcc1:[m[K [01;35m[Kwarning: [m[Kcommand-line option ‘[01m[K-std=c++11[m[K’ is valid for C++/ObjC++ but not for C
[ 69%] [32mBuilding C object CMakeFiles/ipe_v4_2.dir/lib/PositioningSystem_V5_1_pkg_19/makePredA_3D_Simple.c.o[0m
[ 71%] [32mBuilding C object CMakeFiles/ipe_v4_2.dir/lib/PositioningSystem_V5_1_pkg_19/mean.c.o[0m
[01m[Kcc1:[m[K [01;35m[Kwarning: [m[Kcommand-line option ‘[01m[K-std=c++11[m[K’ is valid for C++/ObjC++ but not for C
[01m[Kcc1:[m[K [01;35m[Kwarning: [m[Kcommand-line option ‘[01m[K-std=c++11[m[K’ is valid for C++/ObjC++ but not for C
[ 73%] [32mBuilding C object CMakeFiles/ipe_v4_2.dir/lib/PositioningSystem_V5_1_pkg_19/mldivide.c.o[0m
[01m[Kcc1:[m[K [01;35m[Kwarning: [m[Kcommand-line option ‘[01m[K-std=c++11[m[K’ is valid for C++/ObjC++ but not for C
[ 76%] [32mBuilding C object CMakeFiles/ipe_v4_2.dir/lib/PositioningSystem_V5_1_pkg_19/mod.c.o[0m
[ 78%] [32mBuilding C object CMakeFiles/ipe_v4_2.dir/lib/PositioningSystem_V5_1_pkg_19/mod1.c.o[0m
[01m[Kcc1:[m[K [01;35m[Kwarning: [m[Kcommand-line option ‘[01m[K-std=c++11[m[K’ is valid for C++/ObjC++ but not for C
[ 80%] [32mBuilding C object CMakeFiles/ipe_v4_2.dir/lib/PositioningSystem_V5_1_pkg_19/nullAssignment.c.o[0m
[01m[Kcc1:[m[K [01;35m[Kwarning: [m[Kcommand-line option ‘[01m[K-std=c++11[m[K’ is valid for C++/ObjC++ but not for C
[ 82%] [32mBuilding C object CMakeFiles/ipe_v4_2.dir/lib/PositioningSystem_V5_1_pkg_19/rtGetInf.c.o[0m
[01m[Kcc1:[m[K [01;35m[Kwarning: [m[Kcommand-line option ‘[01m[K-std=c++11[m[K’ is valid for C++/ObjC++ but not for C
[ 84%] [32mBuilding C object CMakeFiles/ipe_v4_2.dir/lib/PositioningSystem_V5_1_pkg_19/rtGetNaN.c.o[0m
[01m[Kcc1:[m[K [01;35m[Kwarning: [m[Kcommand-line option ‘[01m[K-std=c++11[m[K’ is valid for C++/ObjC++ but not for C
[01m[Kcc1:[m[K [01;35m[Kwarning: [m[Kcommand-line option ‘[01m[K-std=c++11[m[K’ is valid for C++/ObjC++ but not for C
[ 86%] [32mBuilding C object CMakeFiles/ipe_v4_2.dir/lib/PositioningSystem_V5_1_pkg_19/rt_nonfinite.c.o[0m
[01m[Kcc1:[m[K [01;35m[Kwarning: [m[Kcommand-line option ‘[01m[K-std=c++11[m[K’ is valid for C++/ObjC++ but not for C
[ 89%] [32mBuilding C object CMakeFiles/ipe_v4_2.dir/lib/PositioningSystem_V5_1_pkg_19/sort.c.o[0m
[ 91%] [32mBuilding C object CMakeFiles/ipe_v4_2.dir/lib/PositioningSystem_V5_1_pkg_19/sortIdx.c.o[0m
[01m[Kcc1:[m[K [01;35m[Kwarning: [m[Kcommand-line option ‘[01m[K-std=c++11[m[K’ is valid for C++/ObjC++ but not for C
[ 93%] [32mBuilding C object CMakeFiles/ipe_v4_2.dir/lib/PositioningSystem_V5_1_pkg_19/xzgetrf.c.o[0m
[01m[Kcc1:[m[K [01;35m[Kwarning: [m[Kcommand-line option ‘[01m[K-std=c++11[m[K’ is valid for C++/ObjC++ but not for C
[01m[Kcc1:[m[K [01;35m[Kwarning: [m[Kcommand-line option ‘[01m[K-std=c++11[m[K’ is valid for C++/ObjC++ but not for C
[ 95%] [32m[1mLinking CXX shared library /home/keti/catkin_ws/devel/.private/ipe_v4_2/lib/libipe_v4_2.so[0m
[ 95%] Built target ipe_v4_2
[35m[1mScanning dependencies of target ipe_v4_2_node[0m
[ 97%] [32mBuilding CXX object CMakeFiles/ipe_v4_2_node.dir/src/main.cpp.o[0m
[100%] [32m[1mLinking CXX executable /home/keti/catkin_ws/devel/.private/ipe_v4_2/lib/ipe_v4_2/ipe_v4_2_node[0m
[100%] Built target ipe_v4_2_node
