[01m[Kcc1:[m[K [01;35m[Kwarning: [m[Kcommand-line option ‘[01m[K-std=c++11[m[K’ is valid for C++/ObjC++ but not for C
[01m[Kcc1:[m[K [01;35m[Kwarning: [m[Kcommand-line option ‘[01m[K-std=c++11[m[K’ is valid for C++/ObjC++ but not for C
[01m[Kcc1:[m[K [01;35m[Kwarning: [m[Kcommand-line option ‘[01m[K-std=c++11[m[K’ is valid for C++/ObjC++ but not for C
[01m[Kcc1:[m[K [01;35m[Kwarning: [m[Kcommand-line option ‘[01m[K-std=c++11[m[K’ is valid for C++/ObjC++ but not for C
[01m[Kcc1:[m[K [01;35m[Kwarning: [m[Kcommand-line option ‘[01m[K-std=c++11[m[K’ is valid for C++/ObjC++ but not for C
[01m[Kcc1:[m[K [01;35m[Kwarning: [m[Kcommand-line option ‘[01m[K-std=c++11[m[K’ is valid for C++/ObjC++ but not for C
[01m[K/home/keti/catkin_ws/src/ipe_v4_2/lib/PositioningSystem_V5_1_pkg_4/EKF_UWB_SLAM_4.c:18:10:[m[K [01;31m[Kfatal error: [m[Kemmintrin.h: No such file or directory
   18 | #include [01;31m[K<emmintrin.h>[m[K
      |          [01;31m[K^~~~~~~~~~~~~[m[K
compilation terminated.
[01m[K/home/keti/catkin_ws/src/ipe_v4_2/lib/PositioningSystem_V5_1_pkg_4/PositioningSystem_V5_1.c:25:10:[m[K [01;31m[Kfatal error: [m[Kemmintrin.h: No such file or directory
   25 | #include [01;31m[K<emmintrin.h>[m[K
      |          [01;31m[K^~~~~~~~~~~~~[m[K
compilation terminated.
[01m[K/home/keti/catkin_ws/src/ipe_v4_2/lib/PositioningSystem_V5_1_pkg_4/EKF_UWB_SLAM_IMU_1.c:17:10:[m[K [01;31m[Kfatal error: [m[Kemmintrin.h: No such file or directory
   17 | #include [01;31m[K<emmintrin.h>[m[K
      |          [01;31m[K^~~~~~~~~~~~~[m[K
compilation terminated.
make[2]: *** [CMakeFiles/ipe_v4_2.dir/build.make:141: CMakeFiles/ipe_v4_2.dir/lib/PositioningSystem_V5_1_pkg_4/EKF_UWB_SLAM_4.c.o] Error 1
make[2]: *** Waiting for unfinished jobs....
make[2]: *** [CMakeFiles/ipe_v4_2.dir/build.make:167: CMakeFiles/ipe_v4_2.dir/lib/PositioningSystem_V5_1_pkg_4/PositioningSystem_V5_1.c.o] Error 1
make[2]: *** [CMakeFiles/ipe_v4_2.dir/build.make:154: CMakeFiles/ipe_v4_2.dir/lib/PositioningSystem_V5_1_pkg_4/EKF_UWB_SLAM_IMU_1.c.o] Error 1
make[1]: *** [CMakeFiles/Makefile2:209: CMakeFiles/ipe_v4_2.dir/all] Error 2
make: *** [Makefile:141: all] Error 2
