[01m[K/home/keti/catkin_ws/src/ipe_v4_2/src/map_param_chungra.cpp:61:1:[m[K [01;31m[Kerror: [m[K‘[01m[KParam[m[K’ does not name a type
   61 | [01;31m[KParam[m[K = {s, *sA, roll, pitch, yaw, *SLAMposInit};
      | [01;31m[K^~~~~[m[K
make[2]: *** [CMakeFiles/ipe_v4_2.dir/build.make:141: CMakeFiles/ipe_v4_2.dir/src/map_param_chungra.cpp.o] Error 1
make[2]: *** Waiting for unfinished jobs....
[01m[K/home/keti/catkin_ws/src/ipe_v4_2/src/uwbsubscriber.cpp:[m[K In member function ‘[01m[Kvoid UwbSubscriber::processPacketData(IPEDataPacket&, double, SensorData*)[m[K’:
[01m[K/home/keti/catkin_ws/src/ipe_v4_2/src/uwbsubscriber.cpp:284:78:[m[K [01;31m[Kerror: [m[Kcannot convert ‘[01m[Kconst struct0_T**[m[K’ to ‘[01m[Kconst struct0_T*[m[K’
  284 |             PositioningSystem_V5_1(PositionVector_data, PositionVector_size, [01;31m[K&MapParam[m[K, PositionOut);  // changed by joo(24.08.21, pkg_5.1.16 ~)
      |                                                                              [01;31m[K^~~~~~~~~[m[K
      |                                                                              [01;31m[K|[m[K
      |                                                                              [01;31m[Kconst struct0_T**[m[K
In file included from [01m[K/home/keti/catkin_ws/src/ipe_v4_2/include/uwbsubscriber.h:65[m[K,
                 from [01m[K/home/keti/catkin_ws/src/ipe_v4_2/src/uwbsubscriber.cpp:33[m[K:
[01m[K/home/keti/catkin_ws/src/ipe_v4_2/lib/PositioningSystem_V5_1_pkg_18/PositioningSystem_V5_1.h:24:53:[m[K [01;36m[Knote: [m[K  initializing argument 3 of ‘[01m[Kvoid PositioningSystem_V5_1(const double*, const int*, const struct0_T*, double*)[m[K’
   24 |                                    [01;36m[Kconst struct0_T *MapParam[m[K,
      |                                    [01;36m[K~~~~~~~~~~~~~~~~~^~~~~~~~[m[K
[01m[K/home/keti/catkin_ws/src/ipe_v4_2/src/slamsubscriber_ipe_v4_2.cpp:[m[K In member function ‘[01m[Kvoid SlamSubscriber::processPacketData(IPEDataPacket&, double, SensorData*)[m[K’:
[01m[K/home/keti/catkin_ws/src/ipe_v4_2/src/slamsubscriber_ipe_v4_2.cpp:166:77:[m[K [01;31m[Kerror: [m[Kcannot convert ‘[01m[Kconst struct0_T**[m[K’ to ‘[01m[Kconst struct0_T*[m[K’
  166 |     PositioningSystem_V5_1(PositionVector_data.data(), PositionVector_size, [01;31m[K&MapParam[m[K, PositionOut);  // changed by joo(24.08.21, pkg_5.1.16 ~)
      |                                                                             [01;31m[K^~~~~~~~~[m[K
      |                                                                             [01;31m[K|[m[K
      |                                                                             [01;31m[Kconst struct0_T**[m[K
In file included from [01m[K/home/keti/catkin_ws/src/ipe_v4_2/include/uwbsubscriber.h:65[m[K,
                 from [01m[K/home/keti/catkin_ws/src/ipe_v4_2/include/slamsubscriber_ipe_v4_2.h:11[m[K,
                 from [01m[K/home/keti/catkin_ws/src/ipe_v4_2/src/slamsubscriber_ipe_v4_2.cpp:2[m[K:
[01m[K/home/keti/catkin_ws/src/ipe_v4_2/lib/PositioningSystem_V5_1_pkg_18/PositioningSystem_V5_1.h:24:53:[m[K [01;36m[Knote: [m[K  initializing argument 3 of ‘[01m[Kvoid PositioningSystem_V5_1(const double*, const int*, const struct0_T*, double*)[m[K’
   24 |                                    [01;36m[Kconst struct0_T *MapParam[m[K,
      |                                    [01;36m[K~~~~~~~~~~~~~~~~~^~~~~~~~[m[K
make[2]: *** [CMakeFiles/ipe_v4_2.dir/build.make:115: CMakeFiles/ipe_v4_2.dir/src/uwbsubscriber.cpp.o] Error 1
make[2]: *** [CMakeFiles/ipe_v4_2.dir/build.make:128: CMakeFiles/ipe_v4_2.dir/src/slamsubscriber_ipe_v4_2.cpp.o] Error 1
make[1]: *** [CMakeFiles/Makefile2:209: CMakeFiles/ipe_v4_2.dir/all] Error 2
make: *** [Makefile:141: all] Error 2
