In file included from [01m[K/home/keti/catkin_ws/src/ipe_v4_2/include/slamsubscriber_ipe_v4_2.h:29[m[K,
                 from [01m[K/home/keti/catkin_ws/src/ipe_v4_2/src/slamsubscriber_ipe_v4_2.cpp:2[m[K:
[01m[K/home/keti/catkin_ws/src/ipe_v4_2/include/map_param_chungra.h:1:14:[m[K [01;31m[Kerror: [m[Kredefinition of ‘[01m[Kconst double s[m[K’
    1 | const double [01;31m[Ks[m[K = 3.7138;
      |              [01;31m[K^[m[K
In file included from [01m[K/home/keti/catkin_ws/src/ipe_v4_2/include/uwbsubscriber.h:70[m[K,
                 from [01m[K/home/keti/catkin_ws/src/ipe_v4_2/include/slamsubscriber_ipe_v4_2.h:11[m[K,
                 from [01m[K/home/keti/catkin_ws/src/ipe_v4_2/src/slamsubscriber_ipe_v4_2.cpp:2[m[K:
[01m[K/home/keti/catkin_ws/src/ipe_v4_2/include/map_param_chungra.h:1:14:[m[K [01;36m[Knote: [m[K‘[01m[Kconst double s[m[K’ previously defined here
    1 | const double [01;36m[Ks[m[K = 3.7138;
      |              [01;36m[K^[m[K
In file included from [01m[K/home/keti/catkin_ws/src/ipe_v4_2/include/slamsubscriber_ipe_v4_2.h:29[m[K,
                 from [01m[K/home/keti/catkin_ws/src/ipe_v4_2/src/slamsubscriber_ipe_v4_2.cpp:2[m[K:
[01m[K/home/keti/catkin_ws/src/ipe_v4_2/include/map_param_chungra.h:2:14:[m[K [01;31m[Kerror: [m[Kredefinition of ‘[01m[Kconst double roll[m[K’
    2 | const double [01;31m[Kroll[m[K = 0.012;
      |              [01;31m[K^~~~[m[K
In file included from [01m[K/home/keti/catkin_ws/src/ipe_v4_2/include/uwbsubscriber.h:70[m[K,
                 from [01m[K/home/keti/catkin_ws/src/ipe_v4_2/include/slamsubscriber_ipe_v4_2.h:11[m[K,
                 from [01m[K/home/keti/catkin_ws/src/ipe_v4_2/src/slamsubscriber_ipe_v4_2.cpp:2[m[K:
[01m[K/home/keti/catkin_ws/src/ipe_v4_2/include/map_param_chungra.h:2:14:[m[K [01;36m[Knote: [m[K‘[01m[Kconst double roll[m[K’ previously defined here
    2 | const double [01;36m[Kroll[m[K = 0.012;
      |              [01;36m[K^~~~[m[K
In file included from [01m[K/home/keti/catkin_ws/src/ipe_v4_2/include/slamsubscriber_ipe_v4_2.h:29[m[K,
                 from [01m[K/home/keti/catkin_ws/src/ipe_v4_2/src/slamsubscriber_ipe_v4_2.cpp:2[m[K:
[01m[K/home/keti/catkin_ws/src/ipe_v4_2/include/map_param_chungra.h:3:14:[m[K [01;31m[Kerror: [m[Kredefinition of ‘[01m[Kconst double pitch[m[K’
    3 | const double [01;31m[Kpitch[m[K = 4.722;
      |              [01;31m[K^~~~~[m[K
In file included from [01m[K/home/keti/catkin_ws/src/ipe_v4_2/include/uwbsubscriber.h:70[m[K,
                 from [01m[K/home/keti/catkin_ws/src/ipe_v4_2/include/slamsubscriber_ipe_v4_2.h:11[m[K,
                 from [01m[K/home/keti/catkin_ws/src/ipe_v4_2/src/slamsubscriber_ipe_v4_2.cpp:2[m[K:
[01m[K/home/keti/catkin_ws/src/ipe_v4_2/include/map_param_chungra.h:3:14:[m[K [01;36m[Knote: [m[K‘[01m[Kconst double pitch[m[K’ previously defined here
    3 | const double [01;36m[Kpitch[m[K = 4.722;
      |              [01;36m[K^~~~~[m[K
In file included from [01m[K/home/keti/catkin_ws/src/ipe_v4_2/include/slamsubscriber_ipe_v4_2.h:29[m[K,
                 from [01m[K/home/keti/catkin_ws/src/ipe_v4_2/src/slamsubscriber_ipe_v4_2.cpp:2[m[K:
[01m[K/home/keti/catkin_ws/src/ipe_v4_2/include/map_param_chungra.h:4:14:[m[K [01;31m[Kerror: [m[Kredefinition of ‘[01m[Kconst double yaw[m[K’
    4 | const double [01;31m[Kyaw[m[K = -0.0216;
      |              [01;31m[K^~~[m[K
In file included from [01m[K/home/keti/catkin_ws/src/ipe_v4_2/include/uwbsubscriber.h:70[m[K,
                 from [01m[K/home/keti/catkin_ws/src/ipe_v4_2/include/slamsubscriber_ipe_v4_2.h:11[m[K,
                 from [01m[K/home/keti/catkin_ws/src/ipe_v4_2/src/slamsubscriber_ipe_v4_2.cpp:2[m[K:
[01m[K/home/keti/catkin_ws/src/ipe_v4_2/include/map_param_chungra.h:4:14:[m[K [01;36m[Knote: [m[K‘[01m[Kconst double yaw[m[K’ previously defined here
    4 | const double [01;36m[Kyaw[m[K = -0.0216;
      |              [01;36m[K^~~[m[K
In file included from [01m[K/home/keti/catkin_ws/src/ipe_v4_2/include/slamsubscriber_ipe_v4_2.h:29[m[K,
                 from [01m[K/home/keti/catkin_ws/src/ipe_v4_2/src/slamsubscriber_ipe_v4_2.cpp:2[m[K:
[01m[K/home/keti/catkin_ws/src/ipe_v4_2/include/map_param_chungra.h:6:14:[m[K [01;31m[Kerror: [m[Kredefinition of ‘[01m[Kconst double sA_00[m[K’
    6 | const double [01;31m[KsA_00[m[K = -0.035;
      |              [01;31m[K^~~~~[m[K
In file included from [01m[K/home/keti/catkin_ws/src/ipe_v4_2/include/uwbsubscriber.h:70[m[K,
                 from [01m[K/home/keti/catkin_ws/src/ipe_v4_2/include/slamsubscriber_ipe_v4_2.h:11[m[K,
                 from [01m[K/home/keti/catkin_ws/src/ipe_v4_2/src/slamsubscriber_ipe_v4_2.cpp:2[m[K:
[01m[K/home/keti/catkin_ws/src/ipe_v4_2/include/map_param_chungra.h:6:14:[m[K [01;36m[Knote: [m[K‘[01m[Kconst double sA_00[m[K’ previously defined here
    6 | const double [01;36m[KsA_00[m[K = -0.035;
      |              [01;36m[K^~~~~[m[K
In file included from [01m[K/home/keti/catkin_ws/src/ipe_v4_2/include/slamsubscriber_ipe_v4_2.h:29[m[K,
                 from [01m[K/home/keti/catkin_ws/src/ipe_v4_2/src/slamsubscriber_ipe_v4_2.cpp:2[m[K:
[01m[K/home/keti/catkin_ws/src/ipe_v4_2/include/map_param_chungra.h:7:14:[m[K [01;31m[Kerror: [m[Kredefinition of ‘[01m[Kconst double sA_01[m[K’
    7 | const double [01;31m[KsA_01[m[K = -3.701;
      |              [01;31m[K^~~~~[m[K
In file included from [01m[K/home/keti/catkin_ws/src/ipe_v4_2/include/uwbsubscriber.h:70[m[K,
                 from [01m[K/home/keti/catkin_ws/src/ipe_v4_2/include/slamsubscriber_ipe_v4_2.h:11[m[K,
                 from [01m[K/home/keti/catkin_ws/src/ipe_v4_2/src/slamsubscriber_ipe_v4_2.cpp:2[m[K:
[01m[K/home/keti/catkin_ws/src/ipe_v4_2/include/map_param_chungra.h:7:14:[m[K [01;36m[Knote: [m[K‘[01m[Kconst double sA_01[m[K’ previously defined here
    7 | const double [01;36m[KsA_01[m[K = -3.701;
      |              [01;36m[K^~~~~[m[K
In file included from [01m[K/home/keti/catkin_ws/src/ipe_v4_2/include/slamsubscriber_ipe_v4_2.h:29[m[K,
                 from [01m[K/home/keti/catkin_ws/src/ipe_v4_2/src/slamsubscriber_ipe_v4_2.cpp:2[m[K:
[01m[K/home/keti/catkin_ws/src/ipe_v4_2/include/map_param_chungra.h:8:14:[m[K [01;31m[Kerror: [m[Kredefinition of ‘[01m[Kconst double sA_02[m[K’
    8 | const double [01;31m[KsA_02[m[K = 0.0456;
      |              [01;31m[K^~~~~[m[K
In file included from [01m[K/home/keti/catkin_ws/src/ipe_v4_2/include/uwbsubscriber.h:70[m[K,
                 from [01m[K/home/keti/catkin_ws/src/ipe_v4_2/include/slamsubscriber_ipe_v4_2.h:11[m[K,
                 from [01m[K/home/keti/catkin_ws/src/ipe_v4_2/src/slamsubscriber_ipe_v4_2.cpp:2[m[K:
[01m[K/home/keti/catkin_ws/src/ipe_v4_2/include/map_param_chungra.h:8:14:[m[K [01;36m[Knote: [m[K‘[01m[Kconst double sA_02[m[K’ previously defined here
    8 | const double [01;36m[KsA_02[m[K = 0.0456;
      |              [01;36m[K^~~~~[m[K
In file included from [01m[K/home/keti/catkin_ws/src/ipe_v4_2/include/slamsubscriber_ipe_v4_2.h:29[m[K,
                 from [01m[K/home/keti/catkin_ws/src/ipe_v4_2/src/slamsubscriber_ipe_v4_2.cpp:2[m[K:
[01m[K/home/keti/catkin_ws/src/ipe_v4_2/include/map_param_chungra.h:9:14:[m[K [01;31m[Kerror: [m[Kredefinition of ‘[01m[Kconst double sA_10[m[K’
    9 | const double [01;31m[KsA_10[m[K = 3.6505;
      |              [01;31m[K^~~~~[m[K
In file included from [01m[K/home/keti/catkin_ws/src/ipe_v4_2/include/uwbsubscriber.h:70[m[K,
                 from [01m[K/home/keti/catkin_ws/src/ipe_v4_2/include/slamsubscriber_ipe_v4_2.h:11[m[K,
                 from [01m[K/home/keti/catkin_ws/src/ipe_v4_2/src/slamsubscriber_ipe_v4_2.cpp:2[m[K:
[01m[K/home/keti/catkin_ws/src/ipe_v4_2/include/map_param_chungra.h:9:14:[m[K [01;36m[Knote: [m[K‘[01m[Kconst double sA_10[m[K’ previously defined here
    9 | const double [01;36m[KsA_10[m[K = 3.6505;
      |              [01;36m[K^~~~~[m[K
In file included from [01m[K/home/keti/catkin_ws/src/ipe_v4_2/include/slamsubscriber_ipe_v4_2.h:29[m[K,
                 from [01m[K/home/keti/catkin_ws/src/ipe_v4_2/src/slamsubscriber_ipe_v4_2.cpp:2[m[K:
[01m[K/home/keti/catkin_ws/src/ipe_v4_2/include/map_param_chungra.h:10:14:[m[K [01;31m[Kerror: [m[Kredefinition of ‘[01m[Kconst double sA_11[m[K’
   10 | const double [01;31m[KsA_11[m[K = 0.1008;
      |              [01;31m[K^~~~~[m[K
In file included from [01m[K/home/keti/catkin_ws/src/ipe_v4_2/include/uwbsubscriber.h:70[m[K,
                 from [01m[K/home/keti/catkin_ws/src/ipe_v4_2/include/slamsubscriber_ipe_v4_2.h:11[m[K,
                 from [01m[K/home/keti/catkin_ws/src/ipe_v4_2/src/slamsubscriber_ipe_v4_2.cpp:2[m[K:
[01m[K/home/keti/catkin_ws/src/ipe_v4_2/include/map_param_chungra.h:10:14:[m[K [01;36m[Knote: [m[K‘[01m[Kconst double sA_11[m[K’ previously defined here
   10 | const double [01;36m[KsA_11[m[K = 0.1008;
      |              [01;36m[K^~~~~[m[K
In file included from [01m[K/home/keti/catkin_ws/src/ipe_v4_2/include/slamsubscriber_ipe_v4_2.h:29[m[K,
                 from [01m[K/home/keti/catkin_ws/src/ipe_v4_2/src/slamsubscriber_ipe_v4_2.cpp:2[m[K:
[01m[K/home/keti/catkin_ws/src/ipe_v4_2/include/map_param_chungra.h:11:14:[m[K [01;31m[Kerror: [m[Kredefinition of ‘[01m[Kconst double sA_12[m[K’
   11 | const double [01;31m[KsA_12[m[K = -0.0801;
      |              [01;31m[K^~~~~[m[K
In file included from [01m[K/home/keti/catkin_ws/src/ipe_v4_2/include/uwbsubscriber.h:70[m[K,
                 from [01m[K/home/keti/catkin_ws/src/ipe_v4_2/include/slamsubscriber_ipe_v4_2.h:11[m[K,
                 from [01m[K/home/keti/catkin_ws/src/ipe_v4_2/src/slamsubscriber_ipe_v4_2.cpp:2[m[K:
[01m[K/home/keti/catkin_ws/src/ipe_v4_2/include/map_param_chungra.h:11:14:[m[K [01;36m[Knote: [m[K‘[01m[Kconst double sA_12[m[K’ previously defined here
   11 | const double [01;36m[KsA_12[m[K = -0.0801;
      |              [01;36m[K^~~~~[m[K
In file included from [01m[K/home/keti/catkin_ws/src/ipe_v4_2/include/slamsubscriber_ipe_v4_2.h:29[m[K,
                 from [01m[K/home/keti/catkin_ws/src/ipe_v4_2/src/slamsubscriber_ipe_v4_2.cpp:2[m[K:
[01m[K/home/keti/catkin_ws/src/ipe_v4_2/include/map_param_chungra.h:12:14:[m[K [01;31m[Kerror: [m[Kredefinition of ‘[01m[Kconst double sA_20[m[K’
   12 | const double [01;31m[KsA_20[m[K = 0.0216;
      |              [01;31m[K^~~~~[m[K
In file included from [01m[K/home/keti/catkin_ws/src/ipe_v4_2/include/uwbsubscriber.h:70[m[K,
                 from [01m[K/home/keti/catkin_ws/src/ipe_v4_2/include/slamsubscriber_ipe_v4_2.h:11[m[K,
                 from [01m[K/home/keti/catkin_ws/src/ipe_v4_2/src/slamsubscriber_ipe_v4_2.cpp:2[m[K:
[01m[K/home/keti/catkin_ws/src/ipe_v4_2/include/map_param_chungra.h:12:14:[m[K [01;36m[Knote: [m[K‘[01m[Kconst double sA_20[m[K’ previously defined here
   12 | const double [01;36m[KsA_20[m[K = 0.0216;
      |              [01;36m[K^~~~~[m[K
In file included from [01m[K/home/keti/catkin_ws/src/ipe_v4_2/include/slamsubscriber_ipe_v4_2.h:29[m[K,
                 from [01m[K/home/keti/catkin_ws/src/ipe_v4_2/src/slamsubscriber_ipe_v4_2.cpp:2[m[K:
[01m[K/home/keti/catkin_ws/src/ipe_v4_2/include/map_param_chungra.h:13:14:[m[K [01;31m[Kerror: [m[Kredefinition of ‘[01m[Kconst double sA_21[m[K’
   13 | const double [01;31m[KsA_21[m[K = 0.0121;
      |              [01;31m[K^~~~~[m[K
In file included from [01m[K/home/keti/catkin_ws/src/ipe_v4_2/include/uwbsubscriber.h:70[m[K,
                 from [01m[K/home/keti/catkin_ws/src/ipe_v4_2/include/slamsubscriber_ipe_v4_2.h:11[m[K,
                 from [01m[K/home/keti/catkin_ws/src/ipe_v4_2/src/slamsubscriber_ipe_v4_2.cpp:2[m[K:
[01m[K/home/keti/catkin_ws/src/ipe_v4_2/include/map_param_chungra.h:13:14:[m[K [01;36m[Knote: [m[K‘[01m[Kconst double sA_21[m[K’ previously defined here
   13 | const double [01;36m[KsA_21[m[K = 0.0121;
      |              [01;36m[K^~~~~[m[K
In file included from [01m[K/home/keti/catkin_ws/src/ipe_v4_2/include/slamsubscriber_ipe_v4_2.h:29[m[K,
                 from [01m[K/home/keti/catkin_ws/src/ipe_v4_2/src/slamsubscriber_ipe_v4_2.cpp:2[m[K:
[01m[K/home/keti/catkin_ws/src/ipe_v4_2/include/map_param_chungra.h:14:14:[m[K [01;31m[Kerror: [m[Kredefinition of ‘[01m[Kconst double sA_22[m[K’
   14 | const double [01;31m[KsA_22[m[K = 0.9997;
      |              [01;31m[K^~~~~[m[K
In file included from [01m[K/home/keti/catkin_ws/src/ipe_v4_2/include/uwbsubscriber.h:70[m[K,
                 from [01m[K/home/keti/catkin_ws/src/ipe_v4_2/include/slamsubscriber_ipe_v4_2.h:11[m[K,
                 from [01m[K/home/keti/catkin_ws/src/ipe_v4_2/src/slamsubscriber_ipe_v4_2.cpp:2[m[K:
[01m[K/home/keti/catkin_ws/src/ipe_v4_2/include/map_param_chungra.h:14:14:[m[K [01;36m[Knote: [m[K‘[01m[Kconst double sA_22[m[K’ previously defined here
   14 | const double [01;36m[KsA_22[m[K = 0.9997;
      |              [01;36m[K^~~~~[m[K
In file included from [01m[K/home/keti/catkin_ws/src/ipe_v4_2/include/slamsubscriber_ipe_v4_2.h:29[m[K,
                 from [01m[K/home/keti/catkin_ws/src/ipe_v4_2/src/slamsubscriber_ipe_v4_2.cpp:2[m[K:
[01m[K/home/keti/catkin_ws/src/ipe_v4_2/include/map_param_chungra.h:16:14:[m[K [01;31m[Kerror: [m[Kredefinition of ‘[01m[Kconst double SLAMposInit_0[m[K’
   16 | const double [01;31m[KSLAMposInit_0[m[K = 3.9997;
      |              [01;31m[K^~~~~~~~~~~~~[m[K
In file included from [01m[K/home/keti/catkin_ws/src/ipe_v4_2/include/uwbsubscriber.h:70[m[K,
                 from [01m[K/home/keti/catkin_ws/src/ipe_v4_2/include/slamsubscriber_ipe_v4_2.h:11[m[K,
                 from [01m[K/home/keti/catkin_ws/src/ipe_v4_2/src/slamsubscriber_ipe_v4_2.cpp:2[m[K:
[01m[K/home/keti/catkin_ws/src/ipe_v4_2/include/map_param_chungra.h:16:14:[m[K [01;36m[Knote: [m[K‘[01m[Kconst double SLAMposInit_0[m[K’ previously defined here
   16 | const double [01;36m[KSLAMposInit_0[m[K = 3.9997;
      |              [01;36m[K^~~~~~~~~~~~~[m[K
In file included from [01m[K/home/keti/catkin_ws/src/ipe_v4_2/include/slamsubscriber_ipe_v4_2.h:29[m[K,
                 from [01m[K/home/keti/catkin_ws/src/ipe_v4_2/src/slamsubscriber_ipe_v4_2.cpp:2[m[K:
[01m[K/home/keti/catkin_ws/src/ipe_v4_2/include/map_param_chungra.h:17:14:[m[K [01;31m[Kerror: [m[Kredefinition of ‘[01m[Kconst double SLAMposInit_1[m[K’
   17 | const double [01;31m[KSLAMposInit_1[m[K = 77.71;
      |              [01;31m[K^~~~~~~~~~~~~[m[K
In file included from [01m[K/home/keti/catkin_ws/src/ipe_v4_2/include/uwbsubscriber.h:70[m[K,
                 from [01m[K/home/keti/catkin_ws/src/ipe_v4_2/include/slamsubscriber_ipe_v4_2.h:11[m[K,
                 from [01m[K/home/keti/catkin_ws/src/ipe_v4_2/src/slamsubscriber_ipe_v4_2.cpp:2[m[K:
[01m[K/home/keti/catkin_ws/src/ipe_v4_2/include/map_param_chungra.h:17:14:[m[K [01;36m[Knote: [m[K‘[01m[Kconst double SLAMposInit_1[m[K’ previously defined here
   17 | const double [01;36m[KSLAMposInit_1[m[K = 77.71;
      |              [01;36m[K^~~~~~~~~~~~~[m[K
In file included from [01m[K/home/keti/catkin_ws/src/ipe_v4_2/include/slamsubscriber_ipe_v4_2.h:29[m[K,
                 from [01m[K/home/keti/catkin_ws/src/ipe_v4_2/src/slamsubscriber_ipe_v4_2.cpp:2[m[K:
[01m[K/home/keti/catkin_ws/src/ipe_v4_2/include/map_param_chungra.h:18:14:[m[K [01;31m[Kerror: [m[Kredefinition of ‘[01m[Kconst double SLAMposInit_2[m[K’
   18 | const double [01;31m[KSLAMposInit_2[m[K = 0.0;
      |              [01;31m[K^~~~~~~~~~~~~[m[K
In file included from [01m[K/home/keti/catkin_ws/src/ipe_v4_2/include/uwbsubscriber.h:70[m[K,
                 from [01m[K/home/keti/catkin_ws/src/ipe_v4_2/include/slamsubscriber_ipe_v4_2.h:11[m[K,
                 from [01m[K/home/keti/catkin_ws/src/ipe_v4_2/src/slamsubscriber_ipe_v4_2.cpp:2[m[K:
[01m[K/home/keti/catkin_ws/src/ipe_v4_2/include/map_param_chungra.h:18:14:[m[K [01;36m[Knote: [m[K‘[01m[Kconst double SLAMposInit_2[m[K’ previously defined here
   18 | const double [01;36m[KSLAMposInit_2[m[K = 0.0;
      |              [01;36m[K^~~~~~~~~~~~~[m[K
In file included from [01m[K/home/keti/catkin_ws/src/ipe_v4_2/include/slamsubscriber_ipe_v4_2.h:29[m[K,
                 from [01m[K/home/keti/catkin_ws/src/ipe_v4_2/src/slamsubscriber_ipe_v4_2.cpp:2[m[K:
[01m[K/home/keti/catkin_ws/src/ipe_v4_2/include/map_param_chungra.h:21:14:[m[K [01;31m[Kerror: [m[Kredefinition of ‘[01m[Kconst double MapParam [16][m[K’
   21 | const double [01;31m[KMapParam[m[K[16] = {s, roll, pitch, yaw, sA_00, sA_01, sA_02, sA_10, sA_11, sA_12, sA_20, sA_21, sA_22, SLAMposInit_0, SLAMposInit_1, SLAMposInit_2};
      |              [01;31m[K^~~~~~~~[m[K
In file included from [01m[K/home/keti/catkin_ws/src/ipe_v4_2/include/uwbsubscriber.h:70[m[K,
                 from [01m[K/home/keti/catkin_ws/src/ipe_v4_2/include/slamsubscriber_ipe_v4_2.h:11[m[K,
                 from [01m[K/home/keti/catkin_ws/src/ipe_v4_2/src/slamsubscriber_ipe_v4_2.cpp:2[m[K:
[01m[K/home/keti/catkin_ws/src/ipe_v4_2/include/map_param_chungra.h:21:14:[m[K [01;36m[Knote: [m[K‘[01m[Kconst double MapParam [16][m[K’ previously defined here
   21 | const double [01;36m[KMapParam[m[K[16] = {s, roll, pitch, yaw, sA_00, sA_01, sA_02, sA_10, sA_11, sA_12, sA_20, sA_21, sA_22, SLAMposInit_0, SLAMposInit_1, SLAMposInit_2};
      |              [01;36m[K^~~~~~~~[m[K
In file included from [01m[K/home/keti/catkin_ws/src/ipe_v4_2/include/slamsubscriber_ipe_v4_2.h:29[m[K,
                 from [01m[K/home/keti/catkin_ws/src/ipe_v4_2/include/ipeinterface.h:62[m[K,
                 from [01m[K/home/keti/catkin_ws/src/ipe_v4_2/src/main.cpp:35[m[K:
[01m[K/home/keti/catkin_ws/src/ipe_v4_2/include/map_param_chungra.h:1:14:[m[K [01;31m[Kerror: [m[Kredefinition of ‘[01m[Kconst double s[m[K’
    1 | const double [01;31m[Ks[m[K = 3.7138;
      |              [01;31m[K^[m[K
In file included from [01m[K/home/keti/catkin_ws/src/ipe_v4_2/include/uwbsubscriber.h:70[m[K,
                 from [01m[K/home/keti/catkin_ws/src/ipe_v4_2/include/ipeinterface.h:56[m[K,
                 from [01m[K/home/keti/catkin_ws/src/ipe_v4_2/src/main.cpp:35[m[K:
[01m[K/home/keti/catkin_ws/src/ipe_v4_2/include/map_param_chungra.h:1:14:[m[K [01;36m[Knote: [m[K‘[01m[Kconst double s[m[K’ previously defined here
    1 | const double [01;36m[Ks[m[K = 3.7138;
      |              [01;36m[K^[m[K
In file included from [01m[K/home/keti/catkin_ws/src/ipe_v4_2/include/slamsubscriber_ipe_v4_2.h:29[m[K,
                 from [01m[K/home/keti/catkin_ws/src/ipe_v4_2/include/ipeinterface.h:62[m[K,
                 from [01m[K/home/keti/catkin_ws/src/ipe_v4_2/src/main.cpp:35[m[K:
[01m[K/home/keti/catkin_ws/src/ipe_v4_2/include/map_param_chungra.h:2:14:[m[K [01;31m[Kerror: [m[Kredefinition of ‘[01m[Kconst double roll[m[K’
    2 | const double [01;31m[Kroll[m[K = 0.012;
      |              [01;31m[K^~~~[m[K
In file included from [01m[K/home/keti/catkin_ws/src/ipe_v4_2/include/uwbsubscriber.h:70[m[K,
                 from [01m[K/home/keti/catkin_ws/src/ipe_v4_2/include/ipeinterface.h:56[m[K,
                 from [01m[K/home/keti/catkin_ws/src/ipe_v4_2/src/main.cpp:35[m[K:
[01m[K/home/keti/catkin_ws/src/ipe_v4_2/include/map_param_chungra.h:2:14:[m[K [01;36m[Knote: [m[K‘[01m[Kconst double roll[m[K’ previously defined here
    2 | const double [01;36m[Kroll[m[K = 0.012;
      |              [01;36m[K^~~~[m[K
In file included from [01m[K/home/keti/catkin_ws/src/ipe_v4_2/include/slamsubscriber_ipe_v4_2.h:29[m[K,
                 from [01m[K/home/keti/catkin_ws/src/ipe_v4_2/include/ipeinterface.h:62[m[K,
                 from [01m[K/home/keti/catkin_ws/src/ipe_v4_2/src/main.cpp:35[m[K:
[01m[K/home/keti/catkin_ws/src/ipe_v4_2/include/map_param_chungra.h:3:14:[m[K [01;31m[Kerror: [m[Kredefinition of ‘[01m[Kconst double pitch[m[K’
    3 | const double [01;31m[Kpitch[m[K = 4.722;
      |              [01;31m[K^~~~~[m[K
In file included from [01m[K/home/keti/catkin_ws/src/ipe_v4_2/include/uwbsubscriber.h:70[m[K,
                 from [01m[K/home/keti/catkin_ws/src/ipe_v4_2/include/ipeinterface.h:56[m[K,
                 from [01m[K/home/keti/catkin_ws/src/ipe_v4_2/src/main.cpp:35[m[K:
[01m[K/home/keti/catkin_ws/src/ipe_v4_2/include/map_param_chungra.h:3:14:[m[K [01;36m[Knote: [m[K‘[01m[Kconst double pitch[m[K’ previously defined here
    3 | const double [01;36m[Kpitch[m[K = 4.722;
      |              [01;36m[K^~~~~[m[K
In file included from [01m[K/home/keti/catkin_ws/src/ipe_v4_2/include/slamsubscriber_ipe_v4_2.h:29[m[K,
                 from [01m[K/home/keti/catkin_ws/src/ipe_v4_2/include/ipeinterface.h:62[m[K,
                 from [01m[K/home/keti/catkin_ws/src/ipe_v4_2/src/main.cpp:35[m[K:
[01m[K/home/keti/catkin_ws/src/ipe_v4_2/include/map_param_chungra.h:4:14:[m[K [01;31m[Kerror: [m[Kredefinition of ‘[01m[Kconst double yaw[m[K’
    4 | const double [01;31m[Kyaw[m[K = -0.0216;
      |              [01;31m[K^~~[m[K
In file included from [01m[K/home/keti/catkin_ws/src/ipe_v4_2/include/uwbsubscriber.h:70[m[K,
                 from [01m[K/home/keti/catkin_ws/src/ipe_v4_2/include/ipeinterface.h:56[m[K,
                 from [01m[K/home/keti/catkin_ws/src/ipe_v4_2/src/main.cpp:35[m[K:
[01m[K/home/keti/catkin_ws/src/ipe_v4_2/include/map_param_chungra.h:4:14:[m[K [01;36m[Knote: [m[K‘[01m[Kconst double yaw[m[K’ previously defined here
    4 | const double [01;36m[Kyaw[m[K = -0.0216;
      |              [01;36m[K^~~[m[K
In file included from [01m[K/home/keti/catkin_ws/src/ipe_v4_2/include/slamsubscriber_ipe_v4_2.h:29[m[K,
                 from [01m[K/home/keti/catkin_ws/src/ipe_v4_2/include/ipeinterface.h:62[m[K,
                 from [01m[K/home/keti/catkin_ws/src/ipe_v4_2/src/main.cpp:35[m[K:
[01m[K/home/keti/catkin_ws/src/ipe_v4_2/include/map_param_chungra.h:6:14:[m[K [01;31m[Kerror: [m[Kredefinition of ‘[01m[Kconst double sA_00[m[K’
    6 | const double [01;31m[KsA_00[m[K = -0.035;
      |              [01;31m[K^~~~~[m[K
In file included from [01m[K/home/keti/catkin_ws/src/ipe_v4_2/include/uwbsubscriber.h:70[m[K,
                 from [01m[K/home/keti/catkin_ws/src/ipe_v4_2/include/ipeinterface.h:56[m[K,
                 from [01m[K/home/keti/catkin_ws/src/ipe_v4_2/src/main.cpp:35[m[K:
[01m[K/home/keti/catkin_ws/src/ipe_v4_2/include/map_param_chungra.h:6:14:[m[K [01;36m[Knote: [m[K‘[01m[Kconst double sA_00[m[K’ previously defined here
    6 | const double [01;36m[KsA_00[m[K = -0.035;
      |              [01;36m[K^~~~~[m[K
In file included from [01m[K/home/keti/catkin_ws/src/ipe_v4_2/include/slamsubscriber_ipe_v4_2.h:29[m[K,
                 from [01m[K/home/keti/catkin_ws/src/ipe_v4_2/include/ipeinterface.h:62[m[K,
                 from [01m[K/home/keti/catkin_ws/src/ipe_v4_2/src/main.cpp:35[m[K:
[01m[K/home/keti/catkin_ws/src/ipe_v4_2/include/map_param_chungra.h:7:14:[m[K [01;31m[Kerror: [m[Kredefinition of ‘[01m[Kconst double sA_01[m[K’
    7 | const double [01;31m[KsA_01[m[K = -3.701;
      |              [01;31m[K^~~~~[m[K
In file included from [01m[K/home/keti/catkin_ws/src/ipe_v4_2/include/uwbsubscriber.h:70[m[K,
                 from [01m[K/home/keti/catkin_ws/src/ipe_v4_2/include/ipeinterface.h:56[m[K,
                 from [01m[K/home/keti/catkin_ws/src/ipe_v4_2/src/main.cpp:35[m[K:
[01m[K/home/keti/catkin_ws/src/ipe_v4_2/include/map_param_chungra.h:7:14:[m[K [01;36m[Knote: [m[K‘[01m[Kconst double sA_01[m[K’ previously defined here
    7 | const double [01;36m[KsA_01[m[K = -3.701;
      |              [01;36m[K^~~~~[m[K
In file included from [01m[K/home/keti/catkin_ws/src/ipe_v4_2/include/slamsubscriber_ipe_v4_2.h:29[m[K,
                 from [01m[K/home/keti/catkin_ws/src/ipe_v4_2/include/ipeinterface.h:62[m[K,
                 from [01m[K/home/keti/catkin_ws/src/ipe_v4_2/src/main.cpp:35[m[K:
[01m[K/home/keti/catkin_ws/src/ipe_v4_2/include/map_param_chungra.h:8:14:[m[K [01;31m[Kerror: [m[Kredefinition of ‘[01m[Kconst double sA_02[m[K’
    8 | const double [01;31m[KsA_02[m[K = 0.0456;
      |              [01;31m[K^~~~~[m[K
In file included from [01m[K/home/keti/catkin_ws/src/ipe_v4_2/include/uwbsubscriber.h:70[m[K,
                 from [01m[K/home/keti/catkin_ws/src/ipe_v4_2/include/ipeinterface.h:56[m[K,
                 from [01m[K/home/keti/catkin_ws/src/ipe_v4_2/src/main.cpp:35[m[K:
[01m[K/home/keti/catkin_ws/src/ipe_v4_2/include/map_param_chungra.h:8:14:[m[K [01;36m[Knote: [m[K‘[01m[Kconst double sA_02[m[K’ previously defined here
    8 | const double [01;36m[KsA_02[m[K = 0.0456;
      |              [01;36m[K^~~~~[m[K
In file included from [01m[K/home/keti/catkin_ws/src/ipe_v4_2/include/slamsubscriber_ipe_v4_2.h:29[m[K,
                 from [01m[K/home/keti/catkin_ws/src/ipe_v4_2/include/ipeinterface.h:62[m[K,
                 from [01m[K/home/keti/catkin_ws/src/ipe_v4_2/src/main.cpp:35[m[K:
[01m[K/home/keti/catkin_ws/src/ipe_v4_2/include/map_param_chungra.h:9:14:[m[K [01;31m[Kerror: [m[Kredefinition of ‘[01m[Kconst double sA_10[m[K’
    9 | const double [01;31m[KsA_10[m[K = 3.6505;
      |              [01;31m[K^~~~~[m[K
In file included from [01m[K/home/keti/catkin_ws/src/ipe_v4_2/include/uwbsubscriber.h:70[m[K,
                 from [01m[K/home/keti/catkin_ws/src/ipe_v4_2/include/ipeinterface.h:56[m[K,
                 from [01m[K/home/keti/catkin_ws/src/ipe_v4_2/src/main.cpp:35[m[K:
[01m[K/home/keti/catkin_ws/src/ipe_v4_2/include/map_param_chungra.h:9:14:[m[K [01;36m[Knote: [m[K‘[01m[Kconst double sA_10[m[K’ previously defined here
    9 | const double [01;36m[KsA_10[m[K = 3.6505;
      |              [01;36m[K^~~~~[m[K
In file included from [01m[K/home/keti/catkin_ws/src/ipe_v4_2/include/slamsubscriber_ipe_v4_2.h:29[m[K,
                 from [01m[K/home/keti/catkin_ws/src/ipe_v4_2/include/ipeinterface.h:62[m[K,
                 from [01m[K/home/keti/catkin_ws/src/ipe_v4_2/src/main.cpp:35[m[K:
[01m[K/home/keti/catkin_ws/src/ipe_v4_2/include/map_param_chungra.h:10:14:[m[K [01;31m[Kerror: [m[Kredefinition of ‘[01m[Kconst double sA_11[m[K’
   10 | const double [01;31m[KsA_11[m[K = 0.1008;
      |              [01;31m[K^~~~~[m[K
In file included from [01m[K/home/keti/catkin_ws/src/ipe_v4_2/include/uwbsubscriber.h:70[m[K,
                 from [01m[K/home/keti/catkin_ws/src/ipe_v4_2/include/ipeinterface.h:56[m[K,
                 from [01m[K/home/keti/catkin_ws/src/ipe_v4_2/src/main.cpp:35[m[K:
[01m[K/home/keti/catkin_ws/src/ipe_v4_2/include/map_param_chungra.h:10:14:[m[K [01;36m[Knote: [m[K‘[01m[Kconst double sA_11[m[K’ previously defined here
   10 | const double [01;36m[KsA_11[m[K = 0.1008;
      |              [01;36m[K^~~~~[m[K
In file included from [01m[K/home/keti/catkin_ws/src/ipe_v4_2/include/slamsubscriber_ipe_v4_2.h:29[m[K,
                 from [01m[K/home/keti/catkin_ws/src/ipe_v4_2/include/ipeinterface.h:62[m[K,
                 from [01m[K/home/keti/catkin_ws/src/ipe_v4_2/src/main.cpp:35[m[K:
[01m[K/home/keti/catkin_ws/src/ipe_v4_2/include/map_param_chungra.h:11:14:[m[K [01;31m[Kerror: [m[Kredefinition of ‘[01m[Kconst double sA_12[m[K’
   11 | const double [01;31m[KsA_12[m[K = -0.0801;
      |              [01;31m[K^~~~~[m[K
In file included from [01m[K/home/keti/catkin_ws/src/ipe_v4_2/include/uwbsubscriber.h:70[m[K,
                 from [01m[K/home/keti/catkin_ws/src/ipe_v4_2/include/ipeinterface.h:56[m[K,
                 from [01m[K/home/keti/catkin_ws/src/ipe_v4_2/src/main.cpp:35[m[K:
[01m[K/home/keti/catkin_ws/src/ipe_v4_2/include/map_param_chungra.h:11:14:[m[K [01;36m[Knote: [m[K‘[01m[Kconst double sA_12[m[K’ previously defined here
   11 | const double [01;36m[KsA_12[m[K = -0.0801;
      |              [01;36m[K^~~~~[m[K
In file included from [01m[K/home/keti/catkin_ws/src/ipe_v4_2/include/slamsubscriber_ipe_v4_2.h:29[m[K,
                 from [01m[K/home/keti/catkin_ws/src/ipe_v4_2/include/ipeinterface.h:62[m[K,
                 from [01m[K/home/keti/catkin_ws/src/ipe_v4_2/src/main.cpp:35[m[K:
[01m[K/home/keti/catkin_ws/src/ipe_v4_2/include/map_param_chungra.h:12:14:[m[K [01;31m[Kerror: [m[Kredefinition of ‘[01m[Kconst double sA_20[m[K’
   12 | const double [01;31m[KsA_20[m[K = 0.0216;
      |              [01;31m[K^~~~~[m[K
In file included from [01m[K/home/keti/catkin_ws/src/ipe_v4_2/include/uwbsubscriber.h:70[m[K,
                 from [01m[K/home/keti/catkin_ws/src/ipe_v4_2/include/ipeinterface.h:56[m[K,
                 from [01m[K/home/keti/catkin_ws/src/ipe_v4_2/src/main.cpp:35[m[K:
[01m[K/home/keti/catkin_ws/src/ipe_v4_2/include/map_param_chungra.h:12:14:[m[K [01;36m[Knote: [m[K‘[01m[Kconst double sA_20[m[K’ previously defined here
   12 | const double [01;36m[KsA_20[m[K = 0.0216;
      |              [01;36m[K^~~~~[m[K
In file included from [01m[K/home/keti/catkin_ws/src/ipe_v4_2/include/slamsubscriber_ipe_v4_2.h:29[m[K,
                 from [01m[K/home/keti/catkin_ws/src/ipe_v4_2/include/ipeinterface.h:62[m[K,
                 from [01m[K/home/keti/catkin_ws/src/ipe_v4_2/src/main.cpp:35[m[K:
[01m[K/home/keti/catkin_ws/src/ipe_v4_2/include/map_param_chungra.h:13:14:[m[K [01;31m[Kerror: [m[Kredefinition of ‘[01m[Kconst double sA_21[m[K’
   13 | const double [01;31m[KsA_21[m[K = 0.0121;
      |              [01;31m[K^~~~~[m[K
In file included from [01m[K/home/keti/catkin_ws/src/ipe_v4_2/include/uwbsubscriber.h:70[m[K,
                 from [01m[K/home/keti/catkin_ws/src/ipe_v4_2/include/ipeinterface.h:56[m[K,
                 from [01m[K/home/keti/catkin_ws/src/ipe_v4_2/src/main.cpp:35[m[K:
[01m[K/home/keti/catkin_ws/src/ipe_v4_2/include/map_param_chungra.h:13:14:[m[K [01;36m[Knote: [m[K‘[01m[Kconst double sA_21[m[K’ previously defined here
   13 | const double [01;36m[KsA_21[m[K = 0.0121;
      |              [01;36m[K^~~~~[m[K
In file included from [01m[K/home/keti/catkin_ws/src/ipe_v4_2/include/slamsubscriber_ipe_v4_2.h:29[m[K,
                 from [01m[K/home/keti/catkin_ws/src/ipe_v4_2/include/ipeinterface.h:62[m[K,
                 from [01m[K/home/keti/catkin_ws/src/ipe_v4_2/src/main.cpp:35[m[K:
[01m[K/home/keti/catkin_ws/src/ipe_v4_2/include/map_param_chungra.h:14:14:[m[K [01;31m[Kerror: [m[Kredefinition of ‘[01m[Kconst double sA_22[m[K’
   14 | const double [01;31m[KsA_22[m[K = 0.9997;
      |              [01;31m[K^~~~~[m[K
In file included from [01m[K/home/keti/catkin_ws/src/ipe_v4_2/include/uwbsubscriber.h:70[m[K,
                 from [01m[K/home/keti/catkin_ws/src/ipe_v4_2/include/ipeinterface.h:56[m[K,
                 from [01m[K/home/keti/catkin_ws/src/ipe_v4_2/src/main.cpp:35[m[K:
[01m[K/home/keti/catkin_ws/src/ipe_v4_2/include/map_param_chungra.h:14:14:[m[K [01;36m[Knote: [m[K‘[01m[Kconst double sA_22[m[K’ previously defined here
   14 | const double [01;36m[KsA_22[m[K = 0.9997;
      |              [01;36m[K^~~~~[m[K
In file included from [01m[K/home/keti/catkin_ws/src/ipe_v4_2/include/slamsubscriber_ipe_v4_2.h:29[m[K,
                 from [01m[K/home/keti/catkin_ws/src/ipe_v4_2/include/ipeinterface.h:62[m[K,
                 from [01m[K/home/keti/catkin_ws/src/ipe_v4_2/src/main.cpp:35[m[K:
[01m[K/home/keti/catkin_ws/src/ipe_v4_2/include/map_param_chungra.h:16:14:[m[K [01;31m[Kerror: [m[Kredefinition of ‘[01m[Kconst double SLAMposInit_0[m[K’
   16 | const double [01;31m[KSLAMposInit_0[m[K = 3.9997;
      |              [01;31m[K^~~~~~~~~~~~~[m[K
In file included from [01m[K/home/keti/catkin_ws/src/ipe_v4_2/include/uwbsubscriber.h:70[m[K,
                 from [01m[K/home/keti/catkin_ws/src/ipe_v4_2/include/ipeinterface.h:56[m[K,
                 from [01m[K/home/keti/catkin_ws/src/ipe_v4_2/src/main.cpp:35[m[K:
[01m[K/home/keti/catkin_ws/src/ipe_v4_2/include/map_param_chungra.h:16:14:[m[K [01;36m[Knote: [m[K‘[01m[Kconst double SLAMposInit_0[m[K’ previously defined here
   16 | const double [01;36m[KSLAMposInit_0[m[K = 3.9997;
      |              [01;36m[K^~~~~~~~~~~~~[m[K
In file included from [01m[K/home/keti/catkin_ws/src/ipe_v4_2/include/slamsubscriber_ipe_v4_2.h:29[m[K,
                 from [01m[K/home/keti/catkin_ws/src/ipe_v4_2/include/ipeinterface.h:62[m[K,
                 from [01m[K/home/keti/catkin_ws/src/ipe_v4_2/src/main.cpp:35[m[K:
[01m[K/home/keti/catkin_ws/src/ipe_v4_2/include/map_param_chungra.h:17:14:[m[K [01;31m[Kerror: [m[Kredefinition of ‘[01m[Kconst double SLAMposInit_1[m[K’
   17 | const double [01;31m[KSLAMposInit_1[m[K = 77.71;
      |              [01;31m[K^~~~~~~~~~~~~[m[K
In file included from [01m[K/home/keti/catkin_ws/src/ipe_v4_2/include/uwbsubscriber.h:70[m[K,
                 from [01m[K/home/keti/catkin_ws/src/ipe_v4_2/include/ipeinterface.h:56[m[K,
                 from [01m[K/home/keti/catkin_ws/src/ipe_v4_2/src/main.cpp:35[m[K:
[01m[K/home/keti/catkin_ws/src/ipe_v4_2/include/map_param_chungra.h:17:14:[m[K [01;36m[Knote: [m[K‘[01m[Kconst double SLAMposInit_1[m[K’ previously defined here
   17 | const double [01;36m[KSLAMposInit_1[m[K = 77.71;
      |              [01;36m[K^~~~~~~~~~~~~[m[K
In file included from [01m[K/home/keti/catkin_ws/src/ipe_v4_2/include/slamsubscriber_ipe_v4_2.h:29[m[K,
                 from [01m[K/home/keti/catkin_ws/src/ipe_v4_2/include/ipeinterface.h:62[m[K,
                 from [01m[K/home/keti/catkin_ws/src/ipe_v4_2/src/main.cpp:35[m[K:
[01m[K/home/keti/catkin_ws/src/ipe_v4_2/include/map_param_chungra.h:18:14:[m[K [01;31m[Kerror: [m[Kredefinition of ‘[01m[Kconst double SLAMposInit_2[m[K’
   18 | const double [01;31m[KSLAMposInit_2[m[K = 0.0;
      |              [01;31m[K^~~~~~~~~~~~~[m[K
In file included from [01m[K/home/keti/catkin_ws/src/ipe_v4_2/include/uwbsubscriber.h:70[m[K,
                 from [01m[K/home/keti/catkin_ws/src/ipe_v4_2/include/ipeinterface.h:56[m[K,
                 from [01m[K/home/keti/catkin_ws/src/ipe_v4_2/src/main.cpp:35[m[K:
[01m[K/home/keti/catkin_ws/src/ipe_v4_2/include/map_param_chungra.h:18:14:[m[K [01;36m[Knote: [m[K‘[01m[Kconst double SLAMposInit_2[m[K’ previously defined here
   18 | const double [01;36m[KSLAMposInit_2[m[K = 0.0;
      |              [01;36m[K^~~~~~~~~~~~~[m[K
In file included from [01m[K/home/keti/catkin_ws/src/ipe_v4_2/include/slamsubscriber_ipe_v4_2.h:29[m[K,
                 from [01m[K/home/keti/catkin_ws/src/ipe_v4_2/include/ipeinterface.h:62[m[K,
                 from [01m[K/home/keti/catkin_ws/src/ipe_v4_2/src/main.cpp:35[m[K:
[01m[K/home/keti/catkin_ws/src/ipe_v4_2/include/map_param_chungra.h:21:14:[m[K [01;31m[Kerror: [m[Kredefinition of ‘[01m[Kconst double MapParam [16][m[K’
   21 | const double [01;31m[KMapParam[m[K[16] = {s, roll, pitch, yaw, sA_00, sA_01, sA_02, sA_10, sA_11, sA_12, sA_20, sA_21, sA_22, SLAMposInit_0, SLAMposInit_1, SLAMposInit_2};
      |              [01;31m[K^~~~~~~~[m[K
In file included from [01m[K/home/keti/catkin_ws/src/ipe_v4_2/include/uwbsubscriber.h:70[m[K,
                 from [01m[K/home/keti/catkin_ws/src/ipe_v4_2/include/ipeinterface.h:56[m[K,
                 from [01m[K/home/keti/catkin_ws/src/ipe_v4_2/src/main.cpp:35[m[K:
[01m[K/home/keti/catkin_ws/src/ipe_v4_2/include/map_param_chungra.h:21:14:[m[K [01;36m[Knote: [m[K‘[01m[Kconst double MapParam [16][m[K’ previously defined here
   21 | const double [01;36m[KMapParam[m[K[16] = {s, roll, pitch, yaw, sA_00, sA_01, sA_02, sA_10, sA_11, sA_12, sA_20, sA_21, sA_22, SLAMposInit_0, SLAMposInit_1, SLAMposInit_2};
      |              [01;36m[K^~~~~~~~[m[K
In file included from [01m[K/home/keti/catkin_ws/src/ipe_v4_2/include/slamsubscriber_ipe_v4_2.h:29[m[K,
                 from [01m[K/home/keti/catkin_ws/src/ipe_v4_2/include/ipeinterface.h:62[m[K,
                 from [01m[K/home/keti/catkin_ws/src/ipe_v4_2/src/ipeinterface.cpp:34[m[K:
[01m[K/home/keti/catkin_ws/src/ipe_v4_2/include/map_param_chungra.h:1:14:[m[K [01;31m[Kerror: [m[Kredefinition of ‘[01m[Kconst double s[m[K’
    1 | const double [01;31m[Ks[m[K = 3.7138;
      |              [01;31m[K^[m[K
In file included from [01m[K/home/keti/catkin_ws/src/ipe_v4_2/include/uwbsubscriber.h:70[m[K,
                 from [01m[K/home/keti/catkin_ws/src/ipe_v4_2/include/ipeinterface.h:56[m[K,
                 from [01m[K/home/keti/catkin_ws/src/ipe_v4_2/src/ipeinterface.cpp:34[m[K:
[01m[K/home/keti/catkin_ws/src/ipe_v4_2/include/map_param_chungra.h:1:14:[m[K [01;36m[Knote: [m[K‘[01m[Kconst double s[m[K’ previously defined here
    1 | const double [01;36m[Ks[m[K = 3.7138;
      |              [01;36m[K^[m[K
In file included from [01m[K/home/keti/catkin_ws/src/ipe_v4_2/include/slamsubscriber_ipe_v4_2.h:29[m[K,
                 from [01m[K/home/keti/catkin_ws/src/ipe_v4_2/include/ipeinterface.h:62[m[K,
                 from [01m[K/home/keti/catkin_ws/src/ipe_v4_2/src/ipeinterface.cpp:34[m[K:
[01m[K/home/keti/catkin_ws/src/ipe_v4_2/include/map_param_chungra.h:2:14:[m[K [01;31m[Kerror: [m[Kredefinition of ‘[01m[Kconst double roll[m[K’
    2 | const double [01;31m[Kroll[m[K = 0.012;
      |              [01;31m[K^~~~[m[K
In file included from [01m[K/home/keti/catkin_ws/src/ipe_v4_2/include/uwbsubscriber.h:70[m[K,
                 from [01m[K/home/keti/catkin_ws/src/ipe_v4_2/include/ipeinterface.h:56[m[K,
                 from [01m[K/home/keti/catkin_ws/src/ipe_v4_2/src/ipeinterface.cpp:34[m[K:
[01m[K/home/keti/catkin_ws/src/ipe_v4_2/include/map_param_chungra.h:2:14:[m[K [01;36m[Knote: [m[K‘[01m[Kconst double roll[m[K’ previously defined here
    2 | const double [01;36m[Kroll[m[K = 0.012;
      |              [01;36m[K^~~~[m[K
In file included from [01m[K/home/keti/catkin_ws/src/ipe_v4_2/include/slamsubscriber_ipe_v4_2.h:29[m[K,
                 from [01m[K/home/keti/catkin_ws/src/ipe_v4_2/include/ipeinterface.h:62[m[K,
                 from [01m[K/home/keti/catkin_ws/src/ipe_v4_2/src/ipeinterface.cpp:34[m[K:
[01m[K/home/keti/catkin_ws/src/ipe_v4_2/include/map_param_chungra.h:3:14:[m[K [01;31m[Kerror: [m[Kredefinition of ‘[01m[Kconst double pitch[m[K’
    3 | const double [01;31m[Kpitch[m[K = 4.722;
      |              [01;31m[K^~~~~[m[K
In file included from [01m[K/home/keti/catkin_ws/src/ipe_v4_2/include/uwbsubscriber.h:70[m[K,
                 from [01m[K/home/keti/catkin_ws/src/ipe_v4_2/include/ipeinterface.h:56[m[K,
                 from [01m[K/home/keti/catkin_ws/src/ipe_v4_2/src/ipeinterface.cpp:34[m[K:
[01m[K/home/keti/catkin_ws/src/ipe_v4_2/include/map_param_chungra.h:3:14:[m[K [01;36m[Knote: [m[K‘[01m[Kconst double pitch[m[K’ previously defined here
    3 | const double [01;36m[Kpitch[m[K = 4.722;
      |              [01;36m[K^~~~~[m[K
In file included from [01m[K/home/keti/catkin_ws/src/ipe_v4_2/include/slamsubscriber_ipe_v4_2.h:29[m[K,
                 from [01m[K/home/keti/catkin_ws/src/ipe_v4_2/include/ipeinterface.h:62[m[K,
                 from [01m[K/home/keti/catkin_ws/src/ipe_v4_2/src/ipeinterface.cpp:34[m[K:
[01m[K/home/keti/catkin_ws/src/ipe_v4_2/include/map_param_chungra.h:4:14:[m[K [01;31m[Kerror: [m[Kredefinition of ‘[01m[Kconst double yaw[m[K’
    4 | const double [01;31m[Kyaw[m[K = -0.0216;
      |              [01;31m[K^~~[m[K
In file included from [01m[K/home/keti/catkin_ws/src/ipe_v4_2/include/uwbsubscriber.h:70[m[K,
                 from [01m[K/home/keti/catkin_ws/src/ipe_v4_2/include/ipeinterface.h:56[m[K,
                 from [01m[K/home/keti/catkin_ws/src/ipe_v4_2/src/ipeinterface.cpp:34[m[K:
[01m[K/home/keti/catkin_ws/src/ipe_v4_2/include/map_param_chungra.h:4:14:[m[K [01;36m[Knote: [m[K‘[01m[Kconst double yaw[m[K’ previously defined here
    4 | const double [01;36m[Kyaw[m[K = -0.0216;
      |              [01;36m[K^~~[m[K
In file included from [01m[K/home/keti/catkin_ws/src/ipe_v4_2/include/slamsubscriber_ipe_v4_2.h:29[m[K,
                 from [01m[K/home/keti/catkin_ws/src/ipe_v4_2/include/ipeinterface.h:62[m[K,
                 from [01m[K/home/keti/catkin_ws/src/ipe_v4_2/src/ipeinterface.cpp:34[m[K:
[01m[K/home/keti/catkin_ws/src/ipe_v4_2/include/map_param_chungra.h:6:14:[m[K [01;31m[Kerror: [m[Kredefinition of ‘[01m[Kconst double sA_00[m[K’
    6 | const double [01;31m[KsA_00[m[K = -0.035;
      |              [01;31m[K^~~~~[m[K
In file included from [01m[K/home/keti/catkin_ws/src/ipe_v4_2/include/uwbsubscriber.h:70[m[K,
                 from [01m[K/home/keti/catkin_ws/src/ipe_v4_2/include/ipeinterface.h:56[m[K,
                 from [01m[K/home/keti/catkin_ws/src/ipe_v4_2/src/ipeinterface.cpp:34[m[K:
[01m[K/home/keti/catkin_ws/src/ipe_v4_2/include/map_param_chungra.h:6:14:[m[K [01;36m[Knote: [m[K‘[01m[Kconst double sA_00[m[K’ previously defined here
    6 | const double [01;36m[KsA_00[m[K = -0.035;
      |              [01;36m[K^~~~~[m[K
In file included from [01m[K/home/keti/catkin_ws/src/ipe_v4_2/include/slamsubscriber_ipe_v4_2.h:29[m[K,
                 from [01m[K/home/keti/catkin_ws/src/ipe_v4_2/include/ipeinterface.h:62[m[K,
                 from [01m[K/home/keti/catkin_ws/src/ipe_v4_2/src/ipeinterface.cpp:34[m[K:
[01m[K/home/keti/catkin_ws/src/ipe_v4_2/include/map_param_chungra.h:7:14:[m[K [01;31m[Kerror: [m[Kredefinition of ‘[01m[Kconst double sA_01[m[K’
    7 | const double [01;31m[KsA_01[m[K = -3.701;
      |              [01;31m[K^~~~~[m[K
In file included from [01m[K/home/keti/catkin_ws/src/ipe_v4_2/include/uwbsubscriber.h:70[m[K,
                 from [01m[K/home/keti/catkin_ws/src/ipe_v4_2/include/ipeinterface.h:56[m[K,
                 from [01m[K/home/keti/catkin_ws/src/ipe_v4_2/src/ipeinterface.cpp:34[m[K:
[01m[K/home/keti/catkin_ws/src/ipe_v4_2/include/map_param_chungra.h:7:14:[m[K [01;36m[Knote: [m[K‘[01m[Kconst double sA_01[m[K’ previously defined here
    7 | const double [01;36m[KsA_01[m[K = -3.701;
      |              [01;36m[K^~~~~[m[K
In file included from [01m[K/home/keti/catkin_ws/src/ipe_v4_2/include/slamsubscriber_ipe_v4_2.h:29[m[K,
                 from [01m[K/home/keti/catkin_ws/src/ipe_v4_2/include/ipeinterface.h:62[m[K,
                 from [01m[K/home/keti/catkin_ws/src/ipe_v4_2/src/ipeinterface.cpp:34[m[K:
[01m[K/home/keti/catkin_ws/src/ipe_v4_2/include/map_param_chungra.h:8:14:[m[K [01;31m[Kerror: [m[Kredefinition of ‘[01m[Kconst double sA_02[m[K’
    8 | const double [01;31m[KsA_02[m[K = 0.0456;
      |              [01;31m[K^~~~~[m[K
In file included from [01m[K/home/keti/catkin_ws/src/ipe_v4_2/include/uwbsubscriber.h:70[m[K,
                 from [01m[K/home/keti/catkin_ws/src/ipe_v4_2/include/ipeinterface.h:56[m[K,
                 from [01m[K/home/keti/catkin_ws/src/ipe_v4_2/src/ipeinterface.cpp:34[m[K:
[01m[K/home/keti/catkin_ws/src/ipe_v4_2/include/map_param_chungra.h:8:14:[m[K [01;36m[Knote: [m[K‘[01m[Kconst double sA_02[m[K’ previously defined here
    8 | const double [01;36m[KsA_02[m[K = 0.0456;
      |              [01;36m[K^~~~~[m[K
In file included from [01m[K/home/keti/catkin_ws/src/ipe_v4_2/include/slamsubscriber_ipe_v4_2.h:29[m[K,
                 from [01m[K/home/keti/catkin_ws/src/ipe_v4_2/include/ipeinterface.h:62[m[K,
                 from [01m[K/home/keti/catkin_ws/src/ipe_v4_2/src/ipeinterface.cpp:34[m[K:
[01m[K/home/keti/catkin_ws/src/ipe_v4_2/include/map_param_chungra.h:9:14:[m[K [01;31m[Kerror: [m[Kredefinition of ‘[01m[Kconst double sA_10[m[K’
    9 | const double [01;31m[KsA_10[m[K = 3.6505;
      |              [01;31m[K^~~~~[m[K
In file included from [01m[K/home/keti/catkin_ws/src/ipe_v4_2/include/uwbsubscriber.h:70[m[K,
                 from [01m[K/home/keti/catkin_ws/src/ipe_v4_2/include/ipeinterface.h:56[m[K,
                 from [01m[K/home/keti/catkin_ws/src/ipe_v4_2/src/ipeinterface.cpp:34[m[K:
[01m[K/home/keti/catkin_ws/src/ipe_v4_2/include/map_param_chungra.h:9:14:[m[K [01;36m[Knote: [m[K‘[01m[Kconst double sA_10[m[K’ previously defined here
    9 | const double [01;36m[KsA_10[m[K = 3.6505;
      |              [01;36m[K^~~~~[m[K
In file included from [01m[K/home/keti/catkin_ws/src/ipe_v4_2/include/slamsubscriber_ipe_v4_2.h:29[m[K,
                 from [01m[K/home/keti/catkin_ws/src/ipe_v4_2/include/ipeinterface.h:62[m[K,
                 from [01m[K/home/keti/catkin_ws/src/ipe_v4_2/src/ipeinterface.cpp:34[m[K:
[01m[K/home/keti/catkin_ws/src/ipe_v4_2/include/map_param_chungra.h:10:14:[m[K [01;31m[Kerror: [m[Kredefinition of ‘[01m[Kconst double sA_11[m[K’
   10 | const double [01;31m[KsA_11[m[K = 0.1008;
      |              [01;31m[K^~~~~[m[K
In file included from [01m[K/home/keti/catkin_ws/src/ipe_v4_2/include/uwbsubscriber.h:70[m[K,
                 from [01m[K/home/keti/catkin_ws/src/ipe_v4_2/include/ipeinterface.h:56[m[K,
                 from [01m[K/home/keti/catkin_ws/src/ipe_v4_2/src/ipeinterface.cpp:34[m[K:
[01m[K/home/keti/catkin_ws/src/ipe_v4_2/include/map_param_chungra.h:10:14:[m[K [01;36m[Knote: [m[K‘[01m[Kconst double sA_11[m[K’ previously defined here
   10 | const double [01;36m[KsA_11[m[K = 0.1008;
      |              [01;36m[K^~~~~[m[K
In file included from [01m[K/home/keti/catkin_ws/src/ipe_v4_2/include/slamsubscriber_ipe_v4_2.h:29[m[K,
                 from [01m[K/home/keti/catkin_ws/src/ipe_v4_2/include/ipeinterface.h:62[m[K,
                 from [01m[K/home/keti/catkin_ws/src/ipe_v4_2/src/ipeinterface.cpp:34[m[K:
[01m[K/home/keti/catkin_ws/src/ipe_v4_2/include/map_param_chungra.h:11:14:[m[K [01;31m[Kerror: [m[Kredefinition of ‘[01m[Kconst double sA_12[m[K’
   11 | const double [01;31m[KsA_12[m[K = -0.0801;
      |              [01;31m[K^~~~~[m[K
In file included from [01m[K/home/keti/catkin_ws/src/ipe_v4_2/include/uwbsubscriber.h:70[m[K,
                 from [01m[K/home/keti/catkin_ws/src/ipe_v4_2/include/ipeinterface.h:56[m[K,
                 from [01m[K/home/keti/catkin_ws/src/ipe_v4_2/src/ipeinterface.cpp:34[m[K:
[01m[K/home/keti/catkin_ws/src/ipe_v4_2/include/map_param_chungra.h:11:14:[m[K [01;36m[Knote: [m[K‘[01m[Kconst double sA_12[m[K’ previously defined here
   11 | const double [01;36m[KsA_12[m[K = -0.0801;
      |              [01;36m[K^~~~~[m[K
In file included from [01m[K/home/keti/catkin_ws/src/ipe_v4_2/include/slamsubscriber_ipe_v4_2.h:29[m[K,
                 from [01m[K/home/keti/catkin_ws/src/ipe_v4_2/include/ipeinterface.h:62[m[K,
                 from [01m[K/home/keti/catkin_ws/src/ipe_v4_2/src/ipeinterface.cpp:34[m[K:
[01m[K/home/keti/catkin_ws/src/ipe_v4_2/include/map_param_chungra.h:12:14:[m[K [01;31m[Kerror: [m[Kredefinition of ‘[01m[Kconst double sA_20[m[K’
   12 | const double [01;31m[KsA_20[m[K = 0.0216;
      |              [01;31m[K^~~~~[m[K
In file included from [01m[K/home/keti/catkin_ws/src/ipe_v4_2/include/uwbsubscriber.h:70[m[K,
                 from [01m[K/home/keti/catkin_ws/src/ipe_v4_2/include/ipeinterface.h:56[m[K,
                 from [01m[K/home/keti/catkin_ws/src/ipe_v4_2/src/ipeinterface.cpp:34[m[K:
[01m[K/home/keti/catkin_ws/src/ipe_v4_2/include/map_param_chungra.h:12:14:[m[K [01;36m[Knote: [m[K‘[01m[Kconst double sA_20[m[K’ previously defined here
   12 | const double [01;36m[KsA_20[m[K = 0.0216;
      |              [01;36m[K^~~~~[m[K
In file included from [01m[K/home/keti/catkin_ws/src/ipe_v4_2/include/slamsubscriber_ipe_v4_2.h:29[m[K,
                 from [01m[K/home/keti/catkin_ws/src/ipe_v4_2/include/ipeinterface.h:62[m[K,
                 from [01m[K/home/keti/catkin_ws/src/ipe_v4_2/src/ipeinterface.cpp:34[m[K:
[01m[K/home/keti/catkin_ws/src/ipe_v4_2/include/map_param_chungra.h:13:14:[m[K [01;31m[Kerror: [m[Kredefinition of ‘[01m[Kconst double sA_21[m[K’
   13 | const double [01;31m[KsA_21[m[K = 0.0121;
      |              [01;31m[K^~~~~[m[K
In file included from [01m[K/home/keti/catkin_ws/src/ipe_v4_2/include/uwbsubscriber.h:70[m[K,
                 from [01m[K/home/keti/catkin_ws/src/ipe_v4_2/include/ipeinterface.h:56[m[K,
                 from [01m[K/home/keti/catkin_ws/src/ipe_v4_2/src/ipeinterface.cpp:34[m[K:
[01m[K/home/keti/catkin_ws/src/ipe_v4_2/include/map_param_chungra.h:13:14:[m[K [01;36m[Knote: [m[K‘[01m[Kconst double sA_21[m[K’ previously defined here
   13 | const double [01;36m[KsA_21[m[K = 0.0121;
      |              [01;36m[K^~~~~[m[K
In file included from [01m[K/home/keti/catkin_ws/src/ipe_v4_2/include/slamsubscriber_ipe_v4_2.h:29[m[K,
                 from [01m[K/home/keti/catkin_ws/src/ipe_v4_2/include/ipeinterface.h:62[m[K,
                 from [01m[K/home/keti/catkin_ws/src/ipe_v4_2/src/ipeinterface.cpp:34[m[K:
[01m[K/home/keti/catkin_ws/src/ipe_v4_2/include/map_param_chungra.h:14:14:[m[K [01;31m[Kerror: [m[Kredefinition of ‘[01m[Kconst double sA_22[m[K’
   14 | const double [01;31m[KsA_22[m[K = 0.9997;
      |              [01;31m[K^~~~~[m[K
In file included from [01m[K/home/keti/catkin_ws/src/ipe_v4_2/include/uwbsubscriber.h:70[m[K,
                 from [01m[K/home/keti/catkin_ws/src/ipe_v4_2/include/ipeinterface.h:56[m[K,
                 from [01m[K/home/keti/catkin_ws/src/ipe_v4_2/src/ipeinterface.cpp:34[m[K:
[01m[K/home/keti/catkin_ws/src/ipe_v4_2/include/map_param_chungra.h:14:14:[m[K [01;36m[Knote: [m[K‘[01m[Kconst double sA_22[m[K’ previously defined here
   14 | const double [01;36m[KsA_22[m[K = 0.9997;
      |              [01;36m[K^~~~~[m[K
In file included from [01m[K/home/keti/catkin_ws/src/ipe_v4_2/include/slamsubscriber_ipe_v4_2.h:29[m[K,
                 from [01m[K/home/keti/catkin_ws/src/ipe_v4_2/include/ipeinterface.h:62[m[K,
                 from [01m[K/home/keti/catkin_ws/src/ipe_v4_2/src/ipeinterface.cpp:34[m[K:
[01m[K/home/keti/catkin_ws/src/ipe_v4_2/include/map_param_chungra.h:16:14:[m[K [01;31m[Kerror: [m[Kredefinition of ‘[01m[Kconst double SLAMposInit_0[m[K’
   16 | const double [01;31m[KSLAMposInit_0[m[K = 3.9997;
      |              [01;31m[K^~~~~~~~~~~~~[m[K
In file included from [01m[K/home/keti/catkin_ws/src/ipe_v4_2/include/uwbsubscriber.h:70[m[K,
                 from [01m[K/home/keti/catkin_ws/src/ipe_v4_2/include/ipeinterface.h:56[m[K,
                 from [01m[K/home/keti/catkin_ws/src/ipe_v4_2/src/ipeinterface.cpp:34[m[K:
[01m[K/home/keti/catkin_ws/src/ipe_v4_2/include/map_param_chungra.h:16:14:[m[K [01;36m[Knote: [m[K‘[01m[Kconst double SLAMposInit_0[m[K’ previously defined here
   16 | const double [01;36m[KSLAMposInit_0[m[K = 3.9997;
      |              [01;36m[K^~~~~~~~~~~~~[m[K
In file included from [01m[K/home/keti/catkin_ws/src/ipe_v4_2/include/slamsubscriber_ipe_v4_2.h:29[m[K,
                 from [01m[K/home/keti/catkin_ws/src/ipe_v4_2/include/ipeinterface.h:62[m[K,
                 from [01m[K/home/keti/catkin_ws/src/ipe_v4_2/src/ipeinterface.cpp:34[m[K:
[01m[K/home/keti/catkin_ws/src/ipe_v4_2/include/map_param_chungra.h:17:14:[m[K [01;31m[Kerror: [m[Kredefinition of ‘[01m[Kconst double SLAMposInit_1[m[K’
   17 | const double [01;31m[KSLAMposInit_1[m[K = 77.71;
      |              [01;31m[K^~~~~~~~~~~~~[m[K
In file included from [01m[K/home/keti/catkin_ws/src/ipe_v4_2/include/uwbsubscriber.h:70[m[K,
                 from [01m[K/home/keti/catkin_ws/src/ipe_v4_2/include/ipeinterface.h:56[m[K,
                 from [01m[K/home/keti/catkin_ws/src/ipe_v4_2/src/ipeinterface.cpp:34[m[K:
[01m[K/home/keti/catkin_ws/src/ipe_v4_2/include/map_param_chungra.h:17:14:[m[K [01;36m[Knote: [m[K‘[01m[Kconst double SLAMposInit_1[m[K’ previously defined here
   17 | const double [01;36m[KSLAMposInit_1[m[K = 77.71;
      |              [01;36m[K^~~~~~~~~~~~~[m[K
In file included from [01m[K/home/keti/catkin_ws/src/ipe_v4_2/include/slamsubscriber_ipe_v4_2.h:29[m[K,
                 from [01m[K/home/keti/catkin_ws/src/ipe_v4_2/include/ipeinterface.h:62[m[K,
                 from [01m[K/home/keti/catkin_ws/src/ipe_v4_2/src/ipeinterface.cpp:34[m[K:
[01m[K/home/keti/catkin_ws/src/ipe_v4_2/include/map_param_chungra.h:18:14:[m[K [01;31m[Kerror: [m[Kredefinition of ‘[01m[Kconst double SLAMposInit_2[m[K’
   18 | const double [01;31m[KSLAMposInit_2[m[K = 0.0;
      |              [01;31m[K^~~~~~~~~~~~~[m[K
In file included from [01m[K/home/keti/catkin_ws/src/ipe_v4_2/include/uwbsubscriber.h:70[m[K,
                 from [01m[K/home/keti/catkin_ws/src/ipe_v4_2/include/ipeinterface.h:56[m[K,
                 from [01m[K/home/keti/catkin_ws/src/ipe_v4_2/src/ipeinterface.cpp:34[m[K:
[01m[K/home/keti/catkin_ws/src/ipe_v4_2/include/map_param_chungra.h:18:14:[m[K [01;36m[Knote: [m[K‘[01m[Kconst double SLAMposInit_2[m[K’ previously defined here
   18 | const double [01;36m[KSLAMposInit_2[m[K = 0.0;
      |              [01;36m[K^~~~~~~~~~~~~[m[K
In file included from [01m[K/home/keti/catkin_ws/src/ipe_v4_2/include/slamsubscriber_ipe_v4_2.h:29[m[K,
                 from [01m[K/home/keti/catkin_ws/src/ipe_v4_2/include/ipeinterface.h:62[m[K,
                 from [01m[K/home/keti/catkin_ws/src/ipe_v4_2/src/ipeinterface.cpp:34[m[K:
[01m[K/home/keti/catkin_ws/src/ipe_v4_2/include/map_param_chungra.h:21:14:[m[K [01;31m[Kerror: [m[Kredefinition of ‘[01m[Kconst double MapParam [16][m[K’
   21 | const double [01;31m[KMapParam[m[K[16] = {s, roll, pitch, yaw, sA_00, sA_01, sA_02, sA_10, sA_11, sA_12, sA_20, sA_21, sA_22, SLAMposInit_0, SLAMposInit_1, SLAMposInit_2};
      |              [01;31m[K^~~~~~~~[m[K
In file included from [01m[K/home/keti/catkin_ws/src/ipe_v4_2/include/uwbsubscriber.h:70[m[K,
                 from [01m[K/home/keti/catkin_ws/src/ipe_v4_2/include/ipeinterface.h:56[m[K,
                 from [01m[K/home/keti/catkin_ws/src/ipe_v4_2/src/ipeinterface.cpp:34[m[K:
[01m[K/home/keti/catkin_ws/src/ipe_v4_2/include/map_param_chungra.h:21:14:[m[K [01;36m[Knote: [m[K‘[01m[Kconst double MapParam [16][m[K’ previously defined here
   21 | const double [01;36m[KMapParam[m[K[16] = {s, roll, pitch, yaw, sA_00, sA_01, sA_02, sA_10, sA_11, sA_12, sA_20, sA_21, sA_22, SLAMposInit_0, SLAMposInit_1, SLAMposInit_2};
      |              [01;36m[K^~~~~~~~[m[K
make[2]: *** [CMakeFiles/ipe_v4_2.dir/build.make:128: CMakeFiles/ipe_v4_2.dir/src/slamsubscriber_ipe_v4_2.cpp.o] Error 1
make[2]: *** Waiting for unfinished jobs....
make[2]: *** [CMakeFiles/ipe_v4_2.dir/build.make:89: CMakeFiles/ipe_v4_2.dir/src/main.cpp.o] Error 1
make[2]: *** [CMakeFiles/ipe_v4_2.dir/build.make:63: CMakeFiles/ipe_v4_2.dir/src/ipeinterface.cpp.o] Error 1
make[1]: *** [CMakeFiles/Makefile2:209: CMakeFiles/ipe_v4_2.dir/all] Error 2
make: *** [Makefile:141: all] Error 2
