[  0%] Built target std_msgs_generate_messages_lisp
[  0%] Built target std_msgs_generate_messages_py
[  0%] Built target std_srvs_generate_messages_py
[  0%] Built target std_msgs_generate_messages_eus
[  0%] Built target roscpp_generate_messages_nodejs
[  0%] Built target topic_tools_generate_messages_eus
[  0%] Built target rosgraph_msgs_generate_messages_eus
[  0%] Built target topic_tools_generate_messages_cpp
[  0%] Built target _ipe_v4_2_generate_messages_check_deps_Anchor
[  0%] Built target roscpp_generate_messages_cpp
[  0%] Built target std_msgs_generate_messages_nodejs
[  0%] Built target topic_tools_generate_messages_py
[  0%] Built target roscpp_generate_messages_py
[  0%] Built target rosgraph_msgs_generate_messages_py
[  0%] Built target topic_tools_generate_messages_nodejs
[  0%] Built target roscpp_generate_messages_eus
[  0%] Built target roscpp_generate_messages_lisp
[  0%] Built target rosgraph_msgs_generate_messages_lisp
[  0%] Built target rosgraph_msgs_generate_messages_nodejs
[  0%] Built target topic_tools_generate_messages_lisp
[  0%] Built target std_msgs_generate_messages_cpp
[  0%] Built target std_srvs_generate_messages_cpp
[  0%] Built target std_srvs_generate_messages_eus
[  0%] Built target std_srvs_generate_messages_nodejs
[  0%] Built target std_srvs_generate_messages_lisp
[  4%] Built target rosgraph_msgs_generate_messages_cpp
[  8%] Built target ipe_v4_2_generate_messages_py
[  8%] Built target ipe_v4_2_generate_messages_eus
[ 10%] Built target ipe_v4_2_generate_messages_lisp
[ 15%] Built target ipe_v4_2_generate_messages_nodejs
[ 15%] Built target ipe_v4_2_generate_messages_cpp
[35m[1mScanning dependencies of target ipe_v4_2[0m
[ 15%] Built target ipe_v4_2_generate_messages
[ 17%] [32mBuilding CXX object CMakeFiles/ipe_v4_2.dir/src/slamsubscriber_ipe_v4_2.cpp.o[0m
[ 19%] [32m[1mLinking CXX shared library /home/keti/catkin_ws/devel/.private/ipe_v4_2/lib/libipe_v4_2.so[0m
[ 95%] Built target ipe_v4_2
[35m[1mScanning dependencies of target ipe_v4_2_node[0m
[ 97%] [32mBuilding CXX object CMakeFiles/ipe_v4_2_node.dir/src/main.cpp.o[0m
[100%] [32m[1mLinking CXX executable /home/keti/catkin_ws/devel/.private/ipe_v4_2/lib/ipe_v4_2/ipe_v4_2_node[0m
[100%] Built target ipe_v4_2_node
