[01m[Kcc1:[m[K [01;35m[Kwarning: [m[Kcommand-line option ‘[01m[K-std=c++11[m[K’ is valid for C++/ObjC++ but not for C
[01m[Kcc1:[m[K [01;35m[Kwarning: [m[Kcommand-line option ‘[01m[K-std=c++11[m[K’ is valid for C++/ObjC++ but not for C
In file included from [01m[K/home/keti/catkin_ws/src/ipe_v4_2/src/map_param_chungra.cpp:1[m[K:
[01m[K/home/keti/catkin_ws/src/ipe_v4_2/include/map_param_chungra.h:25:8:[m[K [01;31m[Kerror: [m[K‘[01m[Kstruct0_T[m[K’ does not name a type; did you mean ‘[01m[Kstruct[m[K’?
   25 | extern [01;31m[Kstruct0_T[m[K Param;
      |        [01;31m[K^~~~~~~~~[m[K
      |        [32m[Kstruct[m[K
[01m[K/home/keti/catkin_ws/src/ipe_v4_2/include/map_param_chungra.h:26:14:[m[K [01;31m[Kerror: [m[K‘[01m[Kstruct0_T[m[K’ does not name a type; did you mean ‘[01m[Kstruct[m[K’?
   26 | extern const [01;31m[Kstruct0_T[m[K* MapParam ;
      |              [01;31m[K^~~~~~~~~[m[K
      |              [32m[Kstruct[m[K
[01m[K/home/keti/catkin_ws/src/ipe_v4_2/src/map_param_chungra.cpp:62:1:[m[K [01;31m[Kerror: [m[K‘[01m[Kstruct0_T[m[K’ does not name a type; did you mean ‘[01m[Kstruct[m[K’?
   62 | [01;31m[Kstruct0_T[m[K Param = {s, {-0.1791, -4.7018, 0.1343, 4.6391, -0.0002, -0.1005,  0.0216 , 0.0277, 0.9994 }, roll, pitch, yaw, {2.7476, 77.4887, 0.0}};
      | [01;31m[K^~~~~~~~~[m[K
      | [32m[Kstruct[m[K
[01m[K/home/keti/catkin_ws/src/ipe_v4_2/src/map_param_chungra.cpp:64:7:[m[K [01;31m[Kerror: [m[K‘[01m[Kstruct0_T[m[K’ does not name a type; did you mean ‘[01m[Kstruct[m[K’?
   64 | const [01;31m[Kstruct0_T[m[K* MapParam = &Param;
      |       [01;31m[K^~~~~~~~~[m[K
      |       [32m[Kstruct[m[K
make[2]: *** [CMakeFiles/ipe_v4_2.dir/build.make:141: CMakeFiles/ipe_v4_2.dir/src/map_param_chungra.cpp.o] Error 1
make[2]: *** Waiting for unfinished jobs....
[01m[Kcc1:[m[K [01;35m[Kwarning: [m[Kcommand-line option ‘[01m[K-std=c++11[m[K’ is valid for C++/ObjC++ but not for C
[01m[Kcc1:[m[K [01;35m[Kwarning: [m[Kcommand-line option ‘[01m[K-std=c++11[m[K’ is valid for C++/ObjC++ but not for C
[01m[Kcc1:[m[K [01;35m[Kwarning: [m[Kcommand-line option ‘[01m[K-std=c++11[m[K’ is valid for C++/ObjC++ but not for C
make[1]: *** [CMakeFiles/Makefile2:209: CMakeFiles/ipe_v4_2.dir/all] Error 2
make: *** [Makefile:141: all] Error 2
