[01m[K/home/keti/catkin_ws/src/ipe_v4_2/src/map_param_chungra.cpp:62:1:[m[K [01;31m[Kerror: [m[K‘[01m[KParam[m[K’ does not name a type
   62 | [01;31m[KParam[m[K.s = 4.6857;
      | [01;31m[K^~~~~[m[K
[01m[K/home/keti/catkin_ws/src/ipe_v4_2/src/map_param_chungra.cpp:63:1:[m[K [01;31m[Kerror: [m[K‘[01m[KParam[m[K’ does not name a type
   63 | [01;31m[KParam[m[K.sA = {-0.1791, -4.7018, 0.1343, 4.6391, -0.0002, -0.1005,  0.0216 , 0.0277, 0.9994 };
      | [01;31m[K^~~~~[m[K
[01m[K/home/keti/catkin_ws/src/ipe_v4_2/src/map_param_chungra.cpp:64:1:[m[K [01;31m[Kerror: [m[K‘[01m[KParam[m[K’ does not name a type
   64 | [01;31m[KParam[m[K.roll = 0.0277;
      | [01;31m[K^~~~~[m[K
[01m[K/home/keti/catkin_ws/src/ipe_v4_2/src/map_param_chungra.cpp:65:1:[m[K [01;31m[Kerror: [m[K‘[01m[KParam[m[K’ does not name a type
   65 | [01;31m[KParam[m[K.pitch = 4.7510;
      | [01;31m[K^~~~~[m[K
[01m[K/home/keti/catkin_ws/src/ipe_v4_2/src/map_param_chungra.cpp:66:1:[m[K [01;31m[Kerror: [m[K‘[01m[KParam[m[K’ does not name a type
   66 | [01;31m[KParam[m[K.yaw = -0.0216;
      | [01;31m[K^~~~~[m[K
[01m[K/home/keti/catkin_ws/src/ipe_v4_2/src/map_param_chungra.cpp:67:1:[m[K [01;31m[Kerror: [m[K‘[01m[KParam[m[K’ does not name a type
   67 | [01;31m[KParam[m[K.SLAMposInit = {2.7476, 77.4887, 0.0};
      | [01;31m[K^~~~~[m[K
make[2]: *** [CMakeFiles/ipe_v4_2.dir/build.make:141: CMakeFiles/ipe_v4_2.dir/src/map_param_chungra.cpp.o] Error 1
make[1]: *** [CMakeFiles/Makefile2:209: CMakeFiles/ipe_v4_2.dir/all] Error 2
make: *** [Makefile:141: all] Error 2
