[01m[K/home/keti/catkin_ws/src/ipe_v4_2/src/slamsubscriber_ipe_v4_2.cpp:56:87:[m[K [01;31m[Kerror: [m[K‘[01m[Kstring[m[K’ has not been declared
   56 | void SlamSubscriber::sendUDPMessage(double center_x, double center_y, double heading, [01;31m[Kstring[m[K in_out) {
      |                                                                                       [01;31m[K^~~~~~[m[K
[01m[K/home/keti/catkin_ws/src/ipe_v4_2/src/slamsubscriber_ipe_v4_2.cpp:56:6:[m[K [01;31m[Kerror: [m[Kno declaration matches ‘[01m[Kvoid SlamSubscriber::sendUDPMessage(double, double, double, int)[m[K’
   56 | void [01;31m[KSlamSubscriber[m[K::sendUDPMessage(double center_x, double center_y, double heading, string in_out) {
      |      [01;31m[K^~~~~~~~~~~~~~[m[K
In file included from [01m[K/home/keti/catkin_ws/src/ipe_v4_2/src/slamsubscriber_ipe_v4_2.cpp:2[m[K:
[01m[K/home/keti/catkin_ws/src/ipe_v4_2/include/slamsubscriber_ipe_v4_2.h:64:10:[m[K [01;36m[Knote: [m[Kcandidate is: ‘[01m[Kvoid SlamSubscriber::sendUDPMessage(double, double, double)[m[K’
   64 |     void [01;36m[KsendUDPMessage[m[K(double center_x, double center_y, double heading);
      |          [01;36m[K^~~~~~~~~~~~~~[m[K
[01m[K/home/keti/catkin_ws/src/ipe_v4_2/include/slamsubscriber_ipe_v4_2.h:32:7:[m[K [01;36m[Knote: [m[K‘[01m[Kclass SlamSubscriber[m[K’ defined here
   32 | class [01;36m[KSlamSubscriber[m[K : public PacketCallback {
      |       [01;36m[K^~~~~~~~~~~~~~[m[K
[01m[K/home/keti/catkin_ws/src/ipe_v4_2/src/slamsubscriber_ipe_v4_2.cpp:[m[K In function ‘[01m[Kstd::string determine_Indoor(double, double, double)[m[K’:
[01m[K/home/keti/catkin_ws/src/ipe_v4_2/src/slamsubscriber_ipe_v4_2.cpp:70:27:[m[K [01;31m[Kerror: [m[Kexpected ‘[01m[K;[m[K’ before ‘[01m[K}[m[K’ token
   70 |                 return "O"
      |                           [01;31m[K^[m[K
      |                           [32m[K;[m[K
   71 |             [32m[K}[m[K
      |             [32m[K~[m[K              
[01m[K/home/keti/catkin_ws/src/ipe_v4_2/src/slamsubscriber_ipe_v4_2.cpp:74:27:[m[K [01;31m[Kerror: [m[Kexpected ‘[01m[K;[m[K’ before ‘[01m[K}[m[K’ token
   74 |                 return "X"
      |                           [01;31m[K^[m[K
      |                           [32m[K;[m[K
   75 |             [32m[K}[m[K
      |             [32m[K~[m[K              
[01m[K/home/keti/catkin_ws/src/ipe_v4_2/src/slamsubscriber_ipe_v4_2.cpp:80:23:[m[K [01;31m[Kerror: [m[Kexpected ‘[01m[K;[m[K’ before ‘[01m[K}[m[K’ token
   80 |             return "O"
      |                       [01;31m[K^[m[K
      |                       [32m[K;[m[K
   81 |         [32m[K}[m[K
      |         [32m[K~[m[K              
[01m[K/home/keti/catkin_ws/src/ipe_v4_2/src/slamsubscriber_ipe_v4_2.cpp:85:19:[m[K [01;31m[Kerror: [m[Kexpected ‘[01m[K;[m[K’ before ‘[01m[K}[m[K’ token
   85 |         return "O"
      |                   [01;31m[K^[m[K
      |                   [32m[K;[m[K
   86 |     [32m[K}[m[K
      |     [32m[K~[m[K              
[01m[K/home/keti/catkin_ws/src/ipe_v4_2/src/slamsubscriber_ipe_v4_2.cpp:[m[K In member function ‘[01m[Kvoid SlamSubscriber::processPacketData(IPEDataPacket&, double, SensorData*)[m[K’:
[01m[K/home/keti/catkin_ws/src/ipe_v4_2/src/slamsubscriber_ipe_v4_2.cpp:197:19:[m[K [01;31m[Kerror: [m[Kno matching function for call to ‘[01m[KSlamSubscriber::sendUDPMessage(double&, double&, double&, std::string&)[m[K’
  197 |     [01;31m[KsendUDPMessage(PositionOut[0], PositionOut[1], PositionOut[3], in_out)[m[K; //  result (joo.hy)
      |     [01;31m[K~~~~~~~~~~~~~~^~~~~~~~~~~~~~~~~~~~~~~~~~~~~~~~~~~~~~~~~~~~~~~~~~~~~~~~[m[K
In file included from [01m[K/home/keti/catkin_ws/src/ipe_v4_2/src/slamsubscriber_ipe_v4_2.cpp:2[m[K:
[01m[K/home/keti/catkin_ws/src/ipe_v4_2/include/slamsubscriber_ipe_v4_2.h:64:10:[m[K [01;36m[Knote: [m[Kcandidate: ‘[01m[Kvoid SlamSubscriber::sendUDPMessage(double, double, double)[m[K’
   64 |     void [01;36m[KsendUDPMessage[m[K(double center_x, double center_y, double heading);
      |          [01;36m[K^~~~~~~~~~~~~~[m[K
[01m[K/home/keti/catkin_ws/src/ipe_v4_2/include/slamsubscriber_ipe_v4_2.h:64:10:[m[K [01;36m[Knote: [m[K  candidate expects 3 arguments, 4 provided
make[2]: *** [CMakeFiles/ipe_v4_2.dir/build.make:128: CMakeFiles/ipe_v4_2.dir/src/slamsubscriber_ipe_v4_2.cpp.o] Error 1
make[2]: *** Waiting for unfinished jobs....
make[1]: *** [CMakeFiles/Makefile2:209: CMakeFiles/ipe_v4_2.dir/all] Error 2
make: *** [Makefile:141: all] Error 2
