[  0%] Built target std_msgs_generate_messages_eus
[  0%] Built target std_srvs_generate_messages_py
[  0%] Built target std_msgs_generate_messages_py
[  0%] Built target std_msgs_generate_messages_lisp
[  0%] Built target topic_tools_generate_messages_cpp
[  0%] Built target rosgraph_msgs_generate_messages_eus
[  0%] Built target topic_tools_generate_messages_eus
[  0%] Built target roscpp_generate_messages_nodejs
[  0%] Built target _ipe_v4_2_generate_messages_check_deps_Anchor
[  0%] Built target roscpp_generate_messages_cpp
[  0%] Built target std_msgs_generate_messages_nodejs
[  0%] Built target roscpp_generate_messages_py
[  0%] Built target topic_tools_generate_messages_py
[  0%] Built target rosgraph_msgs_generate_messages_py
[  0%] Built target topic_tools_generate_messages_nodejs
[  0%] Built target roscpp_generate_messages_eus
[  0%] Built target roscpp_generate_messages_lisp
[  0%] Built target rosgraph_msgs_generate_messages_lisp
[  0%] Built target rosgraph_msgs_generate_messages_nodejs
[  0%] Built target std_srvs_generate_messages_cpp
[  0%] Built target topic_tools_generate_messages_lisp
[  0%] Built target std_srvs_generate_messages_eus
[  0%] Built target std_msgs_generate_messages_cpp
[  0%] Built target std_srvs_generate_messages_lisp
[  2%] Built target std_srvs_generate_messages_nodejs
[  8%] Built target ipe_v4_2_generate_messages_py
[  8%] Built target ipe_v4_2_generate_messages_eus
[  8%] Built target rosgraph_msgs_generate_messages_cpp
[ 10%] Built target ipe_v4_2_generate_messages_lisp
[ 13%] Built target ipe_v4_2_generate_messages_nodejs
[ 15%] Built target ipe_v4_2_generate_messages_cpp
[35m[1mScanning dependencies of target ipe_v4_2[0m
[ 15%] Built target ipe_v4_2_generate_messages
[ 17%] [32mBuilding CXX object CMakeFiles/ipe_v4_2.dir/src/slamsubscriber_ipe_v4_2.cpp.o[0m
[01m[K/home/keti/catkin_ws/src/ipe_v4_2/src/slamsubscriber_ipe_v4_2.cpp:56:87:[m[K [01;31m[Kerror: [m[K‘[01m[Kstring[m[K’ has not been declared
   56 | void SlamSubscriber::sendUDPMessage(double center_x, double center_y, double heading, [01;31m[Kstring[m[K in_out) {
      |                                                                                       [01;31m[K^~~~~~[m[K
[01m[K/home/keti/catkin_ws/src/ipe_v4_2/src/slamsubscriber_ipe_v4_2.cpp:56:6:[m[K [01;31m[Kerror: [m[Kno declaration matches ‘[01m[Kvoid SlamSubscriber::sendUDPMessage(double, double, double, int)[m[K’
   56 | void [01;31m[KSlamSubscriber[m[K::sendUDPMessage(double center_x, double center_y, double heading, string in_out) {
      |      [01;31m[K^~~~~~~~~~~~~~[m[K
In file included from [01m[K/home/keti/catkin_ws/src/ipe_v4_2/src/slamsubscriber_ipe_v4_2.cpp:2[m[K:
[01m[K/home/keti/catkin_ws/src/ipe_v4_2/include/slamsubscriber_ipe_v4_2.h:64:10:[m[K [01;36m[Knote: [m[Kcandidate is: ‘[01m[Kvoid SlamSubscriber::sendUDPMessage(double, double, double)[m[K’
   64 |     void [01;36m[KsendUDPMessage[m[K(double center_x, double center_y, double heading);
      |          [01;36m[K^~~~~~~~~~~~~~[m[K
[01m[K/home/keti/catkin_ws/src/ipe_v4_2/include/slamsubscriber_ipe_v4_2.h:32:7:[m[K [01;36m[Knote: [m[K‘[01m[Kclass SlamSubscriber[m[K’ defined here
   32 | class [01;36m[KSlamSubscriber[m[K : public PacketCallback {
      |       [01;36m[K^~~~~~~~~~~~~~[m[K
[01m[K/home/keti/catkin_ws/src/ipe_v4_2/src/slamsubscriber_ipe_v4_2.cpp:[m[K In member function ‘[01m[Kvoid SlamSubscriber::processPacketData(IPEDataPacket&, double, SensorData*)[m[K’:
[01m[K/home/keti/catkin_ws/src/ipe_v4_2/src/slamsubscriber_ipe_v4_2.cpp:197:19:[m[K [01;31m[Kerror: [m[Kno matching function for call to ‘[01m[KSlamSubscriber::sendUDPMessage(double&, double&, double&, std::string&)[m[K’
  197 |     [01;31m[KsendUDPMessage(PositionOut[0], PositionOut[1], PositionOut[3], in_out)[m[K; //  result (joo.hy)
      |     [01;31m[K~~~~~~~~~~~~~~^~~~~~~~~~~~~~~~~~~~~~~~~~~~~~~~~~~~~~~~~~~~~~~~~~~~~~~~[m[K
In file included from [01m[K/home/keti/catkin_ws/src/ipe_v4_2/src/slamsubscriber_ipe_v4_2.cpp:2[m[K:
[01m[K/home/keti/catkin_ws/src/ipe_v4_2/include/slamsubscriber_ipe_v4_2.h:64:10:[m[K [01;36m[Knote: [m[Kcandidate: ‘[01m[Kvoid SlamSubscriber::sendUDPMessage(double, double, double)[m[K’
   64 |     void [01;36m[KsendUDPMessage[m[K(double center_x, double center_y, double heading);
      |          [01;36m[K^~~~~~~~~~~~~~[m[K
[01m[K/home/keti/catkin_ws/src/ipe_v4_2/include/slamsubscriber_ipe_v4_2.h:64:10:[m[K [01;36m[Knote: [m[K  candidate expects 3 arguments, 4 provided
make[2]: *** [CMakeFiles/ipe_v4_2.dir/build.make:128: CMakeFiles/ipe_v4_2.dir/src/slamsubscriber_ipe_v4_2.cpp.o] Error 1
make[1]: *** [CMakeFiles/Makefile2:209: CMakeFiles/ipe_v4_2.dir/all] Error 2
make: *** [Makefile:141: all] Error 2
