In file included from [01m[K/home/keti/catkin_ws/src/ipe_v4_2/src/slamsubscriber_ipe_v4_2.cpp:2[m[K:
[01m[K/home/keti/catkin_ws/src/ipe_v4_2/include/slamsubscriber_ipe_v4_2.h:22:1:[m[K [01;31m[Kerror: [m[K‘[01m[Kinclude[m[K’ does not name a type
   22 | [01;31m[Kinclude[m[K "PositioningSystem_V4_2.h" // Changed 2024.06.17 (joo.hy)
      | [01;31m[K^~~~~~~[m[K
[01m[K/home/keti/catkin_ws/src/ipe_v4_2/src/slamsubscriber_ipe_v4_2.cpp:7:1:[m[K [01;31m[Kerror: [m[K‘[01m[KSlamSubscriber[m[K’ does not name a type; did you mean ‘[01m[KUwbSubscriber[m[K’?
    7 | [01;31m[KSlamSubscriber[m[K::SlamSubscriber(ros::NodeHandle& _node, IPECallback* _ipeCallback)
      | [01;31m[K^~~~~~~~~~~~~~[m[K
      | [32m[KUwbSubscriber[m[K
[01m[K/home/keti/catkin_ws/src/ipe_v4_2/src/slamsubscriber_ipe_v4_2.cpp:15:1:[m[K [01;31m[Kerror: [m[K‘[01m[KSlamSubscriber[m[K’ does not name a type; did you mean ‘[01m[KUwbSubscriber[m[K’?
   15 | [01;31m[KSlamSubscriber[m[K::~SlamSubscriber() {
      | [01;31m[K^~~~~~~~~~~~~~[m[K
      | [32m[KUwbSubscriber[m[K
[01m[K/home/keti/catkin_ws/src/ipe_v4_2/src/slamsubscriber_ipe_v4_2.cpp:18:6:[m[K [01;31m[Kerror: [m[K‘[01m[KSlamSubscriber[m[K’ has not been declared
   18 | void [01;31m[KSlamSubscriber[m[K::operator()(IPEDataPacket &packet, double timestamp, SensorData* data) {
      |      [01;31m[K^~~~~~~~~~~~~~[m[K
[01m[K/home/keti/catkin_ws/src/ipe_v4_2/src/slamsubscriber_ipe_v4_2.cpp:18:6:[m[K [01;31m[Kerror: [m[K‘[01m[Kvoid operator()(IPEDataPacket&, double, SensorData*)[m[K’ must be a non-static member function
[01m[K/home/keti/catkin_ws/src/ipe_v4_2/src/slamsubscriber_ipe_v4_2.cpp:23:6:[m[K [01;31m[Kerror: [m[K‘[01m[KSlamSubscriber[m[K’ has not been declared
   23 | void [01;31m[KSlamSubscriber[m[K::registerCallback(const std::function<void(int)>& _callback) {
      |      [01;31m[K^~~~~~~~~~~~~~[m[K
[01m[K/home/keti/catkin_ws/src/ipe_v4_2/src/slamsubscriber_ipe_v4_2.cpp:[m[K In function ‘[01m[Kvoid registerCallback(const std::function<void(int)>&)[m[K’:
[01m[K/home/keti/catkin_ws/src/ipe_v4_2/src/slamsubscriber_ipe_v4_2.cpp:24:5:[m[K [01;31m[Kerror: [m[K‘[01m[Kcallbacks[m[K’ was not declared in this scope; did you mean ‘[01m[K_callback[m[K’?
   24 |     [01;31m[Kcallbacks[m[K.push_back(_callback);
      |     [01;31m[K^~~~~~~~~[m[K
      |     [32m[K_callback[m[K
[01m[K/home/keti/catkin_ws/src/ipe_v4_2/src/slamsubscriber_ipe_v4_2.cpp:[m[K At global scope:
[01m[K/home/keti/catkin_ws/src/ipe_v4_2/src/slamsubscriber_ipe_v4_2.cpp:27:13:[m[K [01;31m[Kerror: [m[K‘[01m[KSlamSubscriber[m[K’ has not been declared
   27 | std::string [01;31m[KSlamSubscriber[m[K::getPacketFrameID() {
      |             [01;31m[K^~~~~~~~~~~~~~[m[K
[01m[K/home/keti/catkin_ws/src/ipe_v4_2/src/slamsubscriber_ipe_v4_2.cpp:[m[K In function ‘[01m[Kstd::string getPacketFrameID()[m[K’:
[01m[K/home/keti/catkin_ws/src/ipe_v4_2/src/slamsubscriber_ipe_v4_2.cpp:28:12:[m[K [01;31m[Kerror: [m[K‘[01m[KpacketFrameID[m[K’ was not declared in this scope; did you mean ‘[01m[KgetPacketFrameID[m[K’?
   28 |     return [01;31m[KpacketFrameID[m[K = m_frameId;
      |            [01;31m[K^~~~~~~~~~~~~[m[K
      |            [32m[KgetPacketFrameID[m[K
[01m[K/home/keti/catkin_ws/src/ipe_v4_2/src/slamsubscriber_ipe_v4_2.cpp:28:28:[m[K [01;31m[Kerror: [m[K‘[01m[Km_frameId[m[K’ was not declared in this scope
   28 |     return packetFrameID = [01;31m[Km_frameId[m[K;
      |                            [01;31m[K^~~~~~~~~[m[K
[01m[K/home/keti/catkin_ws/src/ipe_v4_2/src/slamsubscriber_ipe_v4_2.cpp:[m[K At global scope:
[01m[K/home/keti/catkin_ws/src/ipe_v4_2/src/slamsubscriber_ipe_v4_2.cpp:31:6:[m[K [01;31m[Kerror: [m[K‘[01m[KSlamSubscriber[m[K’ has not been declared
   31 | void [01;31m[KSlamSubscriber[m[K::setupSubscriber(ros::NodeHandle& node) {
      |      [01;31m[K^~~~~~~~~~~~~~[m[K
[01m[K/home/keti/catkin_ws/src/ipe_v4_2/src/slamsubscriber_ipe_v4_2.cpp:[m[K In function ‘[01m[Kvoid setupSubscriber(ros::NodeHandle&)[m[K’:
[01m[K/home/keti/catkin_ws/src/ipe_v4_2/src/slamsubscriber_ipe_v4_2.cpp:33:5:[m[K [01;31m[Kerror: [m[K‘[01m[Ktopic_name_stream[m[K’ was not declared in this scope; did you mean ‘[01m[Kopen_wmemstream[m[K’?
   33 |     [01;31m[Ktopic_name_stream[m[K << "/orb_slam3/camera_pose";
      |     [01;31m[K^~~~~~~~~~~~~~~~~[m[K
      |     [32m[Kopen_wmemstream[m[K
[01m[K/home/keti/catkin_ws/src/ipe_v4_2/src/slamsubscriber_ipe_v4_2.cpp:37:5:[m[K [01;31m[Kerror: [m[K‘[01m[Ksub_slam[m[K’ was not declared in this scope
   37 |     [01;31m[Ksub_slam[m[K = node.subscribe<geometry_msgs::PoseStamped>(topic_name, 10, &SlamSubscriber::_callback, this);
      |     [01;31m[K^~~~~~~~[m[K
[01m[K/home/keti/catkin_ws/src/ipe_v4_2/src/slamsubscriber_ipe_v4_2.cpp:37:76:[m[K [01;31m[Kerror: [m[K‘[01m[KSlamSubscriber[m[K’ has not been declared
   37 |     sub_slam = node.subscribe<geometry_msgs::PoseStamped>(topic_name, 10, &[01;31m[KSlamSubscriber[m[K::_callback, this);
      |                                                                            [01;31m[K^~~~~~~~~~~~~~[m[K
[01m[K/home/keti/catkin_ws/src/ipe_v4_2/src/slamsubscriber_ipe_v4_2.cpp:37:103:[m[K [01;31m[Kerror: [m[Kinvalid use of ‘[01m[Kthis[m[K’ in non-member function
   37 |     sub_slam = node.subscribe<geometry_msgs::PoseStamped>(topic_name, 10, &SlamSubscriber::_callback, [01;31m[Kthis[m[K);
      |                                                                                                       [01;31m[K^~~~[m[K
[01m[K/home/keti/catkin_ws/src/ipe_v4_2/src/slamsubscriber_ipe_v4_2.cpp:[m[K At global scope:
[01m[K/home/keti/catkin_ws/src/ipe_v4_2/src/slamsubscriber_ipe_v4_2.cpp:41:6:[m[K [01;31m[Kerror: [m[K‘[01m[KSlamSubscriber[m[K’ has not been declared
   41 | void [01;31m[KSlamSubscriber[m[K::_callback(const geometry_msgs::PoseStamped::ConstPtr& msg) {
      |      [01;31m[K^~~~~~~~~~~~~~[m[K
[01m[K/home/keti/catkin_ws/src/ipe_v4_2/src/slamsubscriber_ipe_v4_2.cpp:[m[K In function ‘[01m[Kvoid _callback(const ConstPtr&)[m[K’:
[01m[K/home/keti/catkin_ws/src/ipe_v4_2/src/slamsubscriber_ipe_v4_2.cpp:43:5:[m[K [01;31m[Kerror: [m[K‘[01m[Km_ipeDataPacket[m[K’ was not declared in this scope; did you mean ‘[01m[KIPEDataPacket[m[K’?
   43 |     [01;31m[Km_ipeDataPacket[m[K = IPEDataPacket(msg);
      |     [01;31m[K^~~~~~~~~~~~~~~[m[K
      |     [32m[KIPEDataPacket[m[K
[01m[K/home/keti/catkin_ws/src/ipe_v4_2/src/slamsubscriber_ipe_v4_2.cpp:46:9:[m[K [01;31m[Kerror: [m[K‘[01m[Ko_ipeCallback[m[K’ was not declared in this scope; did you mean ‘[01m[KIPECallback[m[K’?
   46 |     if ([01;31m[Ko_ipeCallback[m[K) {
      |         [01;31m[K^~~~~~~~~~~~~[m[K
      |         [32m[KIPECallback[m[K
[01m[K/home/keti/catkin_ws/src/ipe_v4_2/src/slamsubscriber_ipe_v4_2.cpp:[m[K At global scope:
[01m[K/home/keti/catkin_ws/src/ipe_v4_2/src/slamsubscriber_ipe_v4_2.cpp:53:6:[m[K [01;31m[Kerror: [m[K‘[01m[KSlamSubscriber[m[K’ has not been declared
   53 | void [01;31m[KSlamSubscriber[m[K::sendUDPMessage(double center_x, double center_y, double heading) {
      |      [01;31m[K^~~~~~~~~~~~~~[m[K
[01m[K/home/keti/catkin_ws/src/ipe_v4_2/src/slamsubscriber_ipe_v4_2.cpp:[m[K In function ‘[01m[Kvoid sendUDPMessage(double, double, double)[m[K’:
[01m[K/home/keti/catkin_ws/src/ipe_v4_2/src/slamsubscriber_ipe_v4_2.cpp:58:5:[m[K [01;31m[Kerror: [m[K‘[01m[KsocketManager[m[K’ was not declared in this scope; did you mean ‘[01m[KSocketManager[m[K’?
   58 |     [01;31m[KsocketManager[m[K->broadcastUDPMessage(result);
      |     [01;31m[K^~~~~~~~~~~~~[m[K
      |     [32m[KSocketManager[m[K
[01m[K/home/keti/catkin_ws/src/ipe_v4_2/src/slamsubscriber_ipe_v4_2.cpp:[m[K At global scope:
[01m[K/home/keti/catkin_ws/src/ipe_v4_2/src/slamsubscriber_ipe_v4_2.cpp:62:6:[m[K [01;31m[Kerror: [m[K‘[01m[KSlamSubscriber[m[K’ has not been declared
   62 | void [01;31m[KSlamSubscriber[m[K::processPacketData(IPEDataPacket &packet, double timestamp, SensorData* newUWBData)
      |      [01;31m[K^~~~~~~~~~~~~~[m[K
[01m[K/home/keti/catkin_ws/src/ipe_v4_2/src/slamsubscriber_ipe_v4_2.cpp:[m[K In function ‘[01m[Kvoid processPacketData(IPEDataPacket&, double, SensorData*)[m[K’:
[01m[K/home/keti/catkin_ws/src/ipe_v4_2/src/slamsubscriber_ipe_v4_2.cpp:151:5:[m[K [01;31m[Kerror: [m[K‘[01m[Kpub_slam[m[K’ was not declared in this scope
  151 |     [01;31m[Kpub_slam[m[K.publish(ps);
      |     [01;31m[K^~~~~~~~[m[K
make[2]: *** [CMakeFiles/ipe_v4_2.dir/build.make:128: CMakeFiles/ipe_v4_2.dir/src/slamsubscriber_ipe_v4_2.cpp.o] Error 1
make[2]: *** Waiting for unfinished jobs....
In file included from [01m[K/home/keti/catkin_ws/src/ipe_v4_2/include/ipeinterface.h:62[m[K,
                 from [01m[K/home/keti/catkin_ws/src/ipe_v4_2/src/main.cpp:35[m[K:
[01m[K/home/keti/catkin_ws/src/ipe_v4_2/include/slamsubscriber_ipe_v4_2.h:22:1:[m[K [01;31m[Kerror: [m[K‘[01m[Kinclude[m[K’ does not name a type
   22 | [01;31m[Kinclude[m[K "PositioningSystem_V4_2.h" // Changed 2024.06.17 (joo.hy)
      | [01;31m[K^~~~~~~[m[K
In file included from [01m[K/home/keti/catkin_ws/src/ipe_v4_2/src/main.cpp:35[m[K:
[01m[K/home/keti/catkin_ws/src/ipe_v4_2/include/ipeinterface.h:91:5:[m[K [01;31m[Kerror: [m[K‘[01m[KSlamSubscriber[m[K’ does not name a type; did you mean ‘[01m[KUwbSubscriber[m[K’?
   91 |     [01;31m[KSlamSubscriber[m[K* o_slam;
      |     [01;31m[K^~~~~~~~~~~~~~[m[K
      |     [32m[KUwbSubscriber[m[K
In file included from [01m[K/home/keti/catkin_ws/src/ipe_v4_2/include/ipeinterface.h:62[m[K,
                 from [01m[K/home/keti/catkin_ws/src/ipe_v4_2/src/ipeinterface.cpp:34[m[K:
[01m[K/home/keti/catkin_ws/src/ipe_v4_2/include/slamsubscriber_ipe_v4_2.h:22:1:[m[K [01;31m[Kerror: [m[K‘[01m[Kinclude[m[K’ does not name a type
   22 | [01;31m[Kinclude[m[K "PositioningSystem_V4_2.h" // Changed 2024.06.17 (joo.hy)
      | [01;31m[K^~~~~~~[m[K
In file included from [01m[K/home/keti/catkin_ws/src/ipe_v4_2/src/ipeinterface.cpp:34[m[K:
[01m[K/home/keti/catkin_ws/src/ipe_v4_2/include/ipeinterface.h:91:5:[m[K [01;31m[Kerror: [m[K‘[01m[KSlamSubscriber[m[K’ does not name a type; did you mean ‘[01m[KUwbSubscriber[m[K’?
   91 |     [01;31m[KSlamSubscriber[m[K* o_slam;
      |     [01;31m[K^~~~~~~~~~~~~~[m[K
      |     [32m[KUwbSubscriber[m[K
[01m[K/home/keti/catkin_ws/src/ipe_v4_2/src/ipeinterface.cpp:[m[K In member function ‘[01m[Kvoid IPEInterface::registerSubcribers(ros::NodeHandle&)[m[K’:
[01m[K/home/keti/catkin_ws/src/ipe_v4_2/src/ipeinterface.cpp:90:5:[m[K [01;31m[Kerror: [m[K‘[01m[Ko_slam[m[K’ was not declared in this scope
   90 |     [01;31m[Ko_slam[m[K = new SlamSubscriber(_node, &o_ipeCallback);
      |     [01;31m[K^~~~~~[m[K
[01m[K/home/keti/catkin_ws/src/ipe_v4_2/src/ipeinterface.cpp:90:18:[m[K [01;31m[Kerror: [m[Kexpected type-specifier before ‘[01m[KSlamSubscriber[m[K’
   90 |     o_slam = new [01;31m[KSlamSubscriber[m[K(_node, &o_ipeCallback);
      |                  [01;31m[K^~~~~~~~~~~~~~[m[K
[01m[K/home/keti/catkin_ws/src/ipe_v4_2/src/ipeinterface.cpp:[m[K In member function ‘[01m[Kvoid IPEInterface::spinFor()[m[K’:
[01m[K/home/keti/catkin_ws/src/ipe_v4_2/src/ipeinterface.cpp:134:17:[m[K [01;31m[Kerror: [m[K‘[01m[KSlamSubscriber[m[K’ was not declared in this scope; did you mean ‘[01m[KUwbSubscriber[m[K’?
  134 |                 [01;31m[KSlamSubscriber[m[K* slamSub = dynamic_cast<SlamSubscriber*>(cb);
      |                 [01;31m[K^~~~~~~~~~~~~~[m[K
      |                 [32m[KUwbSubscriber[m[K
[01m[K/home/keti/catkin_ws/src/ipe_v4_2/src/ipeinterface.cpp:134:33:[m[K [01;31m[Kerror: [m[K‘[01m[KslamSub[m[K’ was not declared in this scope
  134 |                 SlamSubscriber* [01;31m[KslamSub[m[K = dynamic_cast<SlamSubscriber*>(cb);
      |                                 [01;31m[K^~~~~~~[m[K
[01m[K/home/keti/catkin_ws/src/ipe_v4_2/src/ipeinterface.cpp:134:56:[m[K [01;31m[Kerror: [m[K‘[01m[KSlamSubscriber[m[K’ does not name a type; did you mean ‘[01m[KUwbSubscriber[m[K’?
  134 |                 SlamSubscriber* slamSub = dynamic_cast<[01;31m[KSlamSubscriber[m[K*>(cb);
      |                                                        [01;31m[K^~~~~~~~~~~~~~[m[K
      |                                                        [32m[KUwbSubscriber[m[K
[01m[K/home/keti/catkin_ws/src/ipe_v4_2/src/ipeinterface.cpp:134:70:[m[K [01;31m[Kerror: [m[Kexpected ‘[01m[K>[m[K’ before ‘[01m[K*[m[K’ token
  134 |                 SlamSubscriber* slamSub = dynamic_cast<SlamSubscriber[01;31m[K*[m[K>(cb);
      |                                                                      [01;31m[K^[m[K
[01m[K/home/keti/catkin_ws/src/ipe_v4_2/src/ipeinterface.cpp:134:70:[m[K [01;31m[Kerror: [m[Kexpected ‘[01m[K([m[K’ before ‘[01m[K*[m[K’ token
  134 |                 SlamSubscriber* slamSub = dynamic_cast<SlamSubscriber[01;31m[K*[m[K>(cb);
      |                                                                      [01;31m[K^[m[K
      |                                                                      [32m[K([m[K
[01m[K/home/keti/catkin_ws/src/ipe_v4_2/src/ipeinterface.cpp:134:71:[m[K [01;31m[Kerror: [m[Kexpected primary-expression before ‘[01m[K>[m[K’ token
  134 |                 SlamSubscriber* slamSub = dynamic_cast<SlamSubscriber*[01;31m[K>[m[K(cb);
      |                                                                       [01;31m[K^[m[K
[01m[K/home/keti/catkin_ws/src/ipe_v4_2/src/ipeinterface.cpp:134:76:[m[K [01;31m[Kerror: [m[Kexpected ‘[01m[K)[m[K’ before ‘[01m[K;[m[K’ token
  134 |                 SlamSubscriber* slamSub = dynamic_cast<SlamSubscriber*>(cb)[01;31m[K;[m[K
      |                                                                            [01;31m[K^[m[K
      |                                                                            [32m[K)[m[K
make[2]: *** [CMakeFiles/ipe_v4_2.dir/build.make:89: CMakeFiles/ipe_v4_2.dir/src/main.cpp.o] Error 1
make[2]: *** [CMakeFiles/ipe_v4_2.dir/build.make:63: CMakeFiles/ipe_v4_2.dir/src/ipeinterface.cpp.o] Error 1
make[1]: *** [CMakeFiles/Makefile2:209: CMakeFiles/ipe_v4_2.dir/all] Error 2
make: *** [Makefile:141: all] Error 2
