[01m[K/home/keti/catkin_ws/src/ipe_v4_2/src/ipeinterface.cpp:[m[K In member function ‘[01m[Kvoid IPEInterface::testPositioning()[m[K’:
[01m[K/home/keti/catkin_ws/src/ipe_v4_2/src/ipeinterface.cpp:214:9:[m[K [01;31m[Kerror: [m[K‘[01m[Kstring[m[K’ was not declared in this scope
  214 |         [01;31m[Kstring[m[K bagfile_path;
      |         [01;31m[K^~~~~~[m[K
[01m[K/home/keti/catkin_ws/src/ipe_v4_2/src/ipeinterface.cpp:214:9:[m[K [01;36m[Knote: [m[Ksuggested alternatives:
In file included from [01m[K/usr/include/c++/11/string:39[m[K,
                 from [01m[K/opt/ros/noetic/include/ros/platform.h:38[m[K,
                 from [01m[K/opt/ros/noetic/include/ros/time.h:53[m[K,
                 from [01m[K/opt/ros/noetic/include/ros/ros.h:38[m[K,
                 from [01m[K/home/keti/catkin_ws/src/ipe_v4_2/include/ipeinterface.h:37[m[K,
                 from [01m[K/home/keti/catkin_ws/src/ipe_v4_2/src/ipeinterface.cpp:34[m[K:
[01m[K/usr/include/c++/11/bits/stringfwd.h:79:33:[m[K [01;36m[Knote: [m[K  ‘[01m[Kstd::string[m[K’
   79 |   typedef basic_string<char>    [01;36m[Kstring[m[K;
      |                                 [01;36m[K^~~~~~[m[K
In file included from [01m[K/usr/include/boost/lexical_cast/detail/converter_lexical.hpp:52[m[K,
                 from [01m[K/usr/include/boost/lexical_cast/try_lexical_convert.hpp:44[m[K,
                 from [01m[K/usr/include/boost/lexical_cast.hpp:32[m[K,
                 from [01m[K/opt/ros/noetic/include/ros/transport_hints.h:34[m[K,
                 from [01m[K/opt/ros/noetic/include/ros/subscribe_options.h:33[m[K,
                 from [01m[K/opt/ros/noetic/include/ros/node_handle.h:42[m[K,
                 from [01m[K/opt/ros/noetic/include/ros/ros.h:45[m[K,
                 from [01m[K/home/keti/catkin_ws/src/ipe_v4_2/include/ipeinterface.h:37[m[K,
                 from [01m[K/home/keti/catkin_ws/src/ipe_v4_2/src/ipeinterface.cpp:34[m[K:
[01m[K/usr/include/boost/container/container_fwd.hpp:191:31:[m[K [01;36m[Knote: [m[K  ‘[01m[Kboost::container::string[m[K’
  191 | typedef basic_string <char>   [01;36m[Kstring[m[K;
      |                               [01;36m[K^~~~~~[m[K
[01m[K/home/keti/catkin_ws/src/ipe_v4_2/src/ipeinterface.cpp:216:56:[m[K [01;31m[Kerror: [m[K‘[01m[Kbagfile_path[m[K’ was not declared in this scope
  216 |         ros::param::get("/ipe_v4_2_node/bagfile_path", [01;31m[Kbagfile_path[m[K);
      |                                                        [01;31m[K^~~~~~~~~~~~[m[K
make[2]: *** [CMakeFiles/ipe_v4_2.dir/build.make:63: CMakeFiles/ipe_v4_2.dir/src/ipeinterface.cpp.o] Error 1
make[1]: *** [CMakeFiles/Makefile2:209: CMakeFiles/ipe_v4_2.dir/all] Error 2
make: *** [Makefile:141: all] Error 2
