In file included from [01m[K/home/keti/catkin_ws/src/ipe_v4_2/src/slamsubscriber_ipe_v4_2.cpp:2[m[K:
[01m[K/home/keti/catkin_ws/src/ipe_v4_2/include/slamsubscriber_ipe_v4_2.h:63:1:[m[K [01;31m[Kerror: [m[K‘[01m[Ks[m[K’ does not name a type
   63 | [01;31m[Ks[m[K
      | [01;31m[K^[m[K
[01m[K/home/keti/catkin_ws/src/ipe_v4_2/src/slamsubscriber_ipe_v4_2.cpp:56:87:[m[K [01;31m[Kerror: [m[K‘[01m[Kstring[m[K’ has not been declared
   56 | void SlamSubscriber::sendUDPMessage(double center_x, double center_y, double heading, [01;31m[Kstring[m[K in_out) {
      |                                                                                       [01;31m[K^~~~~~[m[K
[01m[K/home/keti/catkin_ws/src/ipe_v4_2/src/slamsubscriber_ipe_v4_2.cpp:56:6:[m[K [01;31m[Kerror: [m[Kno declaration matches ‘[01m[Kvoid SlamSubscriber::sendUDPMessage(double, double, double, int)[m[K’
   56 | void [01;31m[KSlamSubscriber[m[K::sendUDPMessage(double center_x, double center_y, double heading, string in_out) {
      |      [01;31m[K^~~~~~~~~~~~~~[m[K
[01m[K/home/keti/catkin_ws/src/ipe_v4_2/src/slamsubscriber_ipe_v4_2.cpp:56:6:[m[K [01;36m[Knote: [m[Kno functions named ‘[01m[Kvoid SlamSubscriber::sendUDPMessage(double, double, double, int)[m[K’
In file included from [01m[K/home/keti/catkin_ws/src/ipe_v4_2/src/slamsubscriber_ipe_v4_2.cpp:2[m[K:
[01m[K/home/keti/catkin_ws/src/ipe_v4_2/include/slamsubscriber_ipe_v4_2.h:32:7:[m[K [01;36m[Knote: [m[K‘[01m[Kclass SlamSubscriber[m[K’ defined here
   32 | class [01;36m[KSlamSubscriber[m[K : public PacketCallback {
      |       [01;36m[K^~~~~~~~~~~~~~[m[K
[01m[K/home/keti/catkin_ws/src/ipe_v4_2/src/slamsubscriber_ipe_v4_2.cpp:[m[K In member function ‘[01m[Kvoid SlamSubscriber::processPacketData(IPEDataPacket&, double, SensorData*)[m[K’:
[01m[K/home/keti/catkin_ws/src/ipe_v4_2/src/slamsubscriber_ipe_v4_2.cpp:197:5:[m[K [01;31m[Kerror: [m[K‘[01m[KsendUDPMessage[m[K’ was not declared in this scope
  197 |     [01;31m[KsendUDPMessage[m[K(PositionOut[0], PositionOut[1], PositionOut[3], in_out); //  result (joo.hy)
      |     [01;31m[K^~~~~~~~~~~~~~[m[K
make[2]: *** [CMakeFiles/ipe_v4_2.dir/build.make:128: CMakeFiles/ipe_v4_2.dir/src/slamsubscriber_ipe_v4_2.cpp.o] Error 1
make[2]: *** Waiting for unfinished jobs....
In file included from [01m[K/home/keti/catkin_ws/src/ipe_v4_2/include/ipeinterface.h:62[m[K,
                 from [01m[K/home/keti/catkin_ws/src/ipe_v4_2/src/main.cpp:35[m[K:
[01m[K/home/keti/catkin_ws/src/ipe_v4_2/include/slamsubscriber_ipe_v4_2.h:63:1:[m[K [01;31m[Kerror: [m[K‘[01m[Ks[m[K’ does not name a type
   63 | [01;31m[Ks[m[K
      | [01;31m[K^[m[K
In file included from [01m[K/home/keti/catkin_ws/src/ipe_v4_2/include/ipeinterface.h:62[m[K,
                 from [01m[K/home/keti/catkin_ws/src/ipe_v4_2/src/ipeinterface.cpp:34[m[K:
[01m[K/home/keti/catkin_ws/src/ipe_v4_2/include/slamsubscriber_ipe_v4_2.h:63:1:[m[K [01;31m[Kerror: [m[K‘[01m[Ks[m[K’ does not name a type
   63 | [01;31m[Ks[m[K
      | [01;31m[K^[m[K
make[2]: *** [CMakeFiles/ipe_v4_2.dir/build.make:89: CMakeFiles/ipe_v4_2.dir/src/main.cpp.o] Error 1
make[2]: *** [CMakeFiles/ipe_v4_2.dir/build.make:63: CMakeFiles/ipe_v4_2.dir/src/ipeinterface.cpp.o] Error 1
make[1]: *** [CMakeFiles/Makefile2:209: CMakeFiles/ipe_v4_2.dir/all] Error 2
make: *** [Makefile:141: all] Error 2
