[  0%] Built target std_msgs_generate_messages_lisp
[  0%] Built target std_srvs_generate_messages_py
[  0%] Built target std_msgs_generate_messages_py
[  0%] Built target std_msgs_generate_messages_eus
[  0%] Built target rosgraph_msgs_generate_messages_eus
[  0%] Built target topic_tools_generate_messages_eus
[  0%] Built target roscpp_generate_messages_nodejs
[  0%] Built target roscpp_generate_messages_cpp
[  0%] Built target topic_tools_generate_messages_py
[  0%] Built target _ipe_v4_2_generate_messages_check_deps_Anchor
[  0%] Built target roscpp_generate_messages_py
[  0%] Built target std_msgs_generate_messages_nodejs
[  0%] Built target topic_tools_generate_messages_cpp
[  0%] Built target rosgraph_msgs_generate_messages_py
[  0%] Built target rosgraph_msgs_generate_messages_lisp
[  0%] Built target roscpp_generate_messages_lisp
[  0%] Built target topic_tools_generate_messages_nodejs
[  0%] Built target topic_tools_generate_messages_lisp
[  0%] Built target rosgraph_msgs_generate_messages_nodejs
[  0%] Built target std_srvs_generate_messages_cpp
[  0%] Built target roscpp_generate_messages_eus
[  0%] Built target std_msgs_generate_messages_cpp
[  0%] Built target std_srvs_generate_messages_eus
[  2%] Built target std_srvs_generate_messages_nodejs
[  4%] Built target ipe_v4_2_generate_messages_py
[  4%] Built target std_srvs_generate_messages_lisp
[  4%] Built target rosgraph_msgs_generate_messages_cpp
[  6%] Built target ipe_v4_2_generate_messages_nodejs
[  8%] Built target ipe_v4_2_generate_messages_cpp
[ 10%] Built target ipe_v4_2_generate_messages_lisp
[ 15%] Built target ipe_v4_2_generate_messages_eus
[ 15%] Built target ipe_v4_2_generate_messages
[ 95%] Built target ipe_v4_2
[100%] Built target ipe_v4_2_node
