Performing C SOURCE FILE Test CMAKE_HAVE_LIBC_PTHREAD failed with the following output:
Change Dir: /home/keti/catkin_ws/src/ipe_v4_2/build/CMakeFiles/CMakeTmp

Run Build Command(s):/usr/bin/make cmTC_44e03/fast && /usr/bin/make -f CMakeFiles/cmTC_44e03.dir/build.make CMakeFiles/cmTC_44e03.dir/build
make[1]: Entering directory '/home/keti/catkin_ws/src/ipe_v4_2/build/CMakeFiles/CMakeTmp'
Building C object CMakeFiles/cmTC_44e03.dir/src.c.o
/usr/bin/cc   -DCMAKE_HAVE_LIBC_PTHREAD   -o CMakeFiles/cmTC_44e03.dir/src.c.o   -c /home/keti/catkin_ws/src/ipe_v4_2/build/CMakeFiles/CMakeTmp/src.c
Linking C executable cmTC_44e03
/usr/bin/cmake -E cmake_link_script CMakeFiles/cmTC_44e03.dir/link.txt --verbose=1
/usr/bin/cc  -DCMAKE_HAVE_LIBC_PTHREAD    -rdynamic CMakeFiles/cmTC_44e03.dir/src.c.o  -o cmTC_44e03 
/usr/bin/ld: CMakeFiles/cmTC_44e03.dir/src.c.o: in function `main':
src.c:(.text+0x48): undefined reference to `pthread_create'
/usr/bin/ld: src.c:(.text+0x50): undefined reference to `pthread_detach'
/usr/bin/ld: src.c:(.text+0x5c): undefined reference to `pthread_join'
collect2: error: ld returned 1 exit status
make[1]: *** [CMakeFiles/cmTC_44e03.dir/build.make:87: cmTC_44e03] Error 1
make[1]: Leaving directory '/home/keti/catkin_ws/src/ipe_v4_2/build/CMakeFiles/CMakeTmp'
make: *** [Makefile:121: cmTC_44e03/fast] Error 2


Source file was:
#include <pthread.h>

void* test_func(void* data)
{
  return data;
}

int main(void)
{
  pthread_t thread;
  pthread_create(&thread, NULL, test_func, NULL);
  pthread_detach(thread);
  pthread_join(thread, NULL);
  pthread_atfork(NULL, NULL, NULL);
  pthread_exit(NULL);

  return 0;
}

Determining if the function pthread_create exists in the pthreads failed with the following output:
Change Dir: /home/keti/catkin_ws/src/ipe_v4_2/build/CMakeFiles/CMakeTmp

Run Build Command(s):/usr/bin/make cmTC_d7de5/fast && /usr/bin/make -f CMakeFiles/cmTC_d7de5.dir/build.make CMakeFiles/cmTC_d7de5.dir/build
make[1]: Entering directory '/home/keti/catkin_ws/src/ipe_v4_2/build/CMakeFiles/CMakeTmp'
Building C object CMakeFiles/cmTC_d7de5.dir/CheckFunctionExists.c.o
/usr/bin/cc   -DCHECK_FUNCTION_EXISTS=pthread_create   -o CMakeFiles/cmTC_d7de5.dir/CheckFunctionExists.c.o   -c /usr/share/cmake-3.16/Modules/CheckFunctionExists.c
Linking C executable cmTC_d7de5
/usr/bin/cmake -E cmake_link_script CMakeFiles/cmTC_d7de5.dir/link.txt --verbose=1
/usr/bin/cc  -DCHECK_FUNCTION_EXISTS=pthread_create    -rdynamic CMakeFiles/cmTC_d7de5.dir/CheckFunctionExists.c.o  -o cmTC_d7de5  -lpthreads 
/usr/bin/ld: cannot find -lpthreads
collect2: error: ld returned 1 exit status
make[1]: *** [CMakeFiles/cmTC_d7de5.dir/build.make:87: cmTC_d7de5] Error 1
make[1]: Leaving directory '/home/keti/catkin_ws/src/ipe_v4_2/build/CMakeFiles/CMakeTmp'
make: *** [Makefile:121: cmTC_d7de5/fast] Error 2



Performing C SOURCE FILE Test CMAKE_HAVE_LIBC_PTHREAD failed with the following output:
Change Dir: /home/keti/catkin_ws/src/ipe_v4_2/build/CMakeFiles/CMakeTmp

Run Build Command(s):/usr/bin/make cmTC_bae95/fast && /usr/bin/make -f CMakeFiles/cmTC_bae95.dir/build.make CMakeFiles/cmTC_bae95.dir/build
make[1]: Entering directory '/home/keti/catkin_ws/src/ipe_v4_2/build/CMakeFiles/CMakeTmp'
Building C object CMakeFiles/cmTC_bae95.dir/src.c.o
/usr/bin/cc   -DCMAKE_HAVE_LIBC_PTHREAD   -o CMakeFiles/cmTC_bae95.dir/src.c.o   -c /home/keti/catkin_ws/src/ipe_v4_2/build/CMakeFiles/CMakeTmp/src.c
Linking C executable cmTC_bae95
/usr/bin/cmake -E cmake_link_script CMakeFiles/cmTC_bae95.dir/link.txt --verbose=1
/usr/bin/cc  -DCMAKE_HAVE_LIBC_PTHREAD    -rdynamic CMakeFiles/cmTC_bae95.dir/src.c.o  -o cmTC_bae95 
/usr/bin/ld: CMakeFiles/cmTC_bae95.dir/src.c.o: in function `main':
src.c:(.text+0x48): undefined reference to `pthread_create'
/usr/bin/ld: src.c:(.text+0x50): undefined reference to `pthread_detach'
/usr/bin/ld: src.c:(.text+0x5c): undefined reference to `pthread_join'
collect2: error: ld returned 1 exit status
make[1]: *** [CMakeFiles/cmTC_bae95.dir/build.make:87: cmTC_bae95] Error 1
make[1]: Leaving directory '/home/keti/catkin_ws/src/ipe_v4_2/build/CMakeFiles/CMakeTmp'
make: *** [Makefile:121: cmTC_bae95/fast] Error 2


Source file was:
#include <pthread.h>

void* test_func(void* data)
{
  return data;
}

int main(void)
{
  pthread_t thread;
  pthread_create(&thread, NULL, test_func, NULL);
  pthread_detach(thread);
  pthread_join(thread, NULL);
  pthread_atfork(NULL, NULL, NULL);
  pthread_exit(NULL);

  return 0;
}

Determining if the function pthread_create exists in the pthreads failed with the following output:
Change Dir: /home/keti/catkin_ws/src/ipe_v4_2/build/CMakeFiles/CMakeTmp

Run Build Command(s):/usr/bin/make cmTC_ff4d1/fast && /usr/bin/make -f CMakeFiles/cmTC_ff4d1.dir/build.make CMakeFiles/cmTC_ff4d1.dir/build
make[1]: Entering directory '/home/keti/catkin_ws/src/ipe_v4_2/build/CMakeFiles/CMakeTmp'
Building C object CMakeFiles/cmTC_ff4d1.dir/CheckFunctionExists.c.o
/usr/bin/cc   -DCHECK_FUNCTION_EXISTS=pthread_create   -o CMakeFiles/cmTC_ff4d1.dir/CheckFunctionExists.c.o   -c /usr/share/cmake-3.16/Modules/CheckFunctionExists.c
Linking C executable cmTC_ff4d1
/usr/bin/cmake -E cmake_link_script CMakeFiles/cmTC_ff4d1.dir/link.txt --verbose=1
/usr/bin/cc  -DCHECK_FUNCTION_EXISTS=pthread_create    -rdynamic CMakeFiles/cmTC_ff4d1.dir/CheckFunctionExists.c.o  -o cmTC_ff4d1  -lpthreads 
/usr/bin/ld: cannot find -lpthreads
collect2: error: ld returned 1 exit status
make[1]: *** [CMakeFiles/cmTC_ff4d1.dir/build.make:87: cmTC_ff4d1] Error 1
make[1]: Leaving directory '/home/keti/catkin_ws/src/ipe_v4_2/build/CMakeFiles/CMakeTmp'
make: *** [Makefile:121: cmTC_ff4d1/fast] Error 2



Performing C SOURCE FILE Test CMAKE_HAVE_LIBC_PTHREAD failed with the following output:
Change Dir: /home/keti/catkin_ws/src/ipe_v4_2/build/CMakeFiles/CMakeTmp

Run Build Command(s):/usr/bin/make cmTC_19590/fast && /usr/bin/make -f CMakeFiles/cmTC_19590.dir/build.make CMakeFiles/cmTC_19590.dir/build
make[1]: Entering directory '/home/keti/catkin_ws/src/ipe_v4_2/build/CMakeFiles/CMakeTmp'
Building C object CMakeFiles/cmTC_19590.dir/src.c.o
/usr/bin/cc   -DCMAKE_HAVE_LIBC_PTHREAD   -o CMakeFiles/cmTC_19590.dir/src.c.o   -c /home/keti/catkin_ws/src/ipe_v4_2/build/CMakeFiles/CMakeTmp/src.c
Linking C executable cmTC_19590
/usr/bin/cmake -E cmake_link_script CMakeFiles/cmTC_19590.dir/link.txt --verbose=1
/usr/bin/cc  -DCMAKE_HAVE_LIBC_PTHREAD    -rdynamic CMakeFiles/cmTC_19590.dir/src.c.o  -o cmTC_19590 
/usr/bin/ld: CMakeFiles/cmTC_19590.dir/src.c.o: in function `main':
src.c:(.text+0x48): undefined reference to `pthread_create'
/usr/bin/ld: src.c:(.text+0x50): undefined reference to `pthread_detach'
/usr/bin/ld: src.c:(.text+0x5c): undefined reference to `pthread_join'
collect2: error: ld returned 1 exit status
make[1]: *** [CMakeFiles/cmTC_19590.dir/build.make:87: cmTC_19590] Error 1
make[1]: Leaving directory '/home/keti/catkin_ws/src/ipe_v4_2/build/CMakeFiles/CMakeTmp'
make: *** [Makefile:121: cmTC_19590/fast] Error 2


Source file was:
#include <pthread.h>

void* test_func(void* data)
{
  return data;
}

int main(void)
{
  pthread_t thread;
  pthread_create(&thread, NULL, test_func, NULL);
  pthread_detach(thread);
  pthread_join(thread, NULL);
  pthread_atfork(NULL, NULL, NULL);
  pthread_exit(NULL);

  return 0;
}

Determining if the function pthread_create exists in the pthreads failed with the following output:
Change Dir: /home/keti/catkin_ws/src/ipe_v4_2/build/CMakeFiles/CMakeTmp

Run Build Command(s):/usr/bin/make cmTC_0add4/fast && /usr/bin/make -f CMakeFiles/cmTC_0add4.dir/build.make CMakeFiles/cmTC_0add4.dir/build
make[1]: Entering directory '/home/keti/catkin_ws/src/ipe_v4_2/build/CMakeFiles/CMakeTmp'
Building C object CMakeFiles/cmTC_0add4.dir/CheckFunctionExists.c.o
/usr/bin/cc   -DCHECK_FUNCTION_EXISTS=pthread_create   -o CMakeFiles/cmTC_0add4.dir/CheckFunctionExists.c.o   -c /usr/share/cmake-3.16/Modules/CheckFunctionExists.c
Linking C executable cmTC_0add4
/usr/bin/cmake -E cmake_link_script CMakeFiles/cmTC_0add4.dir/link.txt --verbose=1
/usr/bin/cc  -DCHECK_FUNCTION_EXISTS=pthread_create    -rdynamic CMakeFiles/cmTC_0add4.dir/CheckFunctionExists.c.o  -o cmTC_0add4  -lpthreads 
/usr/bin/ld: cannot find -lpthreads
collect2: error: ld returned 1 exit status
make[1]: *** [CMakeFiles/cmTC_0add4.dir/build.make:87: cmTC_0add4] Error 1
make[1]: Leaving directory '/home/keti/catkin_ws/src/ipe_v4_2/build/CMakeFiles/CMakeTmp'
make: *** [Makefile:121: cmTC_0add4/fast] Error 2



Performing C SOURCE FILE Test CMAKE_HAVE_LIBC_PTHREAD failed with the following output:
Change Dir: /home/keti/catkin_ws/src/ipe_v4_2/build/CMakeFiles/CMakeTmp

Run Build Command(s):/usr/bin/make cmTC_e7ac2/fast && /usr/bin/make -f CMakeFiles/cmTC_e7ac2.dir/build.make CMakeFiles/cmTC_e7ac2.dir/build
make[1]: Entering directory '/home/keti/catkin_ws/src/ipe_v4_2/build/CMakeFiles/CMakeTmp'
Building C object CMakeFiles/cmTC_e7ac2.dir/src.c.o
/usr/bin/cc   -DCMAKE_HAVE_LIBC_PTHREAD   -o CMakeFiles/cmTC_e7ac2.dir/src.c.o   -c /home/keti/catkin_ws/src/ipe_v4_2/build/CMakeFiles/CMakeTmp/src.c
Linking C executable cmTC_e7ac2
/usr/bin/cmake -E cmake_link_script CMakeFiles/cmTC_e7ac2.dir/link.txt --verbose=1
/usr/bin/cc  -DCMAKE_HAVE_LIBC_PTHREAD    -rdynamic CMakeFiles/cmTC_e7ac2.dir/src.c.o  -o cmTC_e7ac2 
/usr/bin/ld: CMakeFiles/cmTC_e7ac2.dir/src.c.o: in function `main':
src.c:(.text+0x48): undefined reference to `pthread_create'
/usr/bin/ld: src.c:(.text+0x50): undefined reference to `pthread_detach'
/usr/bin/ld: src.c:(.text+0x5c): undefined reference to `pthread_join'
collect2: error: ld returned 1 exit status
make[1]: *** [CMakeFiles/cmTC_e7ac2.dir/build.make:87: cmTC_e7ac2] Error 1
make[1]: Leaving directory '/home/keti/catkin_ws/src/ipe_v4_2/build/CMakeFiles/CMakeTmp'
make: *** [Makefile:121: cmTC_e7ac2/fast] Error 2


Source file was:
#include <pthread.h>

void* test_func(void* data)
{
  return data;
}

int main(void)
{
  pthread_t thread;
  pthread_create(&thread, NULL, test_func, NULL);
  pthread_detach(thread);
  pthread_join(thread, NULL);
  pthread_atfork(NULL, NULL, NULL);
  pthread_exit(NULL);

  return 0;
}

Determining if the function pthread_create exists in the pthreads failed with the following output:
Change Dir: /home/keti/catkin_ws/src/ipe_v4_2/build/CMakeFiles/CMakeTmp

Run Build Command(s):/usr/bin/make cmTC_ff6dd/fast && /usr/bin/make -f CMakeFiles/cmTC_ff6dd.dir/build.make CMakeFiles/cmTC_ff6dd.dir/build
make[1]: Entering directory '/home/keti/catkin_ws/src/ipe_v4_2/build/CMakeFiles/CMakeTmp'
Building C object CMakeFiles/cmTC_ff6dd.dir/CheckFunctionExists.c.o
/usr/bin/cc   -DCHECK_FUNCTION_EXISTS=pthread_create   -o CMakeFiles/cmTC_ff6dd.dir/CheckFunctionExists.c.o   -c /usr/share/cmake-3.16/Modules/CheckFunctionExists.c
Linking C executable cmTC_ff6dd
/usr/bin/cmake -E cmake_link_script CMakeFiles/cmTC_ff6dd.dir/link.txt --verbose=1
/usr/bin/cc  -DCHECK_FUNCTION_EXISTS=pthread_create    -rdynamic CMakeFiles/cmTC_ff6dd.dir/CheckFunctionExists.c.o  -o cmTC_ff6dd  -lpthreads 
/usr/bin/ld: cannot find -lpthreads
collect2: error: ld returned 1 exit status
make[1]: *** [CMakeFiles/cmTC_ff6dd.dir/build.make:87: cmTC_ff6dd] Error 1
make[1]: Leaving directory '/home/keti/catkin_ws/src/ipe_v4_2/build/CMakeFiles/CMakeTmp'
make: *** [Makefile:121: cmTC_ff6dd/fast] Error 2



Performing C SOURCE FILE Test CMAKE_HAVE_LIBC_PTHREAD failed with the following output:
Change Dir: /home/keti/catkin_ws/src/ipe_v4_2/build/CMakeFiles/CMakeTmp

Run Build Command(s):/usr/bin/make cmTC_b2c5c/fast && /usr/bin/make -f CMakeFiles/cmTC_b2c5c.dir/build.make CMakeFiles/cmTC_b2c5c.dir/build
make[1]: Entering directory '/home/keti/catkin_ws/src/ipe_v4_2/build/CMakeFiles/CMakeTmp'
Building C object CMakeFiles/cmTC_b2c5c.dir/src.c.o
/usr/bin/cc   -DCMAKE_HAVE_LIBC_PTHREAD   -o CMakeFiles/cmTC_b2c5c.dir/src.c.o   -c /home/keti/catkin_ws/src/ipe_v4_2/build/CMakeFiles/CMakeTmp/src.c
Linking C executable cmTC_b2c5c
/usr/bin/cmake -E cmake_link_script CMakeFiles/cmTC_b2c5c.dir/link.txt --verbose=1
/usr/bin/cc  -DCMAKE_HAVE_LIBC_PTHREAD    -rdynamic CMakeFiles/cmTC_b2c5c.dir/src.c.o  -o cmTC_b2c5c 
/usr/bin/ld: CMakeFiles/cmTC_b2c5c.dir/src.c.o: in function `main':
src.c:(.text+0x48): undefined reference to `pthread_create'
/usr/bin/ld: src.c:(.text+0x50): undefined reference to `pthread_detach'
/usr/bin/ld: src.c:(.text+0x5c): undefined reference to `pthread_join'
collect2: error: ld returned 1 exit status
make[1]: *** [CMakeFiles/cmTC_b2c5c.dir/build.make:87: cmTC_b2c5c] Error 1
make[1]: Leaving directory '/home/keti/catkin_ws/src/ipe_v4_2/build/CMakeFiles/CMakeTmp'
make: *** [Makefile:121: cmTC_b2c5c/fast] Error 2


Source file was:
#include <pthread.h>

void* test_func(void* data)
{
  return data;
}

int main(void)
{
  pthread_t thread;
  pthread_create(&thread, NULL, test_func, NULL);
  pthread_detach(thread);
  pthread_join(thread, NULL);
  pthread_atfork(NULL, NULL, NULL);
  pthread_exit(NULL);

  return 0;
}

Determining if the function pthread_create exists in the pthreads failed with the following output:
Change Dir: /home/keti/catkin_ws/src/ipe_v4_2/build/CMakeFiles/CMakeTmp

Run Build Command(s):/usr/bin/make cmTC_ce3ff/fast && /usr/bin/make -f CMakeFiles/cmTC_ce3ff.dir/build.make CMakeFiles/cmTC_ce3ff.dir/build
make[1]: Entering directory '/home/keti/catkin_ws/src/ipe_v4_2/build/CMakeFiles/CMakeTmp'
Building C object CMakeFiles/cmTC_ce3ff.dir/CheckFunctionExists.c.o
/usr/bin/cc   -DCHECK_FUNCTION_EXISTS=pthread_create   -o CMakeFiles/cmTC_ce3ff.dir/CheckFunctionExists.c.o   -c /usr/share/cmake-3.16/Modules/CheckFunctionExists.c
Linking C executable cmTC_ce3ff
/usr/bin/cmake -E cmake_link_script CMakeFiles/cmTC_ce3ff.dir/link.txt --verbose=1
/usr/bin/cc  -DCHECK_FUNCTION_EXISTS=pthread_create    -rdynamic CMakeFiles/cmTC_ce3ff.dir/CheckFunctionExists.c.o  -o cmTC_ce3ff  -lpthreads 
/usr/bin/ld: cannot find -lpthreads
collect2: error: ld returned 1 exit status
make[1]: *** [CMakeFiles/cmTC_ce3ff.dir/build.make:87: cmTC_ce3ff] Error 1
make[1]: Leaving directory '/home/keti/catkin_ws/src/ipe_v4_2/build/CMakeFiles/CMakeTmp'
make: *** [Makefile:121: cmTC_ce3ff/fast] Error 2



Performing C SOURCE FILE Test CMAKE_HAVE_LIBC_PTHREAD failed with the following output:
Change Dir: /home/keti/catkin_ws/src/ipe_v4_2/build/CMakeFiles/CMakeTmp

Run Build Command(s):/usr/bin/make cmTC_5b202/fast && /usr/bin/make -f CMakeFiles/cmTC_5b202.dir/build.make CMakeFiles/cmTC_5b202.dir/build
make[1]: Entering directory '/home/keti/catkin_ws/src/ipe_v4_2/build/CMakeFiles/CMakeTmp'
Building C object CMakeFiles/cmTC_5b202.dir/src.c.o
/usr/bin/cc   -DCMAKE_HAVE_LIBC_PTHREAD   -o CMakeFiles/cmTC_5b202.dir/src.c.o   -c /home/keti/catkin_ws/src/ipe_v4_2/build/CMakeFiles/CMakeTmp/src.c
Linking C executable cmTC_5b202
/usr/bin/cmake -E cmake_link_script CMakeFiles/cmTC_5b202.dir/link.txt --verbose=1
/usr/bin/cc  -DCMAKE_HAVE_LIBC_PTHREAD    -rdynamic CMakeFiles/cmTC_5b202.dir/src.c.o  -o cmTC_5b202 
/usr/bin/ld: CMakeFiles/cmTC_5b202.dir/src.c.o: in function `main':
src.c:(.text+0x48): undefined reference to `pthread_create'
/usr/bin/ld: src.c:(.text+0x50): undefined reference to `pthread_detach'
/usr/bin/ld: src.c:(.text+0x5c): undefined reference to `pthread_join'
collect2: error: ld returned 1 exit status
make[1]: *** [CMakeFiles/cmTC_5b202.dir/build.make:87: cmTC_5b202] Error 1
make[1]: Leaving directory '/home/keti/catkin_ws/src/ipe_v4_2/build/CMakeFiles/CMakeTmp'
make: *** [Makefile:121: cmTC_5b202/fast] Error 2


Source file was:
#include <pthread.h>

void* test_func(void* data)
{
  return data;
}

int main(void)
{
  pthread_t thread;
  pthread_create(&thread, NULL, test_func, NULL);
  pthread_detach(thread);
  pthread_join(thread, NULL);
  pthread_atfork(NULL, NULL, NULL);
  pthread_exit(NULL);

  return 0;
}

Determining if the function pthread_create exists in the pthreads failed with the following output:
Change Dir: /home/keti/catkin_ws/src/ipe_v4_2/build/CMakeFiles/CMakeTmp

Run Build Command(s):/usr/bin/make cmTC_dc01d/fast && /usr/bin/make -f CMakeFiles/cmTC_dc01d.dir/build.make CMakeFiles/cmTC_dc01d.dir/build
make[1]: Entering directory '/home/keti/catkin_ws/src/ipe_v4_2/build/CMakeFiles/CMakeTmp'
Building C object CMakeFiles/cmTC_dc01d.dir/CheckFunctionExists.c.o
/usr/bin/cc   -DCHECK_FUNCTION_EXISTS=pthread_create   -o CMakeFiles/cmTC_dc01d.dir/CheckFunctionExists.c.o   -c /usr/share/cmake-3.16/Modules/CheckFunctionExists.c
Linking C executable cmTC_dc01d
/usr/bin/cmake -E cmake_link_script CMakeFiles/cmTC_dc01d.dir/link.txt --verbose=1
/usr/bin/cc  -DCHECK_FUNCTION_EXISTS=pthread_create    -rdynamic CMakeFiles/cmTC_dc01d.dir/CheckFunctionExists.c.o  -o cmTC_dc01d  -lpthreads 
/usr/bin/ld: cannot find -lpthreads
collect2: error: ld returned 1 exit status
make[1]: *** [CMakeFiles/cmTC_dc01d.dir/build.make:87: cmTC_dc01d] Error 1
make[1]: Leaving directory '/home/keti/catkin_ws/src/ipe_v4_2/build/CMakeFiles/CMakeTmp'
make: *** [Makefile:121: cmTC_dc01d/fast] Error 2



Performing C SOURCE FILE Test CMAKE_HAVE_LIBC_PTHREAD failed with the following output:
Change Dir: /home/keti/catkin_ws/src/ipe_v4_2/build/CMakeFiles/CMakeTmp

Run Build Command(s):/usr/bin/make cmTC_a6a3c/fast && /usr/bin/make -f CMakeFiles/cmTC_a6a3c.dir/build.make CMakeFiles/cmTC_a6a3c.dir/build
make[1]: Entering directory '/home/keti/catkin_ws/src/ipe_v4_2/build/CMakeFiles/CMakeTmp'
Building C object CMakeFiles/cmTC_a6a3c.dir/src.c.o
/usr/bin/cc   -DCMAKE_HAVE_LIBC_PTHREAD   -o CMakeFiles/cmTC_a6a3c.dir/src.c.o   -c /home/keti/catkin_ws/src/ipe_v4_2/build/CMakeFiles/CMakeTmp/src.c
Linking C executable cmTC_a6a3c
/usr/bin/cmake -E cmake_link_script CMakeFiles/cmTC_a6a3c.dir/link.txt --verbose=1
/usr/bin/cc  -DCMAKE_HAVE_LIBC_PTHREAD    -rdynamic CMakeFiles/cmTC_a6a3c.dir/src.c.o  -o cmTC_a6a3c 
/usr/bin/ld: CMakeFiles/cmTC_a6a3c.dir/src.c.o: in function `main':
src.c:(.text+0x48): undefined reference to `pthread_create'
/usr/bin/ld: src.c:(.text+0x50): undefined reference to `pthread_detach'
/usr/bin/ld: src.c:(.text+0x5c): undefined reference to `pthread_join'
collect2: error: ld returned 1 exit status
make[1]: *** [CMakeFiles/cmTC_a6a3c.dir/build.make:87: cmTC_a6a3c] Error 1
make[1]: Leaving directory '/home/keti/catkin_ws/src/ipe_v4_2/build/CMakeFiles/CMakeTmp'
make: *** [Makefile:121: cmTC_a6a3c/fast] Error 2


Source file was:
#include <pthread.h>

void* test_func(void* data)
{
  return data;
}

int main(void)
{
  pthread_t thread;
  pthread_create(&thread, NULL, test_func, NULL);
  pthread_detach(thread);
  pthread_join(thread, NULL);
  pthread_atfork(NULL, NULL, NULL);
  pthread_exit(NULL);

  return 0;
}

Determining if the function pthread_create exists in the pthreads failed with the following output:
Change Dir: /home/keti/catkin_ws/src/ipe_v4_2/build/CMakeFiles/CMakeTmp

Run Build Command(s):/usr/bin/make cmTC_4671d/fast && /usr/bin/make -f CMakeFiles/cmTC_4671d.dir/build.make CMakeFiles/cmTC_4671d.dir/build
make[1]: Entering directory '/home/keti/catkin_ws/src/ipe_v4_2/build/CMakeFiles/CMakeTmp'
Building C object CMakeFiles/cmTC_4671d.dir/CheckFunctionExists.c.o
/usr/bin/cc   -DCHECK_FUNCTION_EXISTS=pthread_create   -o CMakeFiles/cmTC_4671d.dir/CheckFunctionExists.c.o   -c /usr/share/cmake-3.16/Modules/CheckFunctionExists.c
Linking C executable cmTC_4671d
/usr/bin/cmake -E cmake_link_script CMakeFiles/cmTC_4671d.dir/link.txt --verbose=1
/usr/bin/cc  -DCHECK_FUNCTION_EXISTS=pthread_create    -rdynamic CMakeFiles/cmTC_4671d.dir/CheckFunctionExists.c.o  -o cmTC_4671d  -lpthreads 
/usr/bin/ld: cannot find -lpthreads
collect2: error: ld returned 1 exit status
make[1]: *** [CMakeFiles/cmTC_4671d.dir/build.make:87: cmTC_4671d] Error 1
make[1]: Leaving directory '/home/keti/catkin_ws/src/ipe_v4_2/build/CMakeFiles/CMakeTmp'
make: *** [Makefile:121: cmTC_4671d/fast] Error 2



Performing C SOURCE FILE Test CMAKE_HAVE_LIBC_PTHREAD failed with the following output:
Change Dir: /home/keti/catkin_ws/src/ipe_v4_2/build/CMakeFiles/CMakeTmp

Run Build Command(s):/usr/bin/make cmTC_58e78/fast && /usr/bin/make -f CMakeFiles/cmTC_58e78.dir/build.make CMakeFiles/cmTC_58e78.dir/build
make[1]: Entering directory '/home/keti/catkin_ws/src/ipe_v4_2/build/CMakeFiles/CMakeTmp'
Building C object CMakeFiles/cmTC_58e78.dir/src.c.o
/usr/bin/cc   -DCMAKE_HAVE_LIBC_PTHREAD   -o CMakeFiles/cmTC_58e78.dir/src.c.o   -c /home/keti/catkin_ws/src/ipe_v4_2/build/CMakeFiles/CMakeTmp/src.c
Linking C executable cmTC_58e78
/usr/bin/cmake -E cmake_link_script CMakeFiles/cmTC_58e78.dir/link.txt --verbose=1
/usr/bin/cc  -DCMAKE_HAVE_LIBC_PTHREAD    -rdynamic CMakeFiles/cmTC_58e78.dir/src.c.o  -o cmTC_58e78 
/usr/bin/ld: CMakeFiles/cmTC_58e78.dir/src.c.o: in function `main':
src.c:(.text+0x48): undefined reference to `pthread_create'
/usr/bin/ld: src.c:(.text+0x50): undefined reference to `pthread_detach'
/usr/bin/ld: src.c:(.text+0x5c): undefined reference to `pthread_join'
collect2: error: ld returned 1 exit status
make[1]: *** [CMakeFiles/cmTC_58e78.dir/build.make:87: cmTC_58e78] Error 1
make[1]: Leaving directory '/home/keti/catkin_ws/src/ipe_v4_2/build/CMakeFiles/CMakeTmp'
make: *** [Makefile:121: cmTC_58e78/fast] Error 2


Source file was:
#include <pthread.h>

void* test_func(void* data)
{
  return data;
}

int main(void)
{
  pthread_t thread;
  pthread_create(&thread, NULL, test_func, NULL);
  pthread_detach(thread);
  pthread_join(thread, NULL);
  pthread_atfork(NULL, NULL, NULL);
  pthread_exit(NULL);

  return 0;
}

Determining if the function pthread_create exists in the pthreads failed with the following output:
Change Dir: /home/keti/catkin_ws/src/ipe_v4_2/build/CMakeFiles/CMakeTmp

Run Build Command(s):/usr/bin/make cmTC_0339f/fast && /usr/bin/make -f CMakeFiles/cmTC_0339f.dir/build.make CMakeFiles/cmTC_0339f.dir/build
make[1]: Entering directory '/home/keti/catkin_ws/src/ipe_v4_2/build/CMakeFiles/CMakeTmp'
Building C object CMakeFiles/cmTC_0339f.dir/CheckFunctionExists.c.o
/usr/bin/cc   -DCHECK_FUNCTION_EXISTS=pthread_create   -o CMakeFiles/cmTC_0339f.dir/CheckFunctionExists.c.o   -c /usr/share/cmake-3.16/Modules/CheckFunctionExists.c
Linking C executable cmTC_0339f
/usr/bin/cmake -E cmake_link_script CMakeFiles/cmTC_0339f.dir/link.txt --verbose=1
/usr/bin/cc  -DCHECK_FUNCTION_EXISTS=pthread_create    -rdynamic CMakeFiles/cmTC_0339f.dir/CheckFunctionExists.c.o  -o cmTC_0339f  -lpthreads 
/usr/bin/ld: cannot find -lpthreads
collect2: error: ld returned 1 exit status
make[1]: *** [CMakeFiles/cmTC_0339f.dir/build.make:87: cmTC_0339f] Error 1
make[1]: Leaving directory '/home/keti/catkin_ws/src/ipe_v4_2/build/CMakeFiles/CMakeTmp'
make: *** [Makefile:121: cmTC_0339f/fast] Error 2



Performing C SOURCE FILE Test CMAKE_HAVE_LIBC_PTHREAD failed with the following output:
Change Dir: /home/keti/catkin_ws/src/ipe_v4_2/build/CMakeFiles/CMakeTmp

Run Build Command(s):/usr/bin/make cmTC_25c9b/fast && /usr/bin/make -f CMakeFiles/cmTC_25c9b.dir/build.make CMakeFiles/cmTC_25c9b.dir/build
make[1]: Entering directory '/home/keti/catkin_ws/src/ipe_v4_2/build/CMakeFiles/CMakeTmp'
Building C object CMakeFiles/cmTC_25c9b.dir/src.c.o
/usr/bin/cc   -DCMAKE_HAVE_LIBC_PTHREAD   -o CMakeFiles/cmTC_25c9b.dir/src.c.o   -c /home/keti/catkin_ws/src/ipe_v4_2/build/CMakeFiles/CMakeTmp/src.c
Linking C executable cmTC_25c9b
/usr/bin/cmake -E cmake_link_script CMakeFiles/cmTC_25c9b.dir/link.txt --verbose=1
/usr/bin/cc  -DCMAKE_HAVE_LIBC_PTHREAD    -rdynamic CMakeFiles/cmTC_25c9b.dir/src.c.o  -o cmTC_25c9b 
/usr/bin/ld: CMakeFiles/cmTC_25c9b.dir/src.c.o: in function `main':
src.c:(.text+0x48): undefined reference to `pthread_create'
/usr/bin/ld: src.c:(.text+0x50): undefined reference to `pthread_detach'
/usr/bin/ld: src.c:(.text+0x5c): undefined reference to `pthread_join'
collect2: error: ld returned 1 exit status
make[1]: *** [CMakeFiles/cmTC_25c9b.dir/build.make:87: cmTC_25c9b] Error 1
make[1]: Leaving directory '/home/keti/catkin_ws/src/ipe_v4_2/build/CMakeFiles/CMakeTmp'
make: *** [Makefile:121: cmTC_25c9b/fast] Error 2


Source file was:
#include <pthread.h>

void* test_func(void* data)
{
  return data;
}

int main(void)
{
  pthread_t thread;
  pthread_create(&thread, NULL, test_func, NULL);
  pthread_detach(thread);
  pthread_join(thread, NULL);
  pthread_atfork(NULL, NULL, NULL);
  pthread_exit(NULL);

  return 0;
}

Determining if the function pthread_create exists in the pthreads failed with the following output:
Change Dir: /home/keti/catkin_ws/src/ipe_v4_2/build/CMakeFiles/CMakeTmp

Run Build Command(s):/usr/bin/make cmTC_919ce/fast && /usr/bin/make -f CMakeFiles/cmTC_919ce.dir/build.make CMakeFiles/cmTC_919ce.dir/build
make[1]: Entering directory '/home/keti/catkin_ws/src/ipe_v4_2/build/CMakeFiles/CMakeTmp'
Building C object CMakeFiles/cmTC_919ce.dir/CheckFunctionExists.c.o
/usr/bin/cc   -DCHECK_FUNCTION_EXISTS=pthread_create   -o CMakeFiles/cmTC_919ce.dir/CheckFunctionExists.c.o   -c /usr/share/cmake-3.16/Modules/CheckFunctionExists.c
Linking C executable cmTC_919ce
/usr/bin/cmake -E cmake_link_script CMakeFiles/cmTC_919ce.dir/link.txt --verbose=1
/usr/bin/cc  -DCHECK_FUNCTION_EXISTS=pthread_create    -rdynamic CMakeFiles/cmTC_919ce.dir/CheckFunctionExists.c.o  -o cmTC_919ce  -lpthreads 
/usr/bin/ld: cannot find -lpthreads
collect2: error: ld returned 1 exit status
make[1]: *** [CMakeFiles/cmTC_919ce.dir/build.make:87: cmTC_919ce] Error 1
make[1]: Leaving directory '/home/keti/catkin_ws/src/ipe_v4_2/build/CMakeFiles/CMakeTmp'
make: *** [Makefile:121: cmTC_919ce/fast] Error 2



