The system is: Windows - 10.0.19044 - AMD64
Compiling the C compiler identification source file "CMakeCCompilerId.c" succeeded.
Compiler: C:/Program Files/Microsoft Visual Studio/2022/Professional/VC/Tools/MSVC/14.34.31933/bin/Hostx86/x64/cl.exe 
Build flags: 
Id flags:  

The output was:
0
Microsoft (R) C/C++ 최적화 컴파일러 버전 19.34.31937(x64)
Copyright (c) Microsoft Corporation. All rights reserved.

CMakeCCompilerId.c
Microsoft (R) Incremental Linker Version 14.34.31937.0
Copyright (C) Microsoft Corporation.  All rights reserved.

/out:CMakeCCompilerId.exe 
CMakeCCompilerId.obj 


Compilation of the C compiler identification source "CMakeCCompilerId.c" produced "CMakeCCompilerId.exe"

Compilation of the C compiler identification source "CMakeCCompilerId.c" produced "CMakeCCompilerId.obj"

The C compiler identification is MSVC, found in "Z:/work/-K-AutoDrivingLocalization/src/positioning/matlab/ros_to_pc/custom_msgs/matlab_msg_gen_ros1/win64/build/CMakeFiles/3.19.7/CompilerIdC/CMakeCCompilerId.exe"

Compiling the CXX compiler identification source file "CMakeCXXCompilerId.cpp" succeeded.
Compiler: C:/Program Files/Microsoft Visual Studio/2022/Professional/VC/Tools/MSVC/14.34.31933/bin/Hostx86/x64/cl.exe 
Build flags: 
Id flags:  

The output was:
0
Microsoft (R) C/C++ 최적화 컴파일러 버전 19.34.31937(x64)
Copyright (c) Microsoft Corporation. All rights reserved.

CMakeCXXCompilerId.cpp
Microsoft (R) Incremental Linker Version 14.34.31937.0
Copyright (C) Microsoft Corporation.  All rights reserved.

/out:CMakeCXXCompilerId.exe 
CMakeCXXCompilerId.obj 


Compilation of the CXX compiler identification source "CMakeCXXCompilerId.cpp" produced "CMakeCXXCompilerId.exe"

Compilation of the CXX compiler identification source "CMakeCXXCompilerId.cpp" produced "CMakeCXXCompilerId.obj"

The CXX compiler identification is MSVC, found in "Z:/work/-K-AutoDrivingLocalization/src/positioning/matlab/ros_to_pc/custom_msgs/matlab_msg_gen_ros1/win64/build/CMakeFiles/3.19.7/CompilerIdCXX/CMakeCXXCompilerId.exe"

Detecting C compiler ABI info compiled with the following output:
Change Dir: Z:/work/-K-AutoDrivingLocalization/src/positioning/matlab/ros_to_pc/custom_msgs/matlab_msg_gen_ros1/win64/build/CMakeFiles/CMakeTmp

Run Build Command(s):C:/PROGRA~1/MATLAB/R2022b/toolbox/shared/coder/ninja/win64/ninja.exe cmTC_a2700 && [1/2] Building C object CMakeFiles\cmTC_a2700.dir\CMakeCCompilerABI.c.obj
[2/2] Linking C executable cmTC_a2700.exe



Detecting CXX compiler ABI info compiled with the following output:
Change Dir: Z:/work/-K-AutoDrivingLocalization/src/positioning/matlab/ros_to_pc/custom_msgs/matlab_msg_gen_ros1/win64/build/CMakeFiles/CMakeTmp

Run Build Command(s):C:/PROGRA~1/MATLAB/R2022b/toolbox/shared/coder/ninja/win64/ninja.exe cmTC_c69a6 && [1/2] Building CXX object CMakeFiles\cmTC_c69a6.dir\CMakeCXXCompilerABI.cpp.obj
[2/2] Linking CXX executable cmTC_c69a6.exe



