[  7%] Built target DBoW2
[  7%] Built target std_msgs_generate_messages_py
[  7%] Built target std_msgs_generate_messages_eus
[  7%] Built target std_msgs_generate_messages_nodejs
[  7%] Built target std_msgs_generate_messages_lisp
[  7%] Built target std_msgs_generate_messages_cpp
[ 41%] Built target g2o
[ 72%] Built target orb_slam3_ros
[ 72%] Built target _orb_slam3_ros_generate_messages_check_deps_SaveMap
[ 76%] Built target ros_rgbd_inertial
[ 79%] Built target ros_mono_inertial
[ 82%] Built target ros_rgbd
[ 85%] Built target ros_stereo
[ 86%] Built target orb_slam3_ros_generate_messages_cpp
[ 90%] Built target ros_stereo_inertial
[ 91%] Built target orb_slam3_ros_generate_messages_nodejs
[ 95%] Built target orb_slam3_ros_generate_messages_eus
[ 95%] Built target orb_slam3_ros_generate_messages_py
[ 98%] Built target ros_mono
[100%] Built target orb_slam3_ros_generate_messages_lisp
[100%] Built target orb_slam3_ros_generate_messages
