[  0%] Built target std_msgs_generate_messages_lisp
[  0%] Built target std_msgs_generate_messages_cpp
[  0%] Built target std_msgs_generate_messages_py
[  0%] Built target std_msgs_generate_messages_nodejs
[  7%] Built target DBoW2
[  7%] Built target std_msgs_generate_messages_eus
[ 41%] Built target g2o
[ 41%] Built target _orb_slam3_ros_generate_messages_check_deps_SaveMap
[ 52%] Built target orb_slam3_ros_generate_messages_eus
[ 52%] Built target orb_slam3_ros_generate_messages_nodejs
[ 52%] Built target orb_slam3_ros_generate_messages_lisp
[ 52%] Built target orb_slam3_ros_generate_messages_cpp
[ 53%] Built target orb_slam3_ros_generate_messages_py
[ 80%] Built target orb_slam3_ros
[ 80%] Built target orb_slam3_ros_generate_messages
[ 97%] Built target ros_stereo_inertial
[ 97%] Built target ros_mono_inertial
[ 97%] Built target ros_rgbd
[100%] Built target ros_mono
[100%] Built target ros_rgbd_inertial
[100%] Built target ros_stereo
