[  0%] Built target std_msgs_generate_messages_eus
[  0%] Built target std_msgs_generate_messages_py
[  7%] Built target DBoW2
[  7%] Built target std_msgs_generate_messages_lisp
[  7%] Built target std_msgs_generate_messages_nodejs
[  7%] Built target std_msgs_generate_messages_cpp
[ 41%] Built target g2o
[ 41%] Built target _orb_slam3_ros_generate_messages_check_deps_SaveMap
[ 48%] Built target orb_slam3_ros_generate_messages_lisp
[ 48%] Built target orb_slam3_ros_generate_messages_nodejs
[ 48%] Built target orb_slam3_ros_generate_messages_cpp
[ 51%] Built target orb_slam3_ros_generate_messages_py
[ 52%] Built target orb_slam3_ros_generate_messages_eus
[ 80%] Built target orb_slam3_ros
[ 80%] Built target orb_slam3_ros_generate_messages
[100%] Built target ros_stereo_inertial
[100%] Built target ros_rgbd_inertial
[100%] Built target ros_stereo
[100%] Built target ros_mono_inertial
[100%] Built target ros_rgbd
[100%] Built target ros_mono
