[  0%] Built target std_msgs_generate_messages_eus
[  0%] Built target std_msgs_generate_messages_nodejs
[  0%] Built target std_msgs_generate_messages_lisp
[  1%] Built target std_msgs_generate_messages_py
[  7%] Built target DBoW2
[  7%] Built target std_msgs_generate_messages_cpp
[ 41%] Built target g2o
[ 41%] Built target _orb_slam3_ros_generate_messages_check_deps_SaveMap
[ 72%] Built target orb_slam3_ros
[ 78%] Built target orb_slam3_ros_generate_messages_lisp
[ 80%] Built target orb_slam3_ros_generate_messages_py
[ 78%] Built target orb_slam3_ros_generate_messages_eus
[ 80%] Built target orb_slam3_ros_generate_messages_cpp
[ 78%] Built target orb_slam3_ros_generate_messages_nodejs
[ 80%] Built target orb_slam3_ros_generate_messages
[ 93%] Built target ros_stereo_inertial
[ 93%] Built target ros_mono_inertial
[ 93%] Built target ros_rgbd_inertial
[ 93%] Built target ros_mono
[ 96%] Built target ros_stereo
[100%] Built target ros_rgbd
