[  1%] Built target std_msgs_generate_messages_cpp
[  1%] Built target std_msgs_generate_messages_lisp
[  1%] Built target std_msgs_generate_messages_py
[  1%] Built target std_msgs_generate_messages_nodejs
[  5%] Built target std_msgs_generate_messages_eus
[  7%] Built target DBoW2
[ 41%] Built target g2o
[ 41%] Built target _orb_slam3_ros_generate_messages_check_deps_SaveMap
[ 72%] Built target orb_slam3_ros
[ 79%] Built target orb_slam3_ros_generate_messages_lisp
[ 79%] Built target orb_slam3_ros_generate_messages_nodejs
[ 80%] Built target orb_slam3_ros_generate_messages_eus
[ 79%] Built target orb_slam3_ros_generate_messages_cpp
[ 80%] Built target orb_slam3_ros_generate_messages_py
[ 80%] Built target orb_slam3_ros_generate_messages
[ 90%] Built target ros_rgbd_inertial
[ 90%] Built target ros_mono
[ 90%] Built target ros_stereo_inertial
[ 93%] Built target ros_stereo
[ 96%] Built target ros_mono_inertial
[100%] Built target ros_rgbd
