[  7%] Built target DBoW2
[  7%] Built target std_msgs_generate_messages_py
[  7%] Built target std_msgs_generate_messages_lisp
[  7%] Built target std_msgs_generate_messages_cpp
[  7%] Built target std_msgs_generate_messages_eus
[  7%] Built target std_msgs_generate_messages_nodejs
[ 41%] Built target g2o
[ 72%] Built target orb_slam3_ros
[ 72%] Built target _orb_slam3_ros_generate_messages_check_deps_SaveMap
[ 76%] Built target ros_mono
[ 79%] Built target ros_mono_inertial
[ 82%] Built target ros_rgbd
[ 83%] Built target orb_slam3_ros_generate_messages_nodejs
[ 86%] Built target ros_stereo_inertial
[ 90%] Built target orb_slam3_ros_generate_messages_py
[ 92%] Built target ros_stereo
[ 95%] Built target ros_rgbd_inertial
[ 96%] Built target orb_slam3_ros_generate_messages_cpp
[ 97%] Built target orb_slam3_ros_generate_messages_lisp
[100%] Built target orb_slam3_ros_generate_messages_eus
[100%] Built target orb_slam3_ros_generate_messages
