Linked: (/home/keti/catkin_ws/devel/.private/orb_slam3_ros/share/gennodejs/ros/orb_slam3_ros/_index.js, /home/keti/catkin_ws/devel/share/gennodejs/ros/orb_slam3_ros/_index.js)
Linked: (/home/keti/catkin_ws/devel/.private/orb_slam3_ros/share/gennodejs/ros/orb_slam3_ros/srv/SaveMap.js, /home/keti/catkin_ws/devel/share/gennodejs/ros/orb_slam3_ros/srv/SaveMap.js)
Linked: (/home/keti/catkin_ws/devel/.private/orb_slam3_ros/share/gennodejs/ros/orb_slam3_ros/srv/_index.js, /home/keti/catkin_ws/devel/share/gennodejs/ros/orb_slam3_ros/srv/_index.js)
Linked: (/home/keti/catkin_ws/devel/.private/orb_slam3_ros/share/common-lisp/ros/orb_slam3_ros/srv/_package_SaveMap.lisp, /home/keti/catkin_ws/devel/share/common-lisp/ros/orb_slam3_ros/srv/_package_SaveMap.lisp)
Linked: (/home/keti/catkin_ws/devel/.private/orb_slam3_ros/share/common-lisp/ros/orb_slam3_ros/srv/SaveMap.lisp, /home/keti/catkin_ws/devel/share/common-lisp/ros/orb_slam3_ros/srv/SaveMap.lisp)
Linked: (/home/keti/catkin_ws/devel/.private/orb_slam3_ros/share/common-lisp/ros/orb_slam3_ros/srv/orb_slam3_ros-srv.asd, /home/keti/catkin_ws/devel/share/common-lisp/ros/orb_slam3_ros/srv/orb_slam3_ros-srv.asd)
Linked: (/home/keti/catkin_ws/devel/.private/orb_slam3_ros/share/common-lisp/ros/orb_slam3_ros/srv/_package.lisp, /home/keti/catkin_ws/devel/share/common-lisp/ros/orb_slam3_ros/srv/_package.lisp)
Linked: (/home/keti/catkin_ws/devel/.private/orb_slam3_ros/share/roseus/ros/orb_slam3_ros/manifest.l, /home/keti/catkin_ws/devel/share/roseus/ros/orb_slam3_ros/manifest.l)
Linked: (/home/keti/catkin_ws/devel/.private/orb_slam3_ros/share/roseus/ros/orb_slam3_ros/srv/SaveMap.l, /home/keti/catkin_ws/devel/share/roseus/ros/orb_slam3_ros/srv/SaveMap.l)
Linked: (/home/keti/catkin_ws/devel/.private/orb_slam3_ros/share/orb_slam3_ros/cmake/orb_slam3_ros-msg-extras.cmake, /home/keti/catkin_ws/devel/share/orb_slam3_ros/cmake/orb_slam3_ros-msg-extras.cmake)
Linked: (/home/keti/catkin_ws/devel/.private/orb_slam3_ros/share/orb_slam3_ros/cmake/orb_slam3_rosConfig-version.cmake, /home/keti/catkin_ws/devel/share/orb_slam3_ros/cmake/orb_slam3_rosConfig-version.cmake)
Linked: (/home/keti/catkin_ws/devel/.private/orb_slam3_ros/share/orb_slam3_ros/cmake/orb_slam3_ros-msg-paths.cmake, /home/keti/catkin_ws/devel/share/orb_slam3_ros/cmake/orb_slam3_ros-msg-paths.cmake)
Linked: (/home/keti/catkin_ws/devel/.private/orb_slam3_ros/share/orb_slam3_ros/cmake/orb_slam3_rosConfig.cmake, /home/keti/catkin_ws/devel/share/orb_slam3_ros/cmake/orb_slam3_rosConfig.cmake)
Linked: (/home/keti/catkin_ws/devel/.private/orb_slam3_ros/lib/pkgconfig/orb_slam3_ros.pc, /home/keti/catkin_ws/devel/lib/pkgconfig/orb_slam3_ros.pc)
Linked: (/home/keti/catkin_ws/devel/.private/orb_slam3_ros/lib/python3/dist-packages/orb_slam3_ros/__init__.py, /home/keti/catkin_ws/devel/lib/python3/dist-packages/orb_slam3_ros/__init__.py)
Linked: (/home/keti/catkin_ws/devel/.private/orb_slam3_ros/lib/python3/dist-packages/orb_slam3_ros/srv/__init__.py, /home/keti/catkin_ws/devel/lib/python3/dist-packages/orb_slam3_ros/srv/__init__.py)
Linked: (/home/keti/catkin_ws/devel/.private/orb_slam3_ros/lib/python3/dist-packages/orb_slam3_ros/srv/_SaveMap.py, /home/keti/catkin_ws/devel/lib/python3/dist-packages/orb_slam3_ros/srv/_SaveMap.py)
Linked: (/home/keti/catkin_ws/devel/.private/orb_slam3_ros/lib/orb_slam3_ros/ros_stereo_inertial, /home/keti/catkin_ws/devel/lib/orb_slam3_ros/ros_stereo_inertial)
Linked: (/home/keti/catkin_ws/devel/.private/orb_slam3_ros/lib/orb_slam3_ros/ros_rgbd_inertial, /home/keti/catkin_ws/devel/lib/orb_slam3_ros/ros_rgbd_inertial)
Linked: (/home/keti/catkin_ws/devel/.private/orb_slam3_ros/lib/orb_slam3_ros/ros_mono_inertial, /home/keti/catkin_ws/devel/lib/orb_slam3_ros/ros_mono_inertial)
Linked: (/home/keti/catkin_ws/devel/.private/orb_slam3_ros/lib/orb_slam3_ros/ros_stereo, /home/keti/catkin_ws/devel/lib/orb_slam3_ros/ros_stereo)
Linked: (/home/keti/catkin_ws/devel/.private/orb_slam3_ros/lib/orb_slam3_ros/ros_mono, /home/keti/catkin_ws/devel/lib/orb_slam3_ros/ros_mono)
Linked: (/home/keti/catkin_ws/devel/.private/orb_slam3_ros/lib/orb_slam3_ros/ros_rgbd, /home/keti/catkin_ws/devel/lib/orb_slam3_ros/ros_rgbd)
Linked: (/home/keti/catkin_ws/devel/.private/orb_slam3_ros/include/orb_slam3_ros/SaveMapRequest.h, /home/keti/catkin_ws/devel/include/orb_slam3_ros/SaveMapRequest.h)
Linked: (/home/keti/catkin_ws/devel/.private/orb_slam3_ros/include/orb_slam3_ros/SaveMapResponse.h, /home/keti/catkin_ws/devel/include/orb_slam3_ros/SaveMapResponse.h)
Linked: (/home/keti/catkin_ws/devel/.private/orb_slam3_ros/include/orb_slam3_ros/SaveMap.h, /home/keti/catkin_ws/devel/include/orb_slam3_ros/SaveMap.h)
