[  0%] Built target std_msgs_generate_messages_eus
[  0%] Built target std_msgs_generate_messages_py
[  0%] Built target std_msgs_generate_messages_cpp
[  0%] Built target std_msgs_generate_messages_nodejs
[  7%] Built target DBoW2
[  7%] Built target std_msgs_generate_messages_lisp
[  7%] Built target _orb_slam3_ros_generate_messages_check_deps_SaveMap
[ 41%] Built target g2o
[ 72%] Built target orb_slam3_ros
[ 78%] Built target orb_slam3_ros_generate_messages_nodejs
[ 80%] Built target orb_slam3_ros_generate_messages_py
[ 80%] Built target orb_slam3_ros_generate_messages_cpp
[ 80%] Built target orb_slam3_ros_generate_messages_lisp
[ 80%] Built target orb_slam3_ros_generate_messages_eus
[ 91%] Built target ros_mono_inertial
[ 91%] Built target ros_rgbd_inertial
[ 93%] Built target ros_mono
[ 93%] Built target ros_stereo_inertial
[100%] Built target ros_rgbd
[100%] Built target ros_stereo
[100%] Built target orb_slam3_ros_generate_messages
