[  0%] Built target std_msgs_generate_messages_cpp
[  0%] Built target std_msgs_generate_messages_nodejs
[  0%] Built target std_msgs_generate_messages_py
[  0%] Built target std_msgs_generate_messages_eus
[  0%] Built target std_msgs_generate_messages_lisp
[  7%] Built target DBoW2
[  7%] Built target _orb_slam3_ros_generate_messages_check_deps_SaveMap
[ 41%] Built target g2o
[ 44%] Built target orb_slam3_ros_generate_messages_lisp
[ 47%] Built target orb_slam3_ros_generate_messages_eus
[ 47%] Built target orb_slam3_ros_generate_messages_cpp
[ 47%] Built target orb_slam3_ros_generate_messages_py
[ 48%] Built target orb_slam3_ros_generate_messages_nodejs
[ 80%] Built target orb_slam3_ros
[ 80%] Built target orb_slam3_ros_generate_messages
[ 94%] Built target ros_stereo_inertial
[ 94%] Built target ros_stereo
[ 96%] Built target ros_mono
[ 96%] Built target ros_rgbd
[ 96%] Built target ros_rgbd_inertial
[100%] Built target ros_mono_inertial
