[  0%] Built target std_msgs_generate_messages_nodejs
[  0%] Built target std_msgs_generate_messages_lisp
[  0%] Built target std_msgs_generate_messages_cpp
[  0%] Built target std_msgs_generate_messages_py
[  7%] Built target DBoW2
[  7%] Built target std_msgs_generate_messages_eus
[ 41%] Built target g2o
[ 41%] Built target _orb_slam3_ros_generate_messages_check_deps_SaveMap
[ 72%] Built target orb_slam3_ros
[ 75%] Built target orb_slam3_ros_generate_messages_nodejs
[ 77%] Built target orb_slam3_ros_generate_messages_py
[ 75%] Built target orb_slam3_ros_generate_messages_lisp
[ 78%] Built target orb_slam3_ros_generate_messages_cpp
[ 80%] Built target orb_slam3_ros_generate_messages_eus
[ 80%] Built target orb_slam3_ros_generate_messages
[ 86%] Built target ros_stereo_inertial
[ 86%] Built target ros_rgbd_inertial
[ 92%] Built target ros_stereo
[ 94%] Built target ros_rgbd
[ 96%] Built target ros_mono
[100%] Built target ros_mono_inertial
