[  0%] Built target std_msgs_generate_messages_cpp
[  7%] Built target DBoW2
[  7%] Built target std_msgs_generate_messages_lisp
[  7%] Built target std_msgs_generate_messages_eus
[  7%] Built target std_msgs_generate_messages_nodejs
[  7%] Built target std_msgs_generate_messages_py
[ 41%] Built target g2o
[ 41%] Built target _orb_slam3_ros_generate_messages_check_deps_SaveMap
[ 72%] Built target orb_slam3_ros
[ 73%] Built target orb_slam3_ros_generate_messages_nodejs
[ 75%] Built target orb_slam3_ros_generate_messages_cpp
[ 77%] Built target orb_slam3_ros_generate_messages_py
[ 80%] Built target ros_rgbd_inertial
[ 81%] Built target orb_slam3_ros_generate_messages_lisp
[ 84%] Built target ros_mono_inertial
[ 89%] Built target orb_slam3_ros_generate_messages_eus
[ 90%] Built target ros_stereo_inertial
[ 93%] Built target ros_mono
[ 96%] Built target ros_rgbd
[100%] Built target ros_stereo
[100%] Built target orb_slam3_ros_generate_messages
